<?xml version="1.0"?>
<link_info>
   <banner>TI ARM Linker Unix v15.12.1.LTS</banner>
   <copyright>Copyright (c) 1996-2015 Texas Instruments Incorporated</copyright>
   <link_time>0x596e5dd7</link_time>
   <link_errors>0x0</link_errors>
   <output_file>Modbus-CAN-ARM-Cortex-M3-serial.out</output_file>
   <entry_point>
      <name>_c_int00</name>
      <address>0x2063cd</address>
   </entry_point>
   <input_file_list>
      <input_file id="fl-2">
         <path>./Application/source/</path>
         <kind>object</kind>
         <file>Modbus_CAN.obj</file>
         <name>Modbus_CAN.obj</name>
      </input_file>
      <input_file id="fl-3">
         <path>./Application/source/</path>
         <kind>object</kind>
         <file>Modbus_OSL.obj</file>
         <name>Modbus_OSL.obj</name>
      </input_file>
      <input_file id="fl-4">
         <path>./Application/source/</path>
         <kind>object</kind>
         <file>Modbus_OSL_RTU.obj</file>
         <name>Modbus_OSL_RTU.obj</name>
      </input_file>
      <input_file id="fl-5">
         <path>./Application/source/</path>
         <kind>object</kind>
         <file>Modbus_OSL_Timers.obj</file>
         <name>Modbus_OSL_Timers.obj</name>
      </input_file>
      <input_file id="fl-6">
         <path>./Application/source/</path>
         <kind>object</kind>
         <file>Modbus_app.obj</file>
         <name>Modbus_app.obj</name>
      </input_file>
      <input_file id="fl-7">
         <path>./Application/source/</path>
         <kind>object</kind>
         <file>maintest_slave.obj</file>
         <name>maintest_slave.obj</name>
      </input_file>
      <input_file id="fl-8">
         <path>./F28M35H52C_System/driverlib/</path>
         <kind>object</kind>
         <file>can.obj</file>
         <name>can.obj</name>
      </input_file>
      <input_file id="fl-9">
         <path>./F28M35H52C_System/driverlib/</path>
         <kind>object</kind>
         <file>cpu.obj</file>
         <name>cpu.obj</name>
      </input_file>
      <input_file id="fl-a">
         <path>./F28M35H52C_System/driverlib/</path>
         <kind>object</kind>
         <file>dcsm.obj</file>
         <name>dcsm.obj</name>
      </input_file>
      <input_file id="fl-b">
         <path>./F28M35H52C_System/driverlib/</path>
         <kind>object</kind>
         <file>dcsm_z1_secvalues.obj</file>
         <name>dcsm_z1_secvalues.obj</name>
      </input_file>
      <input_file id="fl-c">
         <path>./F28M35H52C_System/driverlib/</path>
         <kind>object</kind>
         <file>dcsm_z2_secvalues.obj</file>
         <name>dcsm_z2_secvalues.obj</name>
      </input_file>
      <input_file id="fl-d">
         <path>./F28M35H52C_System/driverlib/</path>
         <kind>object</kind>
         <file>epi.obj</file>
         <name>epi.obj</name>
      </input_file>
      <input_file id="fl-e">
         <path>./F28M35H52C_System/driverlib/</path>
         <kind>object</kind>
         <file>ethernet.obj</file>
         <name>ethernet.obj</name>
      </input_file>
      <input_file id="fl-f">
         <path>./F28M35H52C_System/driverlib/</path>
         <kind>object</kind>
         <file>flash.obj</file>
         <name>flash.obj</name>
      </input_file>
      <input_file id="fl-10">
         <path>./F28M35H52C_System/driverlib/</path>
         <kind>object</kind>
         <file>gpio.obj</file>
         <name>gpio.obj</name>
      </input_file>
      <input_file id="fl-11">
         <path>./F28M35H52C_System/driverlib/</path>
         <kind>object</kind>
         <file>hwbist.obj</file>
         <name>hwbist.obj</name>
      </input_file>
      <input_file id="fl-12">
         <path>./F28M35H52C_System/driverlib/</path>
         <kind>object</kind>
         <file>hwbistcontext.obj</file>
         <name>hwbistcontext.obj</name>
      </input_file>
      <input_file id="fl-13">
         <path>./F28M35H52C_System/driverlib/</path>
         <kind>object</kind>
         <file>i2c.obj</file>
         <name>i2c.obj</name>
      </input_file>
      <input_file id="fl-14">
         <path>./F28M35H52C_System/driverlib/</path>
         <kind>object</kind>
         <file>interrupt.obj</file>
         <name>interrupt.obj</name>
      </input_file>
      <input_file id="fl-15">
         <path>./F28M35H52C_System/driverlib/</path>
         <kind>object</kind>
         <file>ipc.obj</file>
         <name>ipc.obj</name>
      </input_file>
      <input_file id="fl-16">
         <path>./F28M35H52C_System/driverlib/</path>
         <kind>object</kind>
         <file>ipc_lite.obj</file>
         <name>ipc_lite.obj</name>
      </input_file>
      <input_file id="fl-17">
         <path>./F28M35H52C_System/driverlib/</path>
         <kind>object</kind>
         <file>ipc_util.obj</file>
         <name>ipc_util.obj</name>
      </input_file>
      <input_file id="fl-18">
         <path>./F28M35H52C_System/driverlib/</path>
         <kind>object</kind>
         <file>mpu.obj</file>
         <name>mpu.obj</name>
      </input_file>
      <input_file id="fl-19">
         <path>./F28M35H52C_System/driverlib/</path>
         <kind>object</kind>
         <file>pbist.obj</file>
         <name>pbist.obj</name>
      </input_file>
      <input_file id="fl-1a">
         <path>./F28M35H52C_System/driverlib/</path>
         <kind>object</kind>
         <file>ram.obj</file>
         <name>ram.obj</name>
      </input_file>
      <input_file id="fl-1b">
         <path>./F28M35H52C_System/driverlib/</path>
         <kind>object</kind>
         <file>ssi.obj</file>
         <name>ssi.obj</name>
      </input_file>
      <input_file id="fl-1c">
         <path>./F28M35H52C_System/driverlib/</path>
         <kind>object</kind>
         <file>sysctl.obj</file>
         <name>sysctl.obj</name>
      </input_file>
      <input_file id="fl-1d">
         <path>./F28M35H52C_System/driverlib/</path>
         <kind>object</kind>
         <file>systick.obj</file>
         <name>systick.obj</name>
      </input_file>
      <input_file id="fl-1e">
         <path>./F28M35H52C_System/driverlib/</path>
         <kind>object</kind>
         <file>timer.obj</file>
         <name>timer.obj</name>
      </input_file>
      <input_file id="fl-1f">
         <path>./F28M35H52C_System/driverlib/</path>
         <kind>object</kind>
         <file>uart.obj</file>
         <name>uart.obj</name>
      </input_file>
      <input_file id="fl-20">
         <path>./F28M35H52C_System/driverlib/</path>
         <kind>object</kind>
         <file>ucrc.obj</file>
         <name>ucrc.obj</name>
      </input_file>
      <input_file id="fl-21">
         <path>./F28M35H52C_System/driverlib/</path>
         <kind>object</kind>
         <file>udma.obj</file>
         <name>udma.obj</name>
      </input_file>
      <input_file id="fl-22">
         <path>./F28M35H52C_System/driverlib/</path>
         <kind>object</kind>
         <file>usb.obj</file>
         <name>usb.obj</name>
      </input_file>
      <input_file id="fl-23">
         <path>./F28M35H52C_System/driverlib/</path>
         <kind>object</kind>
         <file>watchdog.obj</file>
         <name>watchdog.obj</name>
      </input_file>
      <input_file id="fl-24">
         <path>./F28M35H52C_System/utils/</path>
         <kind>object</kind>
         <file>Fapi_UserDefinedFunctions.obj</file>
         <name>Fapi_UserDefinedFunctions.obj</name>
      </input_file>
      <input_file id="fl-25">
         <path>./F28M35H52C_System/utils/</path>
         <kind>object</kind>
         <file>cmdline.obj</file>
         <name>cmdline.obj</name>
      </input_file>
      <input_file id="fl-26">
         <path>./F28M35H52C_System/utils/</path>
         <kind>object</kind>
         <file>cpu_usage.obj</file>
         <name>cpu_usage.obj</name>
      </input_file>
      <input_file id="fl-27">
         <path>./F28M35H52C_System/utils/</path>
         <kind>object</kind>
         <file>crc.obj</file>
         <name>crc.obj</name>
      </input_file>
      <input_file id="fl-28">
         <path>./F28M35H52C_System/utils/</path>
         <kind>object</kind>
         <file>isqrt.obj</file>
         <name>isqrt.obj</name>
      </input_file>
      <input_file id="fl-29">
         <path>./F28M35H52C_System/utils/</path>
         <kind>object</kind>
         <file>ringbuf.obj</file>
         <name>ringbuf.obj</name>
      </input_file>
      <input_file id="fl-2a">
         <path>./F28M35H52C_System/utils/</path>
         <kind>object</kind>
         <file>sine.obj</file>
         <name>sine.obj</name>
      </input_file>
      <input_file id="fl-2b">
         <path>./F28M35H52C_System/utils/</path>
         <kind>object</kind>
         <file>softssi.obj</file>
         <name>softssi.obj</name>
      </input_file>
      <input_file id="fl-2c">
         <path>./F28M35H52C_System/utils/</path>
         <kind>object</kind>
         <file>softuart.obj</file>
         <name>softuart.obj</name>
      </input_file>
      <input_file id="fl-2d">
         <path>./F28M35H52C_System/utils/</path>
         <kind>object</kind>
         <file>startup_ccs.obj</file>
         <name>startup_ccs.obj</name>
      </input_file>
      <input_file id="fl-2e">
         <path>./F28M35H52C_System/utils/</path>
         <kind>object</kind>
         <file>uartsmc.obj</file>
         <name>uartsmc.obj</name>
      </input_file>
      <input_file id="fl-2f">
         <path>./F28M35H52C_System/utils/</path>
         <kind>object</kind>
         <file>uartstdio.obj</file>
         <name>uartstdio.obj</name>
      </input_file>
      <input_file id="fl-30">
         <path>./F28M35H52C_System/utils/</path>
         <kind>object</kind>
         <file>ustdlib.obj</file>
         <name>ustdlib.obj</name>
      </input_file>
      <input_file id="fl-37">
         <path>/home/preetham/ti/ccsv6/tools/compiler/ti-cgt-arm_15.12.1.LTS/lib/</path>
         <kind>archive</kind>
         <file>rtsv7M3_T_le_eabi.lib</file>
         <name>boot.obj</name>
      </input_file>
      <input_file id="fl-38">
         <path>/home/preetham/ti/ccsv6/tools/compiler/ti-cgt-arm_15.12.1.LTS/lib/</path>
         <kind>archive</kind>
         <file>rtsv7M3_T_le_eabi.lib</file>
         <name>copy_decompress_none.obj</name>
      </input_file>
      <input_file id="fl-39">
         <path>/home/preetham/ti/ccsv6/tools/compiler/ti-cgt-arm_15.12.1.LTS/lib/</path>
         <kind>archive</kind>
         <file>rtsv7M3_T_le_eabi.lib</file>
         <name>copy_decompress_rle.obj</name>
      </input_file>
      <input_file id="fl-3a">
         <path>/home/preetham/ti/ccsv6/tools/compiler/ti-cgt-arm_15.12.1.LTS/lib/</path>
         <kind>archive</kind>
         <file>rtsv7M3_T_le_eabi.lib</file>
         <name>copy_zero_init.obj</name>
      </input_file>
      <input_file id="fl-3b">
         <path>/home/preetham/ti/ccsv6/tools/compiler/ti-cgt-arm_15.12.1.LTS/lib/</path>
         <kind>archive</kind>
         <file>rtsv7M3_T_le_eabi.lib</file>
         <name>exit.obj</name>
      </input_file>
      <input_file id="fl-3c">
         <path>/home/preetham/ti/ccsv6/tools/compiler/ti-cgt-arm_15.12.1.LTS/lib/</path>
         <kind>archive</kind>
         <file>rtsv7M3_T_le_eabi.lib</file>
         <name>memcpy_t2.obj</name>
      </input_file>
      <input_file id="fl-3d">
         <path>/home/preetham/ti/ccsv6/tools/compiler/ti-cgt-arm_15.12.1.LTS/lib/</path>
         <kind>archive</kind>
         <file>rtsv7M3_T_le_eabi.lib</file>
         <name>memset_t2.obj</name>
      </input_file>
      <input_file id="fl-3e">
         <path>/home/preetham/ti/ccsv6/tools/compiler/ti-cgt-arm_15.12.1.LTS/lib/</path>
         <kind>archive</kind>
         <file>rtsv7M3_T_le_eabi.lib</file>
         <name>mpu_init.obj</name>
      </input_file>
      <input_file id="fl-3f">
         <path>/home/preetham/ti/ccsv6/tools/compiler/ti-cgt-arm_15.12.1.LTS/lib/</path>
         <kind>archive</kind>
         <file>rtsv7M3_T_le_eabi.lib</file>
         <name>pre_init.obj</name>
      </input_file>
      <input_file id="fl-40">
         <path>/home/preetham/ti/ccsv6/tools/compiler/ti-cgt-arm_15.12.1.LTS/lib/</path>
         <kind>archive</kind>
         <file>rtsv7M3_T_le_eabi.lib</file>
         <name>stkdepth_vars.obj</name>
      </input_file>
      <input_file id="fl-41">
         <path>/home/preetham/ti/ccsv6/tools/compiler/ti-cgt-arm_15.12.1.LTS/lib/</path>
         <kind>archive</kind>
         <file>rtsv7M3_T_le_eabi.lib</file>
         <name>strcmp.obj</name>
      </input_file>
      <input_file id="fl-42">
         <path>/home/preetham/ti/ccsv6/tools/compiler/ti-cgt-arm_15.12.1.LTS/lib/</path>
         <kind>archive</kind>
         <file>rtsv7M3_T_le_eabi.lib</file>
         <name>strlen.obj</name>
      </input_file>
      <input_file id="fl-43">
         <path>/home/preetham/ti/ccsv6/tools/compiler/ti-cgt-arm_15.12.1.LTS/lib/</path>
         <kind>archive</kind>
         <file>rtsv7M3_T_le_eabi.lib</file>
         <name>strncmp.obj</name>
      </input_file>
      <input_file id="fl-44">
         <path>/home/preetham/ti/ccsv6/tools/compiler/ti-cgt-arm_15.12.1.LTS/lib/</path>
         <kind>archive</kind>
         <file>rtsv7M3_T_le_eabi.lib</file>
         <name>strncpy.obj</name>
      </input_file>
      <input_file id="fl-45">
         <path>/home/preetham/ti/ccsv6/tools/compiler/ti-cgt-arm_15.12.1.LTS/lib/</path>
         <kind>archive</kind>
         <file>rtsv7M3_T_le_eabi.lib</file>
         <name>u_divt2.obj</name>
      </input_file>
      <input_file id="fl-46">
         <path>/home/preetham/ti/ccsv6/tools/compiler/ti-cgt-arm_15.12.1.LTS/lib/</path>
         <kind>archive</kind>
         <file>rtsv7M3_T_le_eabi.lib</file>
         <name>_lock.obj</name>
      </input_file>
      <input_file id="fl-47">
         <path>/home/preetham/ti/ccsv6/tools/compiler/ti-cgt-arm_15.12.1.LTS/lib/</path>
         <kind>archive</kind>
         <file>rtsv7M3_T_le_eabi.lib</file>
         <name>args_main.obj</name>
      </input_file>
      <input_file id="fl-48">
         <path>/home/preetham/ti/ccsv6/tools/compiler/ti-cgt-arm_15.12.1.LTS/lib/</path>
         <kind>archive</kind>
         <file>rtsv7M3_T_le_eabi.lib</file>
         <name>autoinit.obj</name>
      </input_file>
      <input_file id="fl-49">
         <path>/home/preetham/ti/ccsv6/tools/compiler/ti-cgt-arm_15.12.1.LTS/lib/</path>
         <kind>archive</kind>
         <file>rtsv7M3_T_le_eabi.lib</file>
         <name>cpy_tbl.obj</name>
      </input_file>
      <input_file id="fl-4a">
         <path>/home/preetham/ti/ccsv6/tools/compiler/ti-cgt-arm_15.12.1.LTS/lib/</path>
         <kind>archive</kind>
         <file>rtsv7M3_T_le_eabi.lib</file>
         <name>i_div0.obj</name>
      </input_file>
      <input_file id="fl-4b">
         <path>/home/preetham/ti/ccsv6/tools/compiler/ti-cgt-arm_15.12.1.LTS/lib/</path>
         <kind>archive</kind>
         <file>rtsv7M3_T_le_eabi.lib</file>
         <name>startup.obj</name>
      </input_file>
   </input_file_list>
   <object_component_list>
      <object_component id="oc-1e">
         <name>.intvecs</name>
         <load_address>0x201000</load_address>
         <run_address>0x201000</run_address>
         <size>0x1b0</size>
         <input_file_ref idref="fl-2d"/>
      </object_component>
      <object_component id="oc-43">
         <name>.resetisr:ResetISR</name>
         <load_address>0x200030</load_address>
         <run_address>0x200030</run_address>
         <size>0x6</size>
         <input_file_ref idref="fl-2d"/>
      </object_component>
      <object_component id="oc-124">
         <name>.text:SysCtlClockPllConfig</name>
         <load_address>0x204000</load_address>
         <run_address>0x204000</run_address>
         <size>0x18c</size>
         <input_file_ref idref="fl-1c"/>
      </object_component>
      <object_component id="oc-fb">
         <name>.text:init</name>
         <load_address>0x20418c</load_address>
         <run_address>0x20418c</run_address>
         <size>0x180</size>
         <input_file_ref idref="fl-7"/>
      </object_component>
      <object_component id="oc-186">
         <name>.text:Modbus_OSL_Init</name>
         <load_address>0x20430c</load_address>
         <run_address>0x20430c</run_address>
         <size>0x16c</size>
         <input_file_ref idref="fl-3"/>
      </object_component>
      <object_component id="oc-12a">
         <name>.text:SysCtlClockDividersSet</name>
         <load_address>0x204478</load_address>
         <run_address>0x204478</run_address>
         <size>0x148</size>
         <input_file_ref idref="fl-1c"/>
      </object_component>
      <object_component id="oc-380">
         <name>.text:Modbus_App_Read_Write_M_Registers</name>
         <load_address>0x2045c0</load_address>
         <run_address>0x2045c0</run_address>
         <size>0x118</size>
         <input_file_ref idref="fl-6"/>
      </object_component>
      <object_component id="oc-3be">
         <name>.text:Modbus_App_Read_Write_M_Registers_Check</name>
         <load_address>0x2046d8</load_address>
         <run_address>0x2046d8</run_address>
         <size>0xf0</size>
         <input_file_ref idref="fl-6"/>
      </object_component>
      <object_component id="oc-34a">
         <name>.text:Modbus_App_Read_Coils</name>
         <load_address>0x2047c8</load_address>
         <run_address>0x2047c8</run_address>
         <size>0xec</size>
         <input_file_ref idref="fl-6"/>
      </object_component>
      <object_component id="oc-350">
         <name>.text:Modbus_App_Read_D_Inputs</name>
         <load_address>0x2048b4</load_address>
         <run_address>0x2048b4</run_address>
         <size>0xec</size>
         <input_file_ref idref="fl-6"/>
      </object_component>
      <object_component id="oc-36e">
         <name>.text:Modbus_App_Write_M_Coils</name>
         <load_address>0x2049a0</load_address>
         <run_address>0x2049a0</run_address>
         <size>0xd8</size>
         <input_file_ref idref="fl-6"/>
      </object_component>
      <object_component id="oc-3ac">
         <name>.text:Modbus_App_Write_M_Coils_Check</name>
         <load_address>0x204a78</load_address>
         <run_address>0x204a78</run_address>
         <size>0xd8</size>
         <input_file_ref idref="fl-6"/>
      </object_component>
      <object_component id="oc-1f7">
         <name>.text:SysCtlClockGet</name>
         <load_address>0x204b50</load_address>
         <run_address>0x204b50</run_address>
         <size>0xd4</size>
         <input_file_ref idref="fl-1c"/>
      </object_component>
      <object_component id="oc-2ca">
         <name>.text:Modbus_OSL_RTU_Set_Timeout_15</name>
         <load_address>0x204c24</load_address>
         <run_address>0x204c24</run_address>
         <size>0xcc</size>
         <input_file_ref idref="fl-4"/>
      </object_component>
      <object_component id="oc-2d0">
         <name>.text:Modbus_OSL_RTU_Set_Timeout_35</name>
         <load_address>0x204cf0</load_address>
         <run_address>0x204cf0</run_address>
         <size>0xcc</size>
         <input_file_ref idref="fl-4"/>
      </object_component>
      <object_component id="oc-37a">
         <name>.text:Modbus_App_Mask_Write_Register</name>
         <load_address>0x204dbc</load_address>
         <run_address>0x204dbc</run_address>
         <size>0xc4</size>
         <input_file_ref idref="fl-6"/>
      </object_component>
      <object_component id="oc-22d">
         <name>.text:Modbus_OSL_RTU_Init</name>
         <load_address>0x204e80</load_address>
         <run_address>0x204e80</run_address>
         <size>0xc4</size>
         <input_file_ref idref="fl-4"/>
      </object_component>
      <object_component id="oc-1b5">
         <name>.text:Modbus_App_Manage_Request</name>
         <load_address>0x204f44</load_address>
         <run_address>0x204f44</run_address>
         <size>0xb8</size>
         <input_file_ref idref="fl-6"/>
      </object_component>
      <object_component id="oc-269">
         <name>.text:Modbus_App_Check_Request_Data</name>
         <load_address>0x204ffc</load_address>
         <run_address>0x204ffc</run_address>
         <size>0xb0</size>
         <input_file_ref idref="fl-6"/>
      </object_component>
      <object_component id="oc-414">
         <name>.text:IntDisable</name>
         <load_address>0x2050ac</load_address>
         <run_address>0x2050ac</run_address>
         <size>0xac</size>
         <input_file_ref idref="fl-14"/>
      </object_component>
      <object_component id="oc-21b">
         <name>.text:IntEnable</name>
         <load_address>0x205158</load_address>
         <run_address>0x205158</run_address>
         <size>0xac</size>
         <input_file_ref idref="fl-14"/>
      </object_component>
      <object_component id="oc-374">
         <name>.text:Modbus_App_Write_M_Registers</name>
         <load_address>0x205204</load_address>
         <run_address>0x205204</run_address>
         <size>0xac</size>
         <input_file_ref idref="fl-6"/>
      </object_component>
      <object_component id="oc-297">
         <name>.text:GPIOPadConfigSet</name>
         <load_address>0x2052b0</load_address>
         <run_address>0x2052b0</run_address>
         <size>0xa6</size>
         <input_file_ref idref="fl-10"/>
      </object_component>
      <object_component id="oc-4f">
         <name>.text:FaultISR</name>
         <load_address>0x205356</load_address>
         <run_address>0x205356</run_address>
         <size>0x2</size>
         <input_file_ref idref="fl-2d"/>
      </object_component>
      <object_component id="oc-1eb">
         <name>.text:GPIOPinConfigure</name>
         <load_address>0x205358</load_address>
         <run_address>0x205358</run_address>
         <size>0xa4</size>
         <input_file_ref idref="fl-10"/>
      </object_component>
      <object_component id="oc-356">
         <name>.text:Modbus_App_Read_H_Registers</name>
         <load_address>0x2053fc</load_address>
         <run_address>0x2053fc</run_address>
         <size>0x9c</size>
         <input_file_ref idref="fl-6"/>
      </object_component>
      <object_component id="oc-35c">
         <name>.text:Modbus_App_Read_I_Registers</name>
         <load_address>0x205498</load_address>
         <run_address>0x205498</run_address>
         <size>0x9c</size>
         <input_file_ref idref="fl-6"/>
      </object_component>
      <object_component id="oc-5e">
         <name>.text</name>
         <load_address>0x205534</load_address>
         <run_address>0x205534</run_address>
         <size>0x9c</size>
         <input_file_ref idref="fl-3c"/>
      </object_component>
      <object_component id="oc-3b2">
         <name>.text:Modbus_App_Write_M_Registers_Check</name>
         <load_address>0x2055d0</load_address>
         <run_address>0x2055d0</run_address>
         <size>0x98</size>
         <input_file_ref idref="fl-6"/>
      </object_component>
      <object_component id="oc-32a">
         <name>.text:Modbus_OSL_RTU_Check_CRC</name>
         <load_address>0x205668</load_address>
         <run_address>0x205668</run_address>
         <size>0x98</size>
         <input_file_ref idref="fl-4"/>
      </object_component>
      <object_component id="oc-137">
         <name>.text:Modbus_Slave_Init</name>
         <load_address>0x205700</load_address>
         <run_address>0x205700</run_address>
         <size>0x94</size>
         <input_file_ref idref="fl-6"/>
      </object_component>
      <object_component id="oc-165">
         <name>.text:SysCtlClockConfigGet</name>
         <load_address>0x205794</load_address>
         <run_address>0x205794</run_address>
         <size>0x94</size>
         <input_file_ref idref="fl-1c"/>
      </object_component>
      <object_component id="oc-1af">
         <name>.text:Modbus_OSL_Receive_Request</name>
         <load_address>0x205828</load_address>
         <run_address>0x205828</run_address>
         <size>0x90</size>
         <input_file_ref idref="fl-3"/>
      </object_component>
      <object_component id="oc-130">
         <name>.text:SysCtlXPllClockDividerSet</name>
         <load_address>0x2058b8</load_address>
         <run_address>0x2058b8</run_address>
         <size>0x90</size>
         <input_file_ref idref="fl-1c"/>
      </object_component>
      <object_component id="oc-362">
         <name>.text:Modbus_App_Write_Coil</name>
         <load_address>0x205948</load_address>
         <run_address>0x205948</run_address>
         <size>0x84</size>
         <input_file_ref idref="fl-6"/>
      </object_component>
      <object_component id="oc-25d">
         <name>.text:Modbus_App_Process_Action</name>
         <load_address>0x2059cc</load_address>
         <run_address>0x2059cc</run_address>
         <size>0x7c</size>
         <input_file_ref idref="fl-6"/>
      </object_component>
      <object_component id="oc-77">
         <name>.text</name>
         <load_address>0x205a48</load_address>
         <run_address>0x205a48</run_address>
         <size>0x7a</size>
         <input_file_ref idref="fl-3d"/>
      </object_component>
      <object_component id="oc-55">
         <name>.text:IntDefaultHandler</name>
         <load_address>0x205ac2</load_address>
         <run_address>0x205ac2</run_address>
         <size>0x2</size>
         <input_file_ref idref="fl-2d"/>
      </object_component>
      <object_component id="oc-388">
         <name>.text:Modbus_App_Read_Coils_Check</name>
         <load_address>0x205ac4</load_address>
         <run_address>0x205ac4</run_address>
         <size>0x78</size>
         <input_file_ref idref="fl-6"/>
      </object_component>
      <object_component id="oc-38e">
         <name>.text:Modbus_App_Read_D_Inputs_Check</name>
         <load_address>0x205b3c</load_address>
         <run_address>0x205b3c</run_address>
         <size>0x78</size>
         <input_file_ref idref="fl-6"/>
      </object_component>
      <object_component id="oc-1fd">
         <name>.text:UARTConfigSetExpClk</name>
         <load_address>0x205bb4</load_address>
         <run_address>0x205bb4</run_address>
         <size>0x76</size>
         <input_file_ref idref="fl-1f"/>
      </object_component>
      <object_component id="oc-49">
         <name>.text:NmiSR</name>
         <load_address>0x205c2a</load_address>
         <run_address>0x205c2a</run_address>
         <size>0x2</size>
         <input_file_ref idref="fl-2d"/>
      </object_component>
      <object_component id="oc-394">
         <name>.text:Modbus_App_Read_H_Registers_Check</name>
         <load_address>0x205c2c</load_address>
         <run_address>0x205c2c</run_address>
         <size>0x74</size>
         <input_file_ref idref="fl-6"/>
      </object_component>
      <object_component id="oc-39a">
         <name>.text:Modbus_App_Read_I_Registers_Check</name>
         <load_address>0x205ca0</load_address>
         <run_address>0x205ca0</run_address>
         <size>0x74</size>
         <input_file_ref idref="fl-6"/>
      </object_component>
      <object_component id="oc-3a0">
         <name>.text:Modbus_App_Write_Coil_Check</name>
         <load_address>0x205d14</load_address>
         <run_address>0x205d14</run_address>
         <size>0x70</size>
         <input_file_ref idref="fl-6"/>
      </object_component>
      <object_component id="oc-278">
         <name>.text:Modbus_OSL_Output</name>
         <load_address>0x205d84</load_address>
         <run_address>0x205d84</run_address>
         <size>0x70</size>
         <input_file_ref idref="fl-3"/>
      </object_component>
      <object_component id="oc-8f">
         <name>.text</name>
         <load_address>0x205df4</load_address>
         <run_address>0x205df4</run_address>
         <size>0x70</size>
         <input_file_ref idref="fl-48"/>
      </object_component>
      <object_component id="oc-443">
         <name>.text:Modbus_OSL_RTU_Mount_CRC</name>
         <load_address>0x205e64</load_address>
         <run_address>0x205e64</run_address>
         <size>0x6c</size>
         <input_file_ref idref="fl-4"/>
      </object_component>
      <object_component id="oc-6a">
         <name>.text</name>
         <load_address>0x205ed0</load_address>
         <run_address>0x205ed0</run_address>
         <size>0x6a</size>
         <input_file_ref idref="fl-39"/>
      </object_component>
      <object_component id="oc-83">
         <name>.text</name>
         <load_address>0x205f3a</load_address>
         <run_address>0x205f3a</run_address>
         <size>0x2</size>
         <input_file_ref idref="fl-3e"/>
      </object_component>
      <object_component id="oc-368">
         <name>.text:Modbus_App_Write_Register</name>
         <load_address>0x205f3c</load_address>
         <run_address>0x205f3c</run_address>
         <size>0x68</size>
         <input_file_ref idref="fl-6"/>
      </object_component>
      <object_component id="oc-3a6">
         <name>.text:Modbus_App_Write_Register_Check</name>
         <load_address>0x205fa4</load_address>
         <run_address>0x205fa4</run_address>
         <size>0x60</size>
         <input_file_ref idref="fl-6"/>
      </object_component>
      <object_component id="oc-236">
         <name>.text:UART0IntHandler</name>
         <load_address>0x206004</load_address>
         <run_address>0x206004</run_address>
         <size>0x60</size>
         <input_file_ref idref="fl-3"/>
      </object_component>
      <object_component id="oc-291">
         <name>.text:GPIODirModeSet</name>
         <load_address>0x206064</load_address>
         <run_address>0x206064</run_address>
         <size>0x5c</size>
         <input_file_ref idref="fl-10"/>
      </object_component>
      <object_component id="oc-3c9">
         <name>.text:Modbus_OSL_RTU_Mount_ADU</name>
         <load_address>0x2060c0</load_address>
         <run_address>0x2060c0</run_address>
         <size>0x5c</size>
         <input_file_ref idref="fl-4"/>
      </object_component>
      <object_component id="oc-215">
         <name>.text:IntRegister</name>
         <load_address>0x20611c</load_address>
         <run_address>0x20611c</run_address>
         <size>0x58</size>
         <input_file_ref idref="fl-14"/>
      </object_component>
      <object_component id="oc-3cf">
         <name>.text:Modbus_OSL_Send</name>
         <load_address>0x206174</load_address>
         <run_address>0x206174</run_address>
         <size>0x54</size>
         <input_file_ref idref="fl-3"/>
      </object_component>
      <object_component id="oc-9b">
         <name>.text</name>
         <load_address>0x2061c8</load_address>
         <run_address>0x2061c8</run_address>
         <size>0x54</size>
         <input_file_ref idref="fl-3b"/>
      </object_component>
      <object_component id="oc-f5">
         <name>.text:SysCtlClockConfigSet</name>
         <load_address>0x20621c</load_address>
         <run_address>0x20621c</run_address>
         <size>0x4c</size>
         <input_file_ref idref="fl-1c"/>
      </object_component>
      <object_component id="oc-c5">
         <name>.text</name>
         <load_address>0x206268</load_address>
         <run_address>0x206268</run_address>
         <size>0x4c</size>
         <input_file_ref idref="fl-49"/>
      </object_component>
      <object_component id="oc-315">
         <name>.text:Modbus_OSL_RTU_UART</name>
         <load_address>0x2062b4</load_address>
         <run_address>0x2062b4</run_address>
         <size>0x48</size>
         <input_file_ref idref="fl-4"/>
      </object_component>
      <object_component id="oc-1df">
         <name>.text:SysCtlPeripheralEnable</name>
         <load_address>0x2062fc</load_address>
         <run_address>0x2062fc</run_address>
         <size>0x48</size>
         <input_file_ref idref="fl-1c"/>
      </object_component>
      <object_component id="oc-3b8">
         <name>.text:Modbus_App_Mask_Write_Register_Check</name>
         <load_address>0x206344</load_address>
         <run_address>0x206344</run_address>
         <size>0x44</size>
         <input_file_ref idref="fl-6"/>
      </object_component>
      <object_component id="oc-256">
         <name>.text:Modbus_OSL_RTU_to_App</name>
         <load_address>0x206388</load_address>
         <run_address>0x206388</run_address>
         <size>0x42</size>
         <input_file_ref idref="fl-3"/>
      </object_component>
      <object_component id="oc-cb">
         <name>.text</name>
         <load_address>0x2063ca</load_address>
         <run_address>0x2063ca</run_address>
         <size>0x2</size>
         <input_file_ref idref="fl-4b"/>
      </object_component>
      <object_component id="oc-33">
         <name>.text</name>
         <load_address>0x2063cc</load_address>
         <run_address>0x2063cc</run_address>
         <size>0x40</size>
         <input_file_ref idref="fl-37"/>
      </object_component>
      <object_component id="oc-16b">
         <name>.text:SysCtlPeripheralIsEnabled</name>
         <load_address>0x20640c</load_address>
         <run_address>0x20640c</run_address>
         <size>0x38</size>
         <input_file_ref idref="fl-1c"/>
      </object_component>
      <object_component id="oc-2d6">
         <name>.text:TimerConfigure</name>
         <load_address>0x206444</load_address>
         <run_address>0x206444</run_address>
         <size>0x38</size>
         <input_file_ref idref="fl-1e"/>
      </object_component>
      <object_component id="oc-40a">
         <name>.text:Modbus_OSL_RTU_15T</name>
         <load_address>0x20647c</load_address>
         <run_address>0x20647c</run_address>
         <size>0x34</size>
         <input_file_ref idref="fl-4"/>
      </object_component>
      <object_component id="oc-29f">
         <name>.text:UARTDisable</name>
         <load_address>0x2064b0</load_address>
         <run_address>0x2064b0</run_address>
         <size>0x30</size>
         <input_file_ref idref="fl-1f"/>
      </object_component>
      <object_component id="oc-155">
         <name>.text:Modbus_OSL_Serial_Comm</name>
         <load_address>0x2064e0</load_address>
         <run_address>0x2064e0</run_address>
         <size>0x2c</size>
         <input_file_ref idref="fl-3"/>
      </object_component>
      <object_component id="oc-227">
         <name>.text:UARTSend</name>
         <load_address>0x20650c</load_address>
         <run_address>0x20650c</run_address>
         <size>0x2c</size>
         <input_file_ref idref="fl-3"/>
      </object_component>
      <object_component id="oc-2dc">
         <name>.text:TimerLoadSet</name>
         <load_address>0x206538</load_address>
         <run_address>0x206538</run_address>
         <size>0x2a</size>
         <input_file_ref idref="fl-1e"/>
      </object_component>
      <object_component id="oc-250">
         <name>.text:Modbus_OSL_RTU_Control_CRC</name>
         <load_address>0x206564</load_address>
         <run_address>0x206564</run_address>
         <size>0x28</size>
         <input_file_ref idref="fl-4"/>
      </object_component>
      <object_component id="oc-244">
         <name>.text:Modbus_OSL_Processing_Msg</name>
         <load_address>0x20658c</load_address>
         <run_address>0x20658c</run_address>
         <size>0x24</size>
         <input_file_ref idref="fl-3"/>
      </object_component>
      <object_component id="oc-2b6">
         <name>.text:UARTCharPutNonBlocking</name>
         <load_address>0x2065b0</load_address>
         <run_address>0x2065b0</run_address>
         <size>0x24</size>
         <input_file_ref idref="fl-1f"/>
      </object_component>
      <object_component id="oc-2a5">
         <name>.text:UARTEnable</name>
         <load_address>0x2065d4</load_address>
         <run_address>0x2065d4</run_address>
         <size>0x24</size>
         <input_file_ref idref="fl-1f"/>
      </object_component>
      <object_component id="oc-209">
         <name>.text:GPIOPinTypeGPIOOutput</name>
         <load_address>0x2065f8</load_address>
         <run_address>0x2065f8</run_address>
         <size>0x22</size>
         <input_file_ref idref="fl-10"/>
      </object_component>
      <object_component id="oc-1f1">
         <name>.text:GPIOPinTypeUART</name>
         <load_address>0x20661a</load_address>
         <run_address>0x20661a</run_address>
         <size>0x22</size>
         <input_file_ref idref="fl-10"/>
      </object_component>
      <object_component id="oc-20f">
         <name>.text:GPIOPinWrite</name>
         <load_address>0x20663c</load_address>
         <run_address>0x20663c</run_address>
         <size>0x20</size>
         <input_file_ref idref="fl-10"/>
      </object_component>
      <object_component id="oc-337">
         <name>.text:Modbus_App_Receive_Char</name>
         <load_address>0x20665c</load_address>
         <run_address>0x20665c</run_address>
         <size>0x20</size>
         <input_file_ref idref="fl-6"/>
      </object_component>
      <object_component id="oc-15b">
         <name>.text:pollcounter</name>
         <load_address>0x20667c</load_address>
         <run_address>0x20667c</run_address>
         <size>0x20</size>
         <input_file_ref idref="fl-3"/>
      </object_component>
      <object_component id="oc-2e8">
         <name>.text:TimerEnable</name>
         <load_address>0x20669c</load_address>
         <run_address>0x20669c</run_address>
         <size>0x1e</size>
         <input_file_ref idref="fl-1e"/>
      </object_component>
      <object_component id="oc-44a">
         <name>.text:UARTCharPut</name>
         <load_address>0x2066ba</load_address>
         <run_address>0x2066ba</run_address>
         <size>0x1e</size>
         <input_file_ref idref="fl-1f"/>
      </object_component>
      <object_component id="oc-303">
         <name>.text:UARTIntStatus</name>
         <load_address>0x2066d8</load_address>
         <run_address>0x2066d8</run_address>
         <size>0x1e</size>
         <input_file_ref idref="fl-1f"/>
      </object_component>
      <object_component id="oc-24a">
         <name>.text:Modbus_OSL_RTU_Char_Get</name>
         <load_address>0x2066f8</load_address>
         <run_address>0x2066f8</run_address>
         <size>0x1c</size>
         <input_file_ref idref="fl-4"/>
      </object_component>
      <object_component id="oc-2f4">
         <name>.text:Timer0IntHandler</name>
         <load_address>0x206714</load_address>
         <run_address>0x206714</run_address>
         <size>0x1c</size>
         <input_file_ref idref="fl-5"/>
      </object_component>
      <object_component id="oc-30f">
         <name>.text:UARTCharGetNonBlocking</name>
         <load_address>0x206730</load_address>
         <run_address>0x206730</run_address>
         <size>0x1c</size>
         <input_file_ref idref="fl-1f"/>
      </object_component>
      <object_component id="oc-343">
         <name>.text:Modbus_App_L_Msg_Set</name>
         <load_address>0x20674c</load_address>
         <run_address>0x20674c</run_address>
         <size>0x18</size>
         <input_file_ref idref="fl-6"/>
      </object_component>
      <object_component id="oc-1c7">
         <name>.text:Modbus_App_Send</name>
         <load_address>0x206764</load_address>
         <run_address>0x206764</run_address>
         <size>0x18</size>
         <input_file_ref idref="fl-6"/>
      </object_component>
      <object_component id="oc-1d9">
         <name>.text:Modbus_OSL_Frame_Set</name>
         <load_address>0x20677c</load_address>
         <run_address>0x20677c</run_address>
         <size>0x18</size>
         <input_file_ref idref="fl-3"/>
      </object_component>
      <object_component id="oc-1c1">
         <name>.text:Modbus_OSL_MainState_Set</name>
         <load_address>0x206794</load_address>
         <run_address>0x206794</run_address>
         <size>0x18</size>
         <input_file_ref idref="fl-3"/>
      </object_component>
      <object_component id="oc-2be">
         <name>.text:Modbus_OSL_State_Set</name>
         <load_address>0x2067ac</load_address>
         <run_address>0x2067ac</run_address>
         <size>0x18</size>
         <input_file_ref idref="fl-3"/>
      </object_component>
      <object_component id="oc-2e2">
         <name>.text:TimerIntEnable</name>
         <load_address>0x2067c4</load_address>
         <run_address>0x2067c4</run_address>
         <size>0x18</size>
         <input_file_ref idref="fl-1e"/>
      </object_component>
      <object_component id="oc-31b">
         <name>.text:UARTCharsAvail</name>
         <load_address>0x2067dc</load_address>
         <run_address>0x2067dc</run_address>
         <size>0x18</size>
         <input_file_ref idref="fl-1f"/>
      </object_component>
      <object_component id="oc-203">
         <name>.text:UARTFIFOLevelSet</name>
         <load_address>0x2067f4</load_address>
         <run_address>0x2067f4</run_address>
         <size>0x18</size>
         <input_file_ref idref="fl-1f"/>
      </object_component>
      <object_component id="oc-221">
         <name>.text:UARTIntEnable</name>
         <load_address>0x20680c</load_address>
         <run_address>0x20680c</run_address>
         <size>0x18</size>
         <input_file_ref idref="fl-1f"/>
      </object_component>
      <object_component id="oc-d3">
         <name>.text:main</name>
         <load_address>0x206824</load_address>
         <run_address>0x206824</run_address>
         <size>0x18</size>
         <input_file_ref idref="fl-7"/>
      </object_component>
      <object_component id="oc-95">
         <name>.text</name>
         <load_address>0x20683c</load_address>
         <run_address>0x20683c</run_address>
         <size>0x18</size>
         <input_file_ref idref="fl-47"/>
      </object_component>
      <object_component id="oc-2fa">
         <name>.text:Timer1IntHandler</name>
         <load_address>0x206854</load_address>
         <run_address>0x206854</run_address>
         <size>0x14</size>
         <input_file_ref idref="fl-5"/>
      </object_component>
      <object_component id="oc-111">
         <name>.text</name>
         <load_address>0x206868</load_address>
         <run_address>0x206868</run_address>
         <size>0x14</size>
         <input_file_ref idref="fl-46"/>
      </object_component>
      <object_component id="oc-403">
         <name>.text:TimerIntClear</name>
         <load_address>0x20687c</load_address>
         <run_address>0x20687c</run_address>
         <size>0x12</size>
         <input_file_ref idref="fl-1e"/>
      </object_component>
      <object_component id="oc-309">
         <name>.text:UARTIntClear</name>
         <load_address>0x20688e</load_address>
         <run_address>0x20688e</run_address>
         <size>0x12</size>
         <input_file_ref idref="fl-1f"/>
      </object_component>
      <object_component id="oc-177">
         <name>.text:WatchdogReloadSet</name>
         <load_address>0x2068a0</load_address>
         <run_address>0x2068a0</run_address>
         <size>0x12</size>
         <input_file_ref idref="fl-23"/>
      </object_component>
      <object_component id="oc-171">
         <name>.text:WatchdogRunning</name>
         <load_address>0x2068b2</load_address>
         <run_address>0x2068b2</run_address>
         <size>0x12</size>
         <input_file_ref idref="fl-23"/>
      </object_component>
      <object_component id="oc-33d">
         <name>.text:Modbus_OSL_RTU_L_Msg_Get</name>
         <load_address>0x2068c4</load_address>
         <run_address>0x2068c4</run_address>
         <size>0x10</size>
         <input_file_ref idref="fl-4"/>
      </object_component>
      <object_component id="oc-21">
         <name>.text:decompress:none</name>
         <load_address>0x2068d4</load_address>
         <run_address>0x2068d4</run_address>
         <size>0xe</size>
         <input_file_ref idref="fl-38"/>
      </object_component>
      <object_component id="oc-41d">
         <name>.text:CPUcpsid</name>
         <load_address>0x2068e2</load_address>
         <run_address>0x2068e2</run_address>
         <size>0xc</size>
         <input_file_ref idref="fl-9"/>
      </object_component>
      <object_component id="oc-286">
         <name>.text:CPUcpsie</name>
         <load_address>0x2068ee</load_address>
         <run_address>0x2068ee</run_address>
         <size>0xc</size>
         <input_file_ref idref="fl-9"/>
      </object_component>
      <object_component id="oc-1bb">
         <name>.text:Modbus_OSL_BroadCast_Get</name>
         <load_address>0x2068fc</load_address>
         <run_address>0x2068fc</run_address>
         <size>0xc</size>
         <input_file_ref idref="fl-3"/>
      </object_component>
      <object_component id="oc-330">
         <name>.text:Modbus_OSL_Frame_Get</name>
         <load_address>0x206908</load_address>
         <run_address>0x206908</run_address>
         <size>0xc</size>
         <input_file_ref idref="fl-3"/>
      </object_component>
      <object_component id="oc-2c4">
         <name>.text:Modbus_OSL_Get_Baudrate</name>
         <load_address>0x206914</load_address>
         <run_address>0x206914</run_address>
         <size>0xc</size>
         <input_file_ref idref="fl-3"/>
      </object_component>
      <object_component id="oc-1a9">
         <name>.text:Modbus_OSL_MainState_Get</name>
         <load_address>0x206920</load_address>
         <run_address>0x206920</run_address>
         <size>0xc</size>
         <input_file_ref idref="fl-3"/>
      </object_component>
      <object_component id="oc-3d5">
         <name>.text:Modbus_OSL_RTU_Get_Timeout_35</name>
         <load_address>0x20692c</load_address>
         <run_address>0x20692c</run_address>
         <size>0xc</size>
         <input_file_ref idref="fl-4"/>
      </object_component>
      <object_component id="oc-45d">
         <name>.text:Modbus_OSL_State_Get</name>
         <load_address>0x206938</load_address>
         <run_address>0x206938</run_address>
         <size>0xc</size>
         <input_file_ref idref="fl-3"/>
      </object_component>
      <object_component id="oc-101">
         <name>.text:Modbus_Slave_Communication</name>
         <load_address>0x206944</load_address>
         <run_address>0x206944</run_address>
         <size>0xc</size>
         <input_file_ref idref="fl-6"/>
      </object_component>
      <object_component id="oc-322">
         <name>.text:IntMasterDisable</name>
         <load_address>0x206950</load_address>
         <run_address>0x206950</run_address>
         <size>0xa</size>
         <input_file_ref idref="fl-14"/>
      </object_component>
      <object_component id="oc-1e5">
         <name>.text:IntMasterEnable</name>
         <load_address>0x20695a</load_address>
         <run_address>0x20695a</run_address>
         <size>0xa</size>
         <input_file_ref idref="fl-14"/>
      </object_component>
      <object_component id="oc-263">
         <name>.text:Modbus_Fatal_Error</name>
         <load_address>0x206964</load_address>
         <run_address>0x206964</run_address>
         <size>0xa</size>
         <input_file_ref idref="fl-3"/>
      </object_component>
      <object_component id="oc-183">
         <name>.text:SysCtlDelay</name>
         <load_address>0x206970</load_address>
         <run_address>0x206970</run_address>
         <size>0x6</size>
         <input_file_ref idref="fl-1c"/>
      </object_component>
      <object_component id="oc-27">
         <name>.text:decompress:rle24</name>
         <load_address>0x206976</load_address>
         <run_address>0x206976</run_address>
         <size>0x6</size>
         <input_file_ref idref="fl-39"/>
      </object_component>
      <object_component id="oc-89">
         <name>.text</name>
         <load_address>0x20697c</load_address>
         <run_address>0x20697c</run_address>
         <size>0x4</size>
         <input_file_ref idref="fl-3f"/>
      </object_component>
      <object_component id="oc-28d">
         <name>.const:g_pulGPIOBaseAddrs</name>
         <load_address>0x206980</load_address>
         <run_address>0x206980</run_address>
         <size>0x88</size>
         <input_file_ref idref="fl-10"/>
      </object_component>
      <object_component id="oc-1d3">
         <name>.const:g_pulRCGCRegs</name>
         <load_address>0x206a08</load_address>
         <run_address>0x206a08</run_address>
         <size>0x14</size>
         <input_file_ref idref="fl-1c"/>
      </object_component>
      <object_component id="oc-49a">
         <name>.cinit..data.load</name>
         <load_address>0x206a20</load_address>
         <run_address>0x206a20</run_address>
         <size>0x23c</size>
      </object_component>
      <object_component id="oc-49b">
         <name>.cinit..bss.load</name>
         <load_address>0x206c60</load_address>
         <run_address>0x206c60</run_address>
         <size>0xb</size>
      </object_component>
      <object_component id="oc-499">
         <name>.cinit..vtable.load</name>
         <load_address>0x206c70</load_address>
         <run_address>0x206c70</run_address>
         <size>0xb</size>
      </object_component>
      <object_component id="oc-497">
         <name>__TI_handler_table</name>
         <load_address>0x206c7c</load_address>
         <run_address>0x206c7c</run_address>
         <size>0x8</size>
      </object_component>
      <object_component id="oc-498">
         <name>__TI_cinit_table</name>
         <load_address>0x206c84</load_address>
         <run_address>0x206c84</run_address>
         <size>0x18</size>
      </object_component>
      <object_component id="oc-2af">
         <name>.vtable</name>
         <uninitialized>true</uninitialized>
         <run_address>0x20002000</run_address>
         <size>0x258</size>
         <input_file_ref idref="fl-14"/>
      </object_component>
      <object_component id="oc-3f2">
         <name>.data:Timeout_15</name>
         <load_address>0x20001bf4</load_address>
         <run_address>0x20001bf4</run_address>
         <size>0xc</size>
         <input_file_ref idref="fl-4"/>
      </object_component>
      <object_component id="oc-3f6">
         <name>.data:Timeout_35</name>
         <load_address>0x20001c00</load_address>
         <run_address>0x20001c00</run_address>
         <size>0xc</size>
         <input_file_ref idref="fl-4"/>
      </object_component>
      <object_component id="oc-424">
         <name>.data:auchCRCHi</name>
         <load_address>0x200019e8</load_address>
         <run_address>0x200019e8</run_address>
         <size>0x100</size>
         <input_file_ref idref="fl-4"/>
      </object_component>
      <object_component id="oc-427">
         <name>.data:auchCRCLo</name>
         <load_address>0x20001ae8</load_address>
         <run_address>0x20001ae8</run_address>
         <size>0x100</size>
         <input_file_ref idref="fl-4"/>
      </object_component>
      <object_component id="oc-41a">
         <name>.data:value$1</name>
         <load_address>0x200015ec</load_address>
         <run_address>0x200015ec</run_address>
         <size>0x3fc</size>
         <input_file_ref idref="fl-4"/>
      </object_component>
      <object_component id="oc-1ce">
         <name>.data</name>
         <load_address>0x20001c1c</load_address>
         <run_address>0x20001c1c</run_address>
         <size>0x4</size>
         <input_file_ref idref="fl-5"/>
      </object_component>
      <object_component id="oc-140">
         <name>.data</name>
         <load_address>0x20001c14</load_address>
         <run_address>0x20001c14</run_address>
         <size>0x8</size>
         <input_file_ref idref="fl-7"/>
      </object_component>
      <object_component id="oc-db">
         <name>.data:$O1$$</name>
         <load_address>0x20001be8</load_address>
         <run_address>0x20001be8</run_address>
         <size>0xc</size>
         <input_file_ref idref="fl-3b"/>
      </object_component>
      <object_component id="oc-a1">
         <name>.data</name>
         <load_address>0x20001c20</load_address>
         <run_address>0x20001c20</run_address>
         <size>0x4</size>
         <input_file_ref idref="fl-40"/>
      </object_component>
      <object_component id="oc-de">
         <name>.data:$O1$$</name>
         <load_address>0x20001c0c</load_address>
         <run_address>0x20001c0c</run_address>
         <size>0x8</size>
         <input_file_ref idref="fl-46"/>
      </object_component>
      <object_component id="oc-233">
         <name>.bss</name>
         <uninitialized>true</uninitialized>
         <run_address>0x200015e0</run_address>
         <size>0xc</size>
         <input_file_ref idref="fl-3"/>
      </object_component>
      <object_component id="oc-3db">
         <name>.bss:Modbus_OSL_Response_ADU</name>
         <uninitialized>true</uninitialized>
         <run_address>0x200012a0</run_address>
         <size>0x100</size>
         <input_file_ref idref="fl-3"/>
      </object_component>
      <object_component id="oc-2ee">
         <name>.bss</name>
         <uninitialized>true</uninitialized>
         <run_address>0x200015bc</run_address>
         <size>0x14</size>
         <input_file_ref idref="fl-4"/>
      </object_component>
      <object_component id="oc-2f1">
         <name>.bss:Modbus_OSL_RTU_Msg1</name>
         <uninitialized>true</uninitialized>
         <run_address>0x200011a0</run_address>
         <size>0x100</size>
         <input_file_ref idref="fl-4"/>
      </object_component>
      <object_component id="oc-272">
         <name>.bss:Modbus_App_Msg</name>
         <uninitialized>true</uninitialized>
         <run_address>0x20000fa0</run_address>
         <size>0x100</size>
         <input_file_ref idref="fl-6"/>
      </object_component>
      <object_component id="oc-18c">
         <name>.bss</name>
         <uninitialized>true</uninitialized>
         <run_address>0x20001598</run_address>
         <size>0x21</size>
         <input_file_ref idref="fl-6"/>
      </object_component>
      <object_component id="oc-26f">
         <name>.bss:Modbus_App_Response_pdu</name>
         <uninitialized>true</uninitialized>
         <run_address>0x200010a0</run_address>
         <size>0x100</size>
         <input_file_ref idref="fl-6"/>
      </object_component>
      <object_component id="oc-14c">
         <name>.bss</name>
         <uninitialized>true</uninitialized>
         <run_address>0x200015d0</run_address>
         <size>0x10</size>
         <input_file_ref idref="fl-7"/>
      </object_component>
      <object_component id="oc-13d">
         <name>.bss:coils_data</name>
         <uninitialized>true</uninitialized>
         <run_address>0x20000000</run_address>
         <size>0x7d0</size>
         <input_file_ref idref="fl-7"/>
      </object_component>
      <object_component id="oc-143">
         <name>.bss:discrete_inputs_data</name>
         <uninitialized>true</uninitialized>
         <run_address>0x200007d0</run_address>
         <size>0x7d0</size>
         <input_file_ref idref="fl-7"/>
      </object_component>
      <object_component id="oc-146">
         <name>.bss:holding_registers_data</name>
         <uninitialized>true</uninitialized>
         <run_address>0x200013a0</run_address>
         <size>0xfc</size>
         <input_file_ref idref="fl-7"/>
      </object_component>
      <object_component id="oc-149">
         <name>.bss:input_registers_data</name>
         <uninitialized>true</uninitialized>
         <run_address>0x2000149c</run_address>
         <size>0xfc</size>
         <input_file_ref idref="fl-7"/>
      </object_component>
      <object_component id="oc-42">
         <name>.stack</name>
         <uninitialized>true</uninitialized>
         <run_address>0x20001c24</run_address>
         <size>0x0</size>
         <input_file_ref idref="fl-37"/>
      </object_component>
      <object_component id="oc-49c">
         <name>.stack</name>
         <uninitialized>true</uninitialized>
         <run_address>0x20001c24</run_address>
         <size>0x0</size>
      </object_component>
      <object_component id="oc-3e">
         <name>.z1secvalues</name>
         <load_address>0x200000</load_address>
         <run_address>0x200000</run_address>
         <size>0x24</size>
         <input_file_ref idref="fl-b"/>
      </object_component>
      <object_component id="oc-3f">
         <name>.z1_csm_rsvd</name>
         <load_address>0x200024</load_address>
         <run_address>0x200024</run_address>
         <size>0xc</size>
         <input_file_ref idref="fl-b"/>
      </object_component>
      <object_component id="oc-40">
         <name>.z2secvalues</name>
         <load_address>0x27ffdc</load_address>
         <run_address>0x27ffdc</run_address>
         <size>0x24</size>
         <input_file_ref idref="fl-c"/>
      </object_component>
      <object_component id="oc-41">
         <name>.z2_csm_rsvd</name>
         <load_address>0x27ff00</load_address>
         <run_address>0x27ff00</run_address>
         <size>0xc</size>
         <input_file_ref idref="fl-c"/>
      </object_component>
      <object_component id="oc-2bd">
         <name>.debug_info</name>
         <load_address>0x0</load_address>
         <run_address>0x0</run_address>
         <size>0x82d</size>
         <input_file_ref idref="fl-3"/>
      </object_component>
      <object_component id="oc-234">
         <name>.debug_info</name>
         <load_address>0x82d</load_address>
         <run_address>0x82d</run_address>
         <size>0x2d5</size>
         <input_file_ref idref="fl-3"/>
      </object_component>
      <object_component id="oc-3dc">
         <name>.debug_info</name>
         <load_address>0xb02</load_address>
         <run_address>0xb02</run_address>
         <size>0x11b</size>
         <input_file_ref idref="fl-3"/>
      </object_component>
      <object_component id="oc-2c5">
         <name>.debug_info</name>
         <load_address>0xc1d</load_address>
         <run_address>0xc1d</run_address>
         <size>0x17c</size>
         <input_file_ref idref="fl-3"/>
      </object_component>
      <object_component id="oc-331">
         <name>.debug_info</name>
         <load_address>0xd99</load_address>
         <run_address>0xd99</run_address>
         <size>0x176</size>
         <input_file_ref idref="fl-3"/>
      </object_component>
      <object_component id="oc-1da">
         <name>.debug_info</name>
         <load_address>0xf0f</load_address>
         <run_address>0xf0f</run_address>
         <size>0x195</size>
         <input_file_ref idref="fl-3"/>
      </object_component>
      <object_component id="oc-45e">
         <name>.debug_info</name>
         <load_address>0x10a4</load_address>
         <run_address>0x10a4</run_address>
         <size>0x176</size>
         <input_file_ref idref="fl-3"/>
      </object_component>
      <object_component id="oc-2bf">
         <name>.debug_info</name>
         <load_address>0x121a</load_address>
         <run_address>0x121a</run_address>
         <size>0x199</size>
         <input_file_ref idref="fl-3"/>
      </object_component>
      <object_component id="oc-1aa">
         <name>.debug_info</name>
         <load_address>0x13b3</load_address>
         <run_address>0x13b3</run_address>
         <size>0x17e</size>
         <input_file_ref idref="fl-3"/>
      </object_component>
      <object_component id="oc-1c2">
         <name>.debug_info</name>
         <load_address>0x1531</load_address>
         <run_address>0x1531</run_address>
         <size>0x1a1</size>
         <input_file_ref idref="fl-3"/>
      </object_component>
      <object_component id="oc-1bc">
         <name>.debug_info</name>
         <load_address>0x16d2</load_address>
         <run_address>0x16d2</run_address>
         <size>0x17e</size>
         <input_file_ref idref="fl-3"/>
      </object_component>
      <object_component id="oc-15c">
         <name>.debug_info</name>
         <load_address>0x1850</load_address>
         <run_address>0x1850</run_address>
         <size>0x182</size>
         <input_file_ref idref="fl-3"/>
      </object_component>
      <object_component id="oc-187">
         <name>.debug_info</name>
         <load_address>0x19d2</load_address>
         <run_address>0x19d2</run_address>
         <size>0x3b9</size>
         <input_file_ref idref="fl-3"/>
      </object_component>
      <object_component id="oc-228">
         <name>.debug_info</name>
         <load_address>0x1d8b</load_address>
         <run_address>0x1d8b</run_address>
         <size>0x1e0</size>
         <input_file_ref idref="fl-3"/>
      </object_component>
      <object_component id="oc-237">
         <name>.debug_info</name>
         <load_address>0x1f6b</load_address>
         <run_address>0x1f6b</run_address>
         <size>0x26c</size>
         <input_file_ref idref="fl-3"/>
      </object_component>
      <object_component id="oc-156">
         <name>.debug_info</name>
         <load_address>0x21d7</load_address>
         <run_address>0x21d7</run_address>
         <size>0x24c</size>
         <input_file_ref idref="fl-3"/>
      </object_component>
      <object_component id="oc-264">
         <name>.debug_info</name>
         <load_address>0x2423</load_address>
         <run_address>0x2423</run_address>
         <size>0x192</size>
         <input_file_ref idref="fl-3"/>
      </object_component>
      <object_component id="oc-245">
         <name>.debug_info</name>
         <load_address>0x25b5</load_address>
         <run_address>0x25b5</run_address>
         <size>0x1bf</size>
         <input_file_ref idref="fl-3"/>
      </object_component>
      <object_component id="oc-257">
         <name>.debug_info</name>
         <load_address>0x2774</load_address>
         <run_address>0x2774</run_address>
         <size>0x217</size>
         <input_file_ref idref="fl-3"/>
      </object_component>
      <object_component id="oc-1b0">
         <name>.debug_info</name>
         <load_address>0x298b</load_address>
         <run_address>0x298b</run_address>
         <size>0x2a1</size>
         <input_file_ref idref="fl-3"/>
      </object_component>
      <object_component id="oc-279">
         <name>.debug_info</name>
         <load_address>0x2c2c</load_address>
         <run_address>0x2c2c</run_address>
         <size>0x26a</size>
         <input_file_ref idref="fl-3"/>
      </object_component>
      <object_component id="oc-3d0">
         <name>.debug_info</name>
         <load_address>0x2e96</load_address>
         <run_address>0x2e96</run_address>
         <size>0x1ea</size>
         <input_file_ref idref="fl-3"/>
      </object_component>
      <object_component id="oc-196">
         <name>.debug_info</name>
         <load_address>0x3080</load_address>
         <run_address>0x3080</run_address>
         <size>0x187</size>
         <input_file_ref idref="fl-3"/>
      </object_component>
      <object_component id="oc-191">
         <name>.debug_info</name>
         <load_address>0x3207</load_address>
         <run_address>0x3207</run_address>
         <size>0x48</size>
         <input_file_ref idref="fl-3"/>
      </object_component>
      <object_component id="oc-ab">
         <name>.debug_info</name>
         <load_address>0x324f</load_address>
         <run_address>0x324f</run_address>
         <size>0x84</size>
         <input_file_ref idref="fl-3"/>
      </object_component>
      <object_component id="oc-150">
         <name>.debug_info</name>
         <load_address>0x32d3</load_address>
         <run_address>0x32d3</run_address>
         <size>0x18b</size>
         <input_file_ref idref="fl-3"/>
      </object_component>
      <object_component id="oc-17e">
         <name>.debug_info</name>
         <load_address>0x345e</load_address>
         <run_address>0x345e</run_address>
         <size>0x2c</size>
         <input_file_ref idref="fl-3"/>
      </object_component>
      <object_component id="oc-400">
         <name>.debug_info</name>
         <load_address>0x348a</load_address>
         <run_address>0x348a</run_address>
         <size>0x545</size>
         <input_file_ref idref="fl-4"/>
      </object_component>
      <object_component id="oc-2ef">
         <name>.debug_info</name>
         <load_address>0x39cf</load_address>
         <run_address>0x39cf</run_address>
         <size>0x24f</size>
         <input_file_ref idref="fl-4"/>
      </object_component>
      <object_component id="oc-3f3">
         <name>.debug_info</name>
         <load_address>0x3c1e</load_address>
         <run_address>0x3c1e</run_address>
         <size>0x105</size>
         <input_file_ref idref="fl-4"/>
      </object_component>
      <object_component id="oc-3f7">
         <name>.debug_info</name>
         <load_address>0x3d23</load_address>
         <run_address>0x3d23</run_address>
         <size>0x105</size>
         <input_file_ref idref="fl-4"/>
      </object_component>
      <object_component id="oc-2f2">
         <name>.debug_info</name>
         <load_address>0x3e28</load_address>
         <run_address>0x3e28</run_address>
         <size>0x117</size>
         <input_file_ref idref="fl-4"/>
      </object_component>
      <object_component id="oc-425">
         <name>.debug_info</name>
         <load_address>0x3f3f</load_address>
         <run_address>0x3f3f</run_address>
         <size>0x103</size>
         <input_file_ref idref="fl-4"/>
      </object_component>
      <object_component id="oc-428">
         <name>.debug_info</name>
         <load_address>0x4042</load_address>
         <run_address>0x4042</run_address>
         <size>0x103</size>
         <input_file_ref idref="fl-4"/>
      </object_component>
      <object_component id="oc-444">
         <name>.debug_info</name>
         <load_address>0x4145</load_address>
         <run_address>0x4145</run_address>
         <size>0x221</size>
         <input_file_ref idref="fl-4"/>
      </object_component>
      <object_component id="oc-3ca">
         <name>.debug_info</name>
         <load_address>0x4366</load_address>
         <run_address>0x4366</run_address>
         <size>0x255</size>
         <input_file_ref idref="fl-4"/>
      </object_component>
      <object_component id="oc-32b">
         <name>.debug_info</name>
         <load_address>0x45bb</load_address>
         <run_address>0x45bb</run_address>
         <size>0x257</size>
         <input_file_ref idref="fl-4"/>
      </object_component>
      <object_component id="oc-251">
         <name>.debug_info</name>
         <load_address>0x4812</load_address>
         <run_address>0x4812</run_address>
         <size>0x1c8</size>
         <input_file_ref idref="fl-4"/>
      </object_component>
      <object_component id="oc-2cb">
         <name>.debug_info</name>
         <load_address>0x49da</load_address>
         <run_address>0x49da</run_address>
         <size>0x243</size>
         <input_file_ref idref="fl-4"/>
      </object_component>
      <object_component id="oc-2d1">
         <name>.debug_info</name>
         <load_address>0x4c1d</load_address>
         <run_address>0x4c1d</run_address>
         <size>0x243</size>
         <input_file_ref idref="fl-4"/>
      </object_component>
      <object_component id="oc-22e">
         <name>.debug_info</name>
         <load_address>0x4e60</load_address>
         <run_address>0x4e60</run_address>
         <size>0x328</size>
         <input_file_ref idref="fl-4"/>
      </object_component>
      <object_component id="oc-40b">
         <name>.debug_info</name>
         <load_address>0x5188</load_address>
         <run_address>0x5188</run_address>
         <size>0x1df</size>
         <input_file_ref idref="fl-4"/>
      </object_component>
      <object_component id="oc-316">
         <name>.debug_info</name>
         <load_address>0x5367</load_address>
         <run_address>0x5367</run_address>
         <size>0x1fa</size>
         <input_file_ref idref="fl-4"/>
      </object_component>
      <object_component id="oc-3d6">
         <name>.debug_info</name>
         <load_address>0x5561</load_address>
         <run_address>0x5561</run_address>
         <size>0x197</size>
         <input_file_ref idref="fl-4"/>
      </object_component>
      <object_component id="oc-24b">
         <name>.debug_info</name>
         <load_address>0x56f8</load_address>
         <run_address>0x56f8</run_address>
         <size>0x1a2</size>
         <input_file_ref idref="fl-4"/>
      </object_component>
      <object_component id="oc-33e">
         <name>.debug_info</name>
         <load_address>0x589a</load_address>
         <run_address>0x589a</run_address>
         <size>0x18d</size>
         <input_file_ref idref="fl-4"/>
      </object_component>
      <object_component id="oc-1cf">
         <name>.debug_info</name>
         <load_address>0x5a27</load_address>
         <run_address>0x5a27</run_address>
         <size>0x103</size>
         <input_file_ref idref="fl-5"/>
      </object_component>
      <object_component id="oc-2f5">
         <name>.debug_info</name>
         <load_address>0x5b2a</load_address>
         <run_address>0x5b2a</run_address>
         <size>0x193</size>
         <input_file_ref idref="fl-5"/>
      </object_component>
      <object_component id="oc-2fb">
         <name>.debug_info</name>
         <load_address>0x5cbd</load_address>
         <run_address>0x5cbd</run_address>
         <size>0x1ac</size>
         <input_file_ref idref="fl-5"/>
      </object_component>
      <object_component id="oc-190">
         <name>.debug_info</name>
         <load_address>0x5e69</load_address>
         <run_address>0x5e69</run_address>
         <size>0x274</size>
         <input_file_ref idref="fl-6"/>
      </object_component>
      <object_component id="oc-273">
         <name>.debug_info</name>
         <load_address>0x60dd</load_address>
         <run_address>0x60dd</run_address>
         <size>0x109</size>
         <input_file_ref idref="fl-6"/>
      </object_component>
      <object_component id="oc-18d">
         <name>.debug_info</name>
         <load_address>0x61e6</load_address>
         <run_address>0x61e6</run_address>
         <size>0x3e3</size>
         <input_file_ref idref="fl-6"/>
      </object_component>
      <object_component id="oc-270">
         <name>.debug_info</name>
         <load_address>0x65c9</load_address>
         <run_address>0x65c9</run_address>
         <size>0x11b</size>
         <input_file_ref idref="fl-6"/>
      </object_component>
      <object_component id="oc-138">
         <name>.debug_info</name>
         <load_address>0x66e4</load_address>
         <run_address>0x66e4</run_address>
         <size>0x32c</size>
         <input_file_ref idref="fl-6"/>
      </object_component>
      <object_component id="oc-102">
         <name>.debug_info</name>
         <load_address>0x6a10</load_address>
         <run_address>0x6a10</run_address>
         <size>0x1b0</size>
         <input_file_ref idref="fl-6"/>
      </object_component>
      <object_component id="oc-1b6">
         <name>.debug_info</name>
         <load_address>0x6bc0</load_address>
         <run_address>0x6bc0</run_address>
         <size>0x2b5</size>
         <input_file_ref idref="fl-6"/>
      </object_component>
      <object_component id="oc-26a">
         <name>.debug_info</name>
         <load_address>0x6e75</load_address>
         <run_address>0x6e75</run_address>
         <size>0x3ab</size>
         <input_file_ref idref="fl-6"/>
      </object_component>
      <object_component id="oc-1c8">
         <name>.debug_info</name>
         <load_address>0x7220</load_address>
         <run_address>0x7220</run_address>
         <size>0x183</size>
         <input_file_ref idref="fl-6"/>
      </object_component>
      <object_component id="oc-25e">
         <name>.debug_info</name>
         <load_address>0x73a3</load_address>
         <run_address>0x73a3</run_address>
         <size>0x2c8</size>
         <input_file_ref idref="fl-6"/>
      </object_component>
      <object_component id="oc-338">
         <name>.debug_info</name>
         <load_address>0x766b</load_address>
         <run_address>0x766b</run_address>
         <size>0x1b1</size>
         <input_file_ref idref="fl-6"/>
      </object_component>
      <object_component id="oc-344">
         <name>.debug_info</name>
         <load_address>0x781c</load_address>
         <run_address>0x781c</run_address>
         <size>0x19c</size>
         <input_file_ref idref="fl-6"/>
      </object_component>
      <object_component id="oc-389">
         <name>.debug_info</name>
         <load_address>0x79b8</load_address>
         <run_address>0x79b8</run_address>
         <size>0x186</size>
         <input_file_ref idref="fl-6"/>
      </object_component>
      <object_component id="oc-38f">
         <name>.debug_info</name>
         <load_address>0x7b3e</load_address>
         <run_address>0x7b3e</run_address>
         <size>0x18c</size>
         <input_file_ref idref="fl-6"/>
      </object_component>
      <object_component id="oc-395">
         <name>.debug_info</name>
         <load_address>0x7cca</load_address>
         <run_address>0x7cca</run_address>
         <size>0x192</size>
         <input_file_ref idref="fl-6"/>
      </object_component>
      <object_component id="oc-39b">
         <name>.debug_info</name>
         <load_address>0x7e5c</load_address>
         <run_address>0x7e5c</run_address>
         <size>0x192</size>
         <input_file_ref idref="fl-6"/>
      </object_component>
      <object_component id="oc-3a1">
         <name>.debug_info</name>
         <load_address>0x7fee</load_address>
         <run_address>0x7fee</run_address>
         <size>0x186</size>
         <input_file_ref idref="fl-6"/>
      </object_component>
      <object_component id="oc-3a7">
         <name>.debug_info</name>
         <load_address>0x8174</load_address>
         <run_address>0x8174</run_address>
         <size>0x18e</size>
         <input_file_ref idref="fl-6"/>
      </object_component>
      <object_component id="oc-3ad">
         <name>.debug_info</name>
         <load_address>0x8302</load_address>
         <run_address>0x8302</run_address>
         <size>0x1a4</size>
         <input_file_ref idref="fl-6"/>
      </object_component>
      <object_component id="oc-3b3">
         <name>.debug_info</name>
         <load_address>0x84a6</load_address>
         <run_address>0x84a6</run_address>
         <size>0x194</size>
         <input_file_ref idref="fl-6"/>
      </object_component>
      <object_component id="oc-3b9">
         <name>.debug_info</name>
         <load_address>0x863a</load_address>
         <run_address>0x863a</run_address>
         <size>0x198</size>
         <input_file_ref idref="fl-6"/>
      </object_component>
      <object_component id="oc-3bf">
         <name>.debug_info</name>
         <load_address>0x87d2</load_address>
         <run_address>0x87d2</run_address>
         <size>0x19e</size>
         <input_file_ref idref="fl-6"/>
      </object_component>
      <object_component id="oc-34b">
         <name>.debug_info</name>
         <load_address>0x8970</load_address>
         <run_address>0x8970</run_address>
         <size>0x19a</size>
         <input_file_ref idref="fl-6"/>
      </object_component>
      <object_component id="oc-351">
         <name>.debug_info</name>
         <load_address>0x8b0a</load_address>
         <run_address>0x8b0a</run_address>
         <size>0x1a0</size>
         <input_file_ref idref="fl-6"/>
      </object_component>
      <object_component id="oc-357">
         <name>.debug_info</name>
         <load_address>0x8caa</load_address>
         <run_address>0x8caa</run_address>
         <size>0x18e</size>
         <input_file_ref idref="fl-6"/>
      </object_component>
      <object_component id="oc-35d">
         <name>.debug_info</name>
         <load_address>0x8e38</load_address>
         <run_address>0x8e38</run_address>
         <size>0x18e</size>
         <input_file_ref idref="fl-6"/>
      </object_component>
      <object_component id="oc-363">
         <name>.debug_info</name>
         <load_address>0x8fc6</load_address>
         <run_address>0x8fc6</run_address>
         <size>0x176</size>
         <input_file_ref idref="fl-6"/>
      </object_component>
      <object_component id="oc-369">
         <name>.debug_info</name>
         <load_address>0x913c</load_address>
         <run_address>0x913c</run_address>
         <size>0x17e</size>
         <input_file_ref idref="fl-6"/>
      </object_component>
      <object_component id="oc-36f">
         <name>.debug_info</name>
         <load_address>0x92ba</load_address>
         <run_address>0x92ba</run_address>
         <size>0x1a0</size>
         <input_file_ref idref="fl-6"/>
      </object_component>
      <object_component id="oc-375">
         <name>.debug_info</name>
         <load_address>0x945a</load_address>
         <run_address>0x945a</run_address>
         <size>0x190</size>
         <input_file_ref idref="fl-6"/>
      </object_component>
      <object_component id="oc-37b">
         <name>.debug_info</name>
         <load_address>0x95ea</load_address>
         <run_address>0x95ea</run_address>
         <size>0x1ba</size>
         <input_file_ref idref="fl-6"/>
      </object_component>
      <object_component id="oc-381">
         <name>.debug_info</name>
         <load_address>0x97a4</load_address>
         <run_address>0x97a4</run_address>
         <size>0x19a</size>
         <input_file_ref idref="fl-6"/>
      </object_component>
      <object_component id="oc-19d">
         <name>.debug_info</name>
         <load_address>0x993e</load_address>
         <run_address>0x993e</run_address>
         <size>0x213</size>
         <input_file_ref idref="fl-7"/>
      </object_component>
      <object_component id="oc-141">
         <name>.debug_info</name>
         <load_address>0x9b51</load_address>
         <run_address>0x9b51</run_address>
         <size>0x1c1</size>
         <input_file_ref idref="fl-7"/>
      </object_component>
      <object_component id="oc-14d">
         <name>.debug_info</name>
         <load_address>0x9d12</load_address>
         <run_address>0x9d12</run_address>
         <size>0x189</size>
         <input_file_ref idref="fl-7"/>
      </object_component>
      <object_component id="oc-13e">
         <name>.debug_info</name>
         <load_address>0x9e9b</load_address>
         <run_address>0x9e9b</run_address>
         <size>0x105</size>
         <input_file_ref idref="fl-7"/>
      </object_component>
      <object_component id="oc-144">
         <name>.debug_info</name>
         <load_address>0x9fa0</load_address>
         <run_address>0x9fa0</run_address>
         <size>0x119</size>
         <input_file_ref idref="fl-7"/>
      </object_component>
      <object_component id="oc-147">
         <name>.debug_info</name>
         <load_address>0xa0b9</load_address>
         <run_address>0xa0b9</run_address>
         <size>0x11d</size>
         <input_file_ref idref="fl-7"/>
      </object_component>
      <object_component id="oc-14a">
         <name>.debug_info</name>
         <load_address>0xa1d6</load_address>
         <run_address>0xa1d6</run_address>
         <size>0x119</size>
         <input_file_ref idref="fl-7"/>
      </object_component>
      <object_component id="oc-d4">
         <name>.debug_info</name>
         <load_address>0xa2ef</load_address>
         <run_address>0xa2ef</run_address>
         <size>0x19f</size>
         <input_file_ref idref="fl-7"/>
      </object_component>
      <object_component id="oc-fc">
         <name>.debug_info</name>
         <load_address>0xa48e</load_address>
         <run_address>0xa48e</run_address>
         <size>0x1a6</size>
         <input_file_ref idref="fl-7"/>
      </object_component>
      <object_component id="oc-41e">
         <name>.debug_info</name>
         <load_address>0xa634</load_address>
         <run_address>0xa634</run_address>
         <size>0x164</size>
         <input_file_ref idref="fl-9"/>
      </object_component>
      <object_component id="oc-287">
         <name>.debug_info</name>
[...]
         <name>__TI_Handler_Table_Base</name>
         <value>0x206c7c</value>
      </symbol>
      <symbol id="sm-a">
         <name>__TI_Handler_Table_Limit</name>
         <value>0x206c84</value>
      </symbol>
      <symbol id="sm-b">
         <name>binit</name>
         <value>0xffffffff</value>
      </symbol>
      <symbol id="sm-c">
         <name>__binit__</name>
         <value>0xffffffff</value>
      </symbol>
      <symbol id="sm-d">
         <name>__STACK_SIZE</name>
         <value>0x100</value>
      </symbol>
      <symbol id="sm-e">
         <name>__STACK_END</name>
         <value>0x20001d24</value>
      </symbol>
      <symbol id="sm-f">
         <name>__c_args__</name>
         <value>0xffffffff</value>
      </symbol>
      <symbol id="sm-10">
         <name>__TI_pprof_out_hndl</name>
         <value>0xffffffff</value>
      </symbol>
      <symbol id="sm-11">
         <name>__TI_prof_data_start</name>
         <value>0xffffffff</value>
      </symbol>
      <symbol id="sm-12">
         <name>__TI_prof_data_size</name>
         <value>0xffffffff</value>
      </symbol>
      <symbol id="sm-163">
         <name>Modbus_OSL_MainState_Get</name>
         <value>0x206921</value>
         <object_component_ref idref="oc-1a9"/>
      </symbol>
      <symbol id="sm-164">
         <name>Modbus_OSL_Serial_Comm</name>
         <value>0x2064e1</value>
         <object_component_ref idref="oc-155"/>
      </symbol>
      <symbol id="sm-165">
         <name>UART0IntHandler</name>
         <value>0x206005</value>
         <object_component_ref idref="oc-236"/>
      </symbol>
      <symbol id="sm-166">
         <name>Modbus_OSL_State_Get</name>
         <value>0x206939</value>
         <object_component_ref idref="oc-45d"/>
      </symbol>
      <symbol id="sm-167">
         <name>Modbus_OSL_Get_Baudrate</name>
         <value>0x206915</value>
         <object_component_ref idref="oc-2c4"/>
      </symbol>
      <symbol id="sm-168">
         <name>Modbus_OSL_Frame_Get</name>
         <value>0x206909</value>
         <object_component_ref idref="oc-330"/>
      </symbol>
      <symbol id="sm-169">
         <name>pollcounter</name>
         <value>0x20667d</value>
         <object_component_ref idref="oc-15b"/>
      </symbol>
      <symbol id="sm-16a">
         <name>Modbus_OSL_MainState_Set</name>
         <value>0x206795</value>
         <object_component_ref idref="oc-1c1"/>
      </symbol>
      <symbol id="sm-16b">
         <name>Modbus_OSL_Output</name>
         <value>0x205d85</value>
         <object_component_ref idref="oc-278"/>
      </symbol>
      <symbol id="sm-16c">
         <name>Modbus_OSL_Frame_Set</name>
         <value>0x20677d</value>
         <object_component_ref idref="oc-1d9"/>
      </symbol>
      <symbol id="sm-16d">
         <name>Modbus_Fatal_Error</name>
         <value>0x206965</value>
         <object_component_ref idref="oc-263"/>
      </symbol>
      <symbol id="sm-16e">
         <name>Modbus_OSL_State_Set</name>
         <value>0x2067ad</value>
         <object_component_ref idref="oc-2be"/>
      </symbol>
      <symbol id="sm-16f">
         <name>UARTSend</name>
         <value>0x20650d</value>
         <object_component_ref idref="oc-227"/>
      </symbol>
      <symbol id="sm-170">
         <name>Modbus_OSL_Init</name>
         <value>0x20430d</value>
         <object_component_ref idref="oc-186"/>
      </symbol>
      <symbol id="sm-171">
         <name>Modbus_OSL_BroadCast_Get</name>
         <value>0x2068fd</value>
         <object_component_ref idref="oc-1bb"/>
      </symbol>
      <symbol id="sm-25e">
         <name>Modbus_OSL_RTU_L_Msg_Get</name>
         <value>0x2068c5</value>
         <object_component_ref idref="oc-33d"/>
      </symbol>
      <symbol id="sm-25f">
         <name>Modbus_OSL_RTU_Init</name>
         <value>0x204e81</value>
         <object_component_ref idref="oc-22d"/>
      </symbol>
      <symbol id="sm-260">
         <name>Modbus_OSL_RTU_Char_Get</name>
         <value>0x2066f9</value>
         <object_component_ref idref="oc-24a"/>
      </symbol>
      <symbol id="sm-261">
         <name>Modbus_OSL_RTU_Mount_ADU</name>
         <value>0x2060c1</value>
         <object_component_ref idref="oc-3c9"/>
      </symbol>
      <symbol id="sm-262">
         <name>Modbus_OSL_RTU_Control_CRC</name>
         <value>0x206565</value>
         <object_component_ref idref="oc-250"/>
      </symbol>
      <symbol id="sm-263">
         <name>Modbus_OSL_RTU_15T</name>
         <value>0x20647d</value>
         <object_component_ref idref="oc-40a"/>
      </symbol>
      <symbol id="sm-264">
         <name>Modbus_OSL_RTU_Get_Timeout_35</name>
         <value>0x20692d</value>
         <object_component_ref idref="oc-3d5"/>
      </symbol>
      <symbol id="sm-265">
         <name>Modbus_OSL_RTU_UART</name>
         <value>0x2062b5</value>
         <object_component_ref idref="oc-315"/>
      </symbol>
      <symbol id="sm-282">
         <name>counter</name>
         <value>0x20001c1c</value>
         <object_component_ref idref="oc-1ce"/>
      </symbol>
      <symbol id="sm-283">
         <name>Timer0IntHandler</name>
         <value>0x206715</value>
         <object_component_ref idref="oc-2f4"/>
      </symbol>
      <symbol id="sm-284">
         <name>Timer1IntHandler</name>
         <value>0x206855</value>
         <object_component_ref idref="oc-2fa"/>
      </symbol>
      <symbol id="sm-4f1">
         <name>Modbus_App_L_Msg_Set</name>
         <value>0x20674d</value>
         <object_component_ref idref="oc-343"/>
      </symbol>
      <symbol id="sm-4f2">
         <name>Modbus_App_Send</name>
         <value>0x206765</value>
         <object_component_ref idref="oc-1c7"/>
      </symbol>
      <symbol id="sm-4f3">
         <name>Modbus_Slave_Communication</name>
         <value>0x206945</value>
         <object_component_ref idref="oc-101"/>
      </symbol>
      <symbol id="sm-4f4">
         <name>Modbus_App_Receive_Char</name>
         <value>0x20665d</value>
         <object_component_ref idref="oc-337"/>
      </symbol>
      <symbol id="sm-4f5">
         <name>Modbus_App_Manage_Request</name>
         <value>0x204f45</value>
         <object_component_ref idref="oc-1b5"/>
      </symbol>
      <symbol id="sm-4f6">
         <name>Modbus_Slave_Init</name>
         <value>0x205701</value>
         <object_component_ref idref="oc-137"/>
      </symbol>
      <symbol id="sm-553">
         <name>main</name>
         <value>0x206825</value>
         <object_component_ref idref="oc-d3"/>
      </symbol>
      <symbol id="sm-554">
         <name>init</name>
         <value>0x20418d</value>
         <object_component_ref idref="oc-fb"/>
      </symbol>
      <symbol id="sm-567">
         <name>CPUcpsie</name>
         <value>0x2068ef</value>
         <object_component_ref idref="oc-286"/>
      </symbol>
      <symbol id="sm-568">
         <name>CPUcpsid</name>
         <value>0x2068e3</value>
         <object_component_ref idref="oc-41d"/>
      </symbol>
      <symbol id="sm-56f">
         <name>z1secvalues</name>
         <value>0x200000</value>
         <object_component_ref idref="oc-3e"/>
      </symbol>
      <symbol id="sm-570">
         <name>z1_csm_rsvd</name>
         <value>0x200024</value>
         <object_component_ref idref="oc-3f"/>
      </symbol>
      <symbol id="sm-576">
         <name>z2_csm_rsvd</name>
         <value>0x27ff00</value>
         <object_component_ref idref="oc-41"/>
      </symbol>
      <symbol id="sm-577">
         <name>z2secvalues</name>
         <value>0x27ffdc</value>
         <object_component_ref idref="oc-40"/>
      </symbol>
      <symbol id="sm-5c9">
         <name>GPIOPinConfigure</name>
         <value>0x205359</value>
         <object_component_ref idref="oc-1eb"/>
      </symbol>
      <symbol id="sm-5ca">
         <name>GPIOPinTypeUART</name>
         <value>0x20661b</value>
         <object_component_ref idref="oc-1f1"/>
      </symbol>
      <symbol id="sm-5cb">
         <name>GPIOPinTypeGPIOOutput</name>
         <value>0x2065f9</value>
         <object_component_ref idref="oc-209"/>
      </symbol>
      <symbol id="sm-5cc">
         <name>GPIODirModeSet</name>
         <value>0x206065</value>
         <object_component_ref idref="oc-291"/>
      </symbol>
      <symbol id="sm-5cd">
         <name>GPIOPinWrite</name>
         <value>0x20663d</value>
         <object_component_ref idref="oc-20f"/>
      </symbol>
      <symbol id="sm-5ce">
         <name>GPIOPadConfigSet</name>
         <value>0x2052b1</value>
         <object_component_ref idref="oc-297"/>
      </symbol>
      <symbol id="sm-624">
         <name>IntEnable</name>
         <value>0x205159</value>
         <object_component_ref idref="oc-21b"/>
      </symbol>
      <symbol id="sm-625">
         <name>IntDisable</name>
         <value>0x2050ad</value>
         <object_component_ref idref="oc-414"/>
      </symbol>
      <symbol id="sm-626">
         <name>IntRegister</name>
         <value>0x20611d</value>
         <object_component_ref idref="oc-215"/>
      </symbol>
      <symbol id="sm-627">
         <name>IntMasterDisable</name>
         <value>0x206951</value>
         <object_component_ref idref="oc-322"/>
      </symbol>
      <symbol id="sm-628">
         <name>g_pfnRAMVectors</name>
         <value>0x20002000</value>
         <object_component_ref idref="oc-2af"/>
      </symbol>
      <symbol id="sm-629">
         <name>IntMasterEnable</name>
         <value>0x20695b</value>
         <object_component_ref idref="oc-1e5"/>
      </symbol>
      <symbol id="sm-6c4">
         <name>SysCtlXPllClockDividerSet</name>
         <value>0x2058b9</value>
         <object_component_ref idref="oc-130"/>
      </symbol>
      <symbol id="sm-6c5">
         <name>SysCtlClockConfigSet</name>
         <value>0x20621d</value>
         <object_component_ref idref="oc-f5"/>
      </symbol>
      <symbol id="sm-6c6">
         <name>SysCtlDelay</name>
         <value>0x206971</value>
         <object_component_ref idref="oc-183"/>
      </symbol>
      <symbol id="sm-6c7">
         <name>SysCtlPeripheralEnable</name>
         <value>0x2062fd</value>
         <object_component_ref idref="oc-1df"/>
      </symbol>
      <symbol id="sm-6c8">
         <name>SysCtlClockPllConfig</name>
         <value>0x204001</value>
         <object_component_ref idref="oc-124"/>
      </symbol>
      <symbol id="sm-6c9">
         <name>SysCtlClockGet</name>
         <value>0x204b51</value>
         <object_component_ref idref="oc-1f7"/>
      </symbol>
      <symbol id="sm-6ca">
         <name>SysCtlClockConfigGet</name>
         <value>0x205795</value>
         <object_component_ref idref="oc-165"/>
      </symbol>
      <symbol id="sm-6cb">
         <name>SysCtlPeripheralIsEnabled</name>
         <value>0x20640d</value>
         <object_component_ref idref="oc-16b"/>
      </symbol>
      <symbol id="sm-6cc">
         <name>SysCtlClockDividersSet</name>
         <value>0x204479</value>
         <object_component_ref idref="oc-12a"/>
      </symbol>
      <symbol id="sm-6fb">
         <name>TimerLoadSet</name>
         <value>0x206539</value>
         <object_component_ref idref="oc-2dc"/>
      </symbol>
      <symbol id="sm-6fc">
         <name>TimerEnable</name>
         <value>0x20669d</value>
         <object_component_ref idref="oc-2e8"/>
      </symbol>
      <symbol id="sm-6fd">
         <name>TimerIntEnable</name>
         <value>0x2067c5</value>
         <object_component_ref idref="oc-2e2"/>
      </symbol>
      <symbol id="sm-6fe">
         <name>TimerConfigure</name>
         <value>0x206445</value>
         <object_component_ref idref="oc-2d6"/>
      </symbol>
      <symbol id="sm-6ff">
         <name>TimerIntClear</name>
         <value>0x20687d</value>
         <object_component_ref idref="oc-403"/>
      </symbol>
      <symbol id="sm-767">
         <name>UARTCharPutNonBlocking</name>
         <value>0x2065b1</value>
         <object_component_ref idref="oc-2b6"/>
      </symbol>
      <symbol id="sm-768">
         <name>UARTConfigSetExpClk</name>
         <value>0x205bb5</value>
         <object_component_ref idref="oc-1fd"/>
      </symbol>
      <symbol id="sm-769">
         <name>UARTDisable</name>
         <value>0x2064b1</value>
         <object_component_ref idref="oc-29f"/>
      </symbol>
      <symbol id="sm-76a">
         <name>UARTIntEnable</name>
         <value>0x20680d</value>
         <object_component_ref idref="oc-221"/>
      </symbol>
      <symbol id="sm-76b">
         <name>UARTCharsAvail</name>
         <value>0x2067dd</value>
         <object_component_ref idref="oc-31b"/>
      </symbol>
      <symbol id="sm-76c">
         <name>UARTCharGetNonBlocking</name>
         <value>0x206731</value>
         <object_component_ref idref="oc-30f"/>
      </symbol>
      <symbol id="sm-76d">
         <name>UARTCharPut</name>
         <value>0x2066bb</value>
         <object_component_ref idref="oc-44a"/>
      </symbol>
      <symbol id="sm-76e">
         <name>UARTEnable</name>
         <value>0x2065d5</value>
         <object_component_ref idref="oc-2a5"/>
      </symbol>
      <symbol id="sm-76f">
         <name>UARTIntClear</name>
         <value>0x20688f</value>
         <object_component_ref idref="oc-309"/>
      </symbol>
      <symbol id="sm-770">
         <name>UARTIntStatus</name>
         <value>0x2066d9</value>
         <object_component_ref idref="oc-303"/>
      </symbol>
      <symbol id="sm-771">
         <name>UARTFIFOLevelSet</name>
         <value>0x2067f5</value>
         <object_component_ref idref="oc-203"/>
      </symbol>
      <symbol id="sm-786">
         <name>WatchdogRunning</name>
         <value>0x2068b3</value>
         <object_component_ref idref="oc-171"/>
      </symbol>
      <symbol id="sm-787">
         <name>WatchdogReloadSet</name>
         <value>0x2068a1</value>
         <object_component_ref idref="oc-177"/>
      </symbol>
      <symbol id="sm-7c6">
         <name>ResetISR</name>
         <value>0x200031</value>
         <object_component_ref idref="oc-43"/>
      </symbol>
      <symbol id="sm-7c7">
         <name>g_pfnVectors</name>
         <value>0x201000</value>
         <object_component_ref idref="oc-1e"/>
      </symbol>
      <symbol id="sm-7da">
         <name>_c_int00</name>
         <value>0x2063cd</value>
         <object_component_ref idref="oc-33"/>
      </symbol>
      <symbol id="sm-7db">
         <name>__stack</name>
         <value>0x20001c24</value>
         <object_component_ref idref="oc-42"/>
      </symbol>
      <symbol id="sm-7f2">
         <name>__TI_decompress_none</name>
         <value>0x2068d5</value>
         <object_component_ref idref="oc-21"/>
      </symbol>
      <symbol id="sm-815">
         <name>__TI_decompress_rle24</name>
         <value>0x206977</value>
         <object_component_ref idref="oc-27"/>
      </symbol>
      <symbol id="sm-837">
         <name>C$$EXIT</name>
         <value>0x2061c9</value>
         <object_component_ref idref="oc-9b"/>
      </symbol>
      <symbol id="sm-838">
         <name>abort</name>
         <value>0x2061cd</value>
         <object_component_ref idref="oc-9b"/>
      </symbol>
      <symbol id="sm-839">
         <name>exit</name>
         <value>0x2061d5</value>
         <object_component_ref idref="oc-9b"/>
      </symbol>
      <symbol id="sm-83a">
         <name>__TI_dtors_ptr</name>
         <value>0x20001bec</value>
         <object_component_ref idref="oc-db"/>
      </symbol>
      <symbol id="sm-83b">
         <name>__TI_cleanup_ptr</name>
         <value>0x20001be8</value>
         <object_component_ref idref="oc-db"/>
      </symbol>
      <symbol id="sm-83c">
         <name>__TI_enable_exit_profile_output</name>
         <value>0x20001bf0</value>
         <object_component_ref idref="oc-db"/>
      </symbol>
      <symbol id="sm-857">
         <name>memcpy</name>
         <value>0x205535</value>
         <object_component_ref idref="oc-5e"/>
      </symbol>
      <symbol id="sm-858">
         <name>__aeabi_memcpy</name>
         <value>0x205535</value>
         <object_component_ref idref="oc-5e"/>
      </symbol>
      <symbol id="sm-859">
         <name>__aeabi_memcpy8</name>
         <value>0x205535</value>
         <object_component_ref idref="oc-5e"/>
      </symbol>
      <symbol id="sm-85a">
         <name>__aeabi_memcpy4</name>
         <value>0x205535</value>
         <object_component_ref idref="oc-5e"/>
      </symbol>
      <symbol id="sm-869">
         <name>__aeabi_memset</name>
         <value>0x205a4b</value>
         <object_component_ref idref="oc-77"/>
      </symbol>
      <symbol id="sm-86a">
         <name>memset</name>
         <value>0x205a51</value>
         <object_component_ref idref="oc-77"/>
      </symbol>
      <symbol id="sm-86b">
         <name>__aeabi_memset8</name>
         <value>0x205a4b</value>
         <object_component_ref idref="oc-77"/>
      </symbol>
      <symbol id="sm-86c">
         <name>__aeabi_memset4</name>
         <value>0x205a4b</value>
         <object_component_ref idref="oc-77"/>
      </symbol>
      <symbol id="sm-86d">
         <name>__aeabi_memclr8</name>
         <value>0x205a49</value>
         <object_component_ref idref="oc-77"/>
      </symbol>
      <symbol id="sm-86e">
         <name>__aeabi_memclr4</name>
         <value>0x205a49</value>
         <object_component_ref idref="oc-77"/>
      </symbol>
      <symbol id="sm-86f">
         <name>__aeabi_memclr</name>
         <value>0x205a49</value>
         <object_component_ref idref="oc-77"/>
      </symbol>
      <symbol id="sm-879">
         <name>__mpu_init</name>
         <value>0x205f3b</value>
         <object_component_ref idref="oc-83"/>
      </symbol>
      <symbol id="sm-883">
         <name>_system_pre_init</name>
         <value>0x20697d</value>
         <object_component_ref idref="oc-89"/>
      </symbol>
      <symbol id="sm-88b">
         <name>main_func_sp</name>
         <value>0x20001c20</value>
         <object_component_ref idref="oc-a1"/>
      </symbol>
      <symbol id="sm-8a9">
         <name>_nop</name>
         <value>0x206877</value>
         <object_component_ref idref="oc-111"/>
      </symbol>
      <symbol id="sm-8aa">
         <name>_lock</name>
         <value>0x20001c0c</value>
         <object_component_ref idref="oc-de"/>
      </symbol>
      <symbol id="sm-8ab">
         <name>_unlock</name>
         <value>0x20001c10</value>
         <object_component_ref idref="oc-de"/>
      </symbol>
      <symbol id="sm-8ac">
         <name>_register_lock</name>
         <value>0x20686f</value>
         <object_component_ref idref="oc-111"/>
      </symbol>
      <symbol id="sm-8ad">
         <name>_register_unlock</name>
         <value>0x206869</value>
         <object_component_ref idref="oc-111"/>
      </symbol>
      <symbol id="sm-8c1">
         <name>_args_main</name>
         <value>0x20683d</value>
         <object_component_ref idref="oc-95"/>
      </symbol>
      <symbol id="sm-8e6">
         <name>__TI_auto_init</name>
         <value>0x205df5</value>
         <object_component_ref idref="oc-8f"/>
      </symbol>
      <symbol id="sm-900">
         <name>copy_in</name>
         <value>0x206269</value>
         <object_component_ref idref="oc-c5"/>
      </symbol>
      <symbol id="sm-90b">
         <name>_system_post_cinit</name>
         <value>0x2063cb</value>
         <object_component_ref idref="oc-cb"/>
      </symbol>
      <symbol id="sm-90c">
         <name>__TI_static_base__</name>
         <value>0x206a20</value>
      </symbol>
      <symbol id="sm-90f">
         <name>SHT$$INIT_ARRAY$$Limit</name>
         <value>0x0</value>
      </symbol>
      <symbol id="sm-910">
         <name>SHT$$INIT_ARRAY$$Base</name>
         <value>0x0</value>
      </symbol>
   </symbol_table>
   <title>Link successful</title>
</link_info>
