<?xml version="1.0"?>
<link_info>
   <banner>TI ARM Linker Unix v15.12.1.LTS</banner>
   <copyright>Copyright (c) 1996-2015 Texas Instruments Incorporated</copyright>
   <link_time>0x59288627</link_time>
   <link_errors>0x0</link_errors>
   <output_file>Modbus-CAN-ARM-Cortex-M3.out</output_file>
   <entry_point>
      <name>_c_int00</name>
      <address>0x2075</address>
   </entry_point>
   <input_file_list>
      <input_file id="fl-2">
         <path>./Application/source/</path>
         <kind>object</kind>
         <file>Modbus_CAN.obj</file>
         <name>Modbus_CAN.obj</name>
      </input_file>
      <input_file id="fl-3">
         <path>./Application/source/</path>
         <kind>object</kind>
         <file>Modbus_OSL.obj</file>
         <name>Modbus_OSL.obj</name>
      </input_file>
      <input_file id="fl-4">
         <path>./Application/source/</path>
         <kind>object</kind>
         <file>Modbus_OSL_RTU.obj</file>
         <name>Modbus_OSL_RTU.obj</name>
      </input_file>
      <input_file id="fl-5">
         <path>./Application/source/</path>
         <kind>object</kind>
         <file>Modbus_OSL_Timers.obj</file>
         <name>Modbus_OSL_Timers.obj</name>
      </input_file>
      <input_file id="fl-6">
         <path>./Application/source/</path>
         <kind>object</kind>
         <file>Modbus_app.obj</file>
         <name>Modbus_app.obj</name>
      </input_file>
      <input_file id="fl-7">
         <path>./Application/source/</path>
         <kind>object</kind>
         <file>maintest_slave.obj</file>
         <name>maintest_slave.obj</name>
      </input_file>
      <input_file id="fl-8">
         <path>./F28M35H52C_System/driverlib/</path>
         <kind>object</kind>
         <file>can.obj</file>
         <name>can.obj</name>
      </input_file>
      <input_file id="fl-9">
         <path>./F28M35H52C_System/driverlib/</path>
         <kind>object</kind>
         <file>cpu.obj</file>
         <name>cpu.obj</name>
      </input_file>
      <input_file id="fl-a">
         <path>./F28M35H52C_System/driverlib/</path>
         <kind>object</kind>
         <file>dcsm.obj</file>
         <name>dcsm.obj</name>
      </input_file>
      <input_file id="fl-b">
         <path>./F28M35H52C_System/driverlib/</path>
         <kind>object</kind>
         <file>dcsm_z1_secvalues.obj</file>
         <name>dcsm_z1_secvalues.obj</name>
      </input_file>
      <input_file id="fl-c">
         <path>./F28M35H52C_System/driverlib/</path>
         <kind>object</kind>
         <file>dcsm_z2_secvalues.obj</file>
         <name>dcsm_z2_secvalues.obj</name>
      </input_file>
      <input_file id="fl-d">
         <path>./F28M35H52C_System/driverlib/</path>
         <kind>object</kind>
         <file>epi.obj</file>
         <name>epi.obj</name>
      </input_file>
      <input_file id="fl-e">
         <path>./F28M35H52C_System/driverlib/</path>
         <kind>object</kind>
         <file>ethernet.obj</file>
         <name>ethernet.obj</name>
      </input_file>
      <input_file id="fl-f">
         <path>./F28M35H52C_System/driverlib/</path>
         <kind>object</kind>
         <file>flash.obj</file>
         <name>flash.obj</name>
      </input_file>
      <input_file id="fl-10">
         <path>./F28M35H52C_System/driverlib/</path>
         <kind>object</kind>
         <file>gpio.obj</file>
         <name>gpio.obj</name>
      </input_file>
      <input_file id="fl-11">
         <path>./F28M35H52C_System/driverlib/</path>
         <kind>object</kind>
         <file>hwbist.obj</file>
         <name>hwbist.obj</name>
      </input_file>
      <input_file id="fl-12">
         <path>./F28M35H52C_System/driverlib/</path>
         <kind>object</kind>
         <file>hwbistcontext.obj</file>
         <name>hwbistcontext.obj</name>
      </input_file>
      <input_file id="fl-13">
         <path>./F28M35H52C_System/driverlib/</path>
         <kind>object</kind>
         <file>i2c.obj</file>
         <name>i2c.obj</name>
      </input_file>
      <input_file id="fl-14">
         <path>./F28M35H52C_System/driverlib/</path>
         <kind>object</kind>
         <file>interrupt.obj</file>
         <name>interrupt.obj</name>
      </input_file>
      <input_file id="fl-15">
         <path>./F28M35H52C_System/driverlib/</path>
         <kind>object</kind>
         <file>ipc.obj</file>
         <name>ipc.obj</name>
      </input_file>
      <input_file id="fl-16">
         <path>./F28M35H52C_System/driverlib/</path>
         <kind>object</kind>
         <file>ipc_lite.obj</file>
         <name>ipc_lite.obj</name>
      </input_file>
      <input_file id="fl-17">
         <path>./F28M35H52C_System/driverlib/</path>
         <kind>object</kind>
         <file>ipc_util.obj</file>
         <name>ipc_util.obj</name>
      </input_file>
      <input_file id="fl-18">
         <path>./F28M35H52C_System/driverlib/</path>
         <kind>object</kind>
         <file>mpu.obj</file>
         <name>mpu.obj</name>
      </input_file>
      <input_file id="fl-19">
         <path>./F28M35H52C_System/driverlib/</path>
         <kind>object</kind>
         <file>pbist.obj</file>
         <name>pbist.obj</name>
      </input_file>
      <input_file id="fl-1a">
         <path>./F28M35H52C_System/driverlib/</path>
         <kind>object</kind>
         <file>ram.obj</file>
         <name>ram.obj</name>
      </input_file>
      <input_file id="fl-1b">
         <path>./F28M35H52C_System/driverlib/</path>
         <kind>object</kind>
         <file>ssi.obj</file>
         <name>ssi.obj</name>
      </input_file>
      <input_file id="fl-1c">
         <path>./F28M35H52C_System/driverlib/</path>
         <kind>object</kind>
         <file>sysctl.obj</file>
         <name>sysctl.obj</name>
      </input_file>
      <input_file id="fl-1d">
         <path>./F28M35H52C_System/driverlib/</path>
         <kind>object</kind>
         <file>systick.obj</file>
         <name>systick.obj</name>
      </input_file>
      <input_file id="fl-1e">
         <path>./F28M35H52C_System/driverlib/</path>
         <kind>object</kind>
         <file>timer.obj</file>
         <name>timer.obj</name>
      </input_file>
      <input_file id="fl-1f">
         <path>./F28M35H52C_System/driverlib/</path>
         <kind>object</kind>
         <file>uart.obj</file>
         <name>uart.obj</name>
      </input_file>
      <input_file id="fl-20">
         <path>./F28M35H52C_System/driverlib/</path>
         <kind>object</kind>
         <file>ucrc.obj</file>
         <name>ucrc.obj</name>
      </input_file>
      <input_file id="fl-21">
         <path>./F28M35H52C_System/driverlib/</path>
         <kind>object</kind>
         <file>udma.obj</file>
         <name>udma.obj</name>
      </input_file>
      <input_file id="fl-22">
         <path>./F28M35H52C_System/driverlib/</path>
         <kind>object</kind>
         <file>usb.obj</file>
         <name>usb.obj</name>
      </input_file>
      <input_file id="fl-23">
         <path>./F28M35H52C_System/driverlib/</path>
         <kind>object</kind>
         <file>watchdog.obj</file>
         <name>watchdog.obj</name>
      </input_file>
      <input_file id="fl-24">
         <path>./F28M35H52C_System/utils/</path>
         <kind>object</kind>
         <file>Fapi_UserDefinedFunctions.obj</file>
         <name>Fapi_UserDefinedFunctions.obj</name>
      </input_file>
      <input_file id="fl-25">
         <path>./F28M35H52C_System/utils/</path>
         <kind>object</kind>
         <file>cmdline.obj</file>
         <name>cmdline.obj</name>
      </input_file>
      <input_file id="fl-26">
         <path>./F28M35H52C_System/utils/</path>
         <kind>object</kind>
         <file>cpu_usage.obj</file>
         <name>cpu_usage.obj</name>
      </input_file>
      <input_file id="fl-27">
         <path>./F28M35H52C_System/utils/</path>
         <kind>object</kind>
         <file>crc.obj</file>
         <name>crc.obj</name>
      </input_file>
      <input_file id="fl-28">
         <path>./F28M35H52C_System/utils/</path>
         <kind>object</kind>
         <file>isqrt.obj</file>
         <name>isqrt.obj</name>
      </input_file>
      <input_file id="fl-29">
         <path>./F28M35H52C_System/utils/</path>
         <kind>object</kind>
         <file>ringbuf.obj</file>
         <name>ringbuf.obj</name>
      </input_file>
      <input_file id="fl-2a">
         <path>./F28M35H52C_System/utils/</path>
         <kind>object</kind>
         <file>sine.obj</file>
         <name>sine.obj</name>
      </input_file>
      <input_file id="fl-2b">
         <path>./F28M35H52C_System/utils/</path>
         <kind>object</kind>
         <file>softssi.obj</file>
         <name>softssi.obj</name>
      </input_file>
      <input_file id="fl-2c">
         <path>./F28M35H52C_System/utils/</path>
         <kind>object</kind>
         <file>softuart.obj</file>
         <name>softuart.obj</name>
      </input_file>
      <input_file id="fl-2d">
         <path>./F28M35H52C_System/utils/</path>
         <kind>object</kind>
         <file>startup_ccs.obj</file>
         <name>startup_ccs.obj</name>
      </input_file>
      <input_file id="fl-2e">
         <path>./F28M35H52C_System/utils/</path>
         <kind>object</kind>
         <file>uartsmc.obj</file>
         <name>uartsmc.obj</name>
      </input_file>
      <input_file id="fl-2f">
         <path>./F28M35H52C_System/utils/</path>
         <kind>object</kind>
         <file>uartstdio.obj</file>
         <name>uartstdio.obj</name>
      </input_file>
      <input_file id="fl-30">
         <path>./F28M35H52C_System/utils/</path>
         <kind>object</kind>
         <file>ustdlib.obj</file>
         <name>ustdlib.obj</name>
      </input_file>
      <input_file id="fl-35">
         <path>/home/preetham/ti/ccsv6/tools/compiler/ti-cgt-arm_15.12.1.LTS/lib/</path>
         <kind>archive</kind>
         <file>rtsv7M3_T_le_eabi.lib</file>
         <name>boot.obj</name>
      </input_file>
      <input_file id="fl-36">
         <path>/home/preetham/ti/ccsv6/tools/compiler/ti-cgt-arm_15.12.1.LTS/lib/</path>
         <kind>archive</kind>
         <file>rtsv7M3_T_le_eabi.lib</file>
         <name>copy_decompress_none.obj</name>
      </input_file>
      <input_file id="fl-37">
         <path>/home/preetham/ti/ccsv6/tools/compiler/ti-cgt-arm_15.12.1.LTS/lib/</path>
         <kind>archive</kind>
         <file>rtsv7M3_T_le_eabi.lib</file>
         <name>copy_decompress_rle.obj</name>
      </input_file>
      <input_file id="fl-38">
         <path>/home/preetham/ti/ccsv6/tools/compiler/ti-cgt-arm_15.12.1.LTS/lib/</path>
         <kind>archive</kind>
         <file>rtsv7M3_T_le_eabi.lib</file>
         <name>copy_zero_init.obj</name>
      </input_file>
      <input_file id="fl-39">
         <path>/home/preetham/ti/ccsv6/tools/compiler/ti-cgt-arm_15.12.1.LTS/lib/</path>
         <kind>archive</kind>
         <file>rtsv7M3_T_le_eabi.lib</file>
         <name>exit.obj</name>
      </input_file>
      <input_file id="fl-3a">
         <path>/home/preetham/ti/ccsv6/tools/compiler/ti-cgt-arm_15.12.1.LTS/lib/</path>
         <kind>archive</kind>
         <file>rtsv7M3_T_le_eabi.lib</file>
         <name>memcpy_t2.obj</name>
      </input_file>
      <input_file id="fl-3b">
         <path>/home/preetham/ti/ccsv6/tools/compiler/ti-cgt-arm_15.12.1.LTS/lib/</path>
         <kind>archive</kind>
         <file>rtsv7M3_T_le_eabi.lib</file>
         <name>memset_t2.obj</name>
      </input_file>
      <input_file id="fl-3c">
         <path>/home/preetham/ti/ccsv6/tools/compiler/ti-cgt-arm_15.12.1.LTS/lib/</path>
         <kind>archive</kind>
         <file>rtsv7M3_T_le_eabi.lib</file>
         <name>mpu_init.obj</name>
      </input_file>
      <input_file id="fl-3d">
         <path>/home/preetham/ti/ccsv6/tools/compiler/ti-cgt-arm_15.12.1.LTS/lib/</path>
         <kind>archive</kind>
         <file>rtsv7M3_T_le_eabi.lib</file>
         <name>pre_init.obj</name>
      </input_file>
      <input_file id="fl-3e">
         <path>/home/preetham/ti/ccsv6/tools/compiler/ti-cgt-arm_15.12.1.LTS/lib/</path>
         <kind>archive</kind>
         <file>rtsv7M3_T_le_eabi.lib</file>
         <name>stkdepth_vars.obj</name>
      </input_file>
      <input_file id="fl-3f">
         <path>/home/preetham/ti/ccsv6/tools/compiler/ti-cgt-arm_15.12.1.LTS/lib/</path>
         <kind>archive</kind>
         <file>rtsv7M3_T_le_eabi.lib</file>
         <name>strcmp.obj</name>
      </input_file>
      <input_file id="fl-40">
         <path>/home/preetham/ti/ccsv6/tools/compiler/ti-cgt-arm_15.12.1.LTS/lib/</path>
         <kind>archive</kind>
         <file>rtsv7M3_T_le_eabi.lib</file>
         <name>strlen.obj</name>
      </input_file>
      <input_file id="fl-41">
         <path>/home/preetham/ti/ccsv6/tools/compiler/ti-cgt-arm_15.12.1.LTS/lib/</path>
         <kind>archive</kind>
         <file>rtsv7M3_T_le_eabi.lib</file>
         <name>strncmp.obj</name>
      </input_file>
      <input_file id="fl-42">
         <path>/home/preetham/ti/ccsv6/tools/compiler/ti-cgt-arm_15.12.1.LTS/lib/</path>
         <kind>archive</kind>
         <file>rtsv7M3_T_le_eabi.lib</file>
         <name>strncpy.obj</name>
      </input_file>
      <input_file id="fl-43">
         <path>/home/preetham/ti/ccsv6/tools/compiler/ti-cgt-arm_15.12.1.LTS/lib/</path>
         <kind>archive</kind>
         <file>rtsv7M3_T_le_eabi.lib</file>
         <name>u_divt2.obj</name>
      </input_file>
      <input_file id="fl-44">
         <path>/home/preetham/ti/ccsv6/tools/compiler/ti-cgt-arm_15.12.1.LTS/lib/</path>
         <kind>archive</kind>
         <file>rtsv7M3_T_le_eabi.lib</file>
         <name>_lock.obj</name>
      </input_file>
      <input_file id="fl-45">
         <path>/home/preetham/ti/ccsv6/tools/compiler/ti-cgt-arm_15.12.1.LTS/lib/</path>
         <kind>archive</kind>
         <file>rtsv7M3_T_le_eabi.lib</file>
         <name>args_main.obj</name>
      </input_file>
      <input_file id="fl-46">
         <path>/home/preetham/ti/ccsv6/tools/compiler/ti-cgt-arm_15.12.1.LTS/lib/</path>
         <kind>archive</kind>
         <file>rtsv7M3_T_le_eabi.lib</file>
         <name>autoinit.obj</name>
      </input_file>
      <input_file id="fl-47">
         <path>/home/preetham/ti/ccsv6/tools/compiler/ti-cgt-arm_15.12.1.LTS/lib/</path>
         <kind>archive</kind>
         <file>rtsv7M3_T_le_eabi.lib</file>
         <name>cpy_tbl.obj</name>
      </input_file>
      <input_file id="fl-48">
         <path>/home/preetham/ti/ccsv6/tools/compiler/ti-cgt-arm_15.12.1.LTS/lib/</path>
         <kind>archive</kind>
         <file>rtsv7M3_T_le_eabi.lib</file>
         <name>i_div0.obj</name>
      </input_file>
      <input_file id="fl-49">
         <path>/home/preetham/ti/ccsv6/tools/compiler/ti-cgt-arm_15.12.1.LTS/lib/</path>
         <kind>archive</kind>
         <file>rtsv7M3_T_le_eabi.lib</file>
         <name>startup.obj</name>
      </input_file>
   </input_file_list>
   <object_component_list>
      <object_component id="oc-22c">
         <name>.text:CANMessageSet</name>
         <load_address>0x20</load_address>
         <run_address>0x20</run_address>
         <size>0x1f0</size>
         <input_file_ref idref="fl-8"/>
      </object_component>
      <object_component id="oc-db">
         <name>.text:SysCtlClockPllConfig</name>
         <load_address>0x210</load_address>
         <run_address>0x210</run_address>
         <size>0x18c</size>
         <input_file_ref idref="fl-1c"/>
      </object_component>
      <object_component id="oc-b2">
         <name>.text:init</name>
         <load_address>0x39c</load_address>
         <run_address>0x39c</run_address>
         <size>0x17c</size>
         <input_file_ref idref="fl-7"/>
      </object_component>
      <object_component id="oc-202">
         <name>.text:Modbus_CAN_FixOutput</name>
         <load_address>0x518</load_address>
         <run_address>0x518</run_address>
         <size>0x160</size>
         <input_file_ref idref="fl-2"/>
      </object_component>
      <object_component id="oc-e1">
         <name>.text:SysCtlClockDividersSet</name>
         <load_address>0x678</load_address>
         <run_address>0x678</run_address>
         <size>0x148</size>
         <input_file_ref idref="fl-1c"/>
      </object_component>
      <object_component id="oc-27c">
         <name>.text:Modbus_App_Read_Write_M_Registers</name>
         <load_address>0x7c0</load_address>
         <run_address>0x7c0</run_address>
         <size>0x118</size>
         <input_file_ref idref="fl-6"/>
      </object_component>
      <object_component id="oc-2ba">
         <name>.text:Modbus_App_Read_Write_M_Registers_Check</name>
         <load_address>0x8d8</load_address>
         <run_address>0x8d8</run_address>
         <size>0xf0</size>
         <input_file_ref idref="fl-6"/>
      </object_component>
      <object_component id="oc-246">
         <name>.text:Modbus_App_Read_Coils</name>
         <load_address>0x9c8</load_address>
         <run_address>0x9c8</run_address>
         <size>0xec</size>
         <input_file_ref idref="fl-6"/>
      </object_component>
      <object_component id="oc-24c">
         <name>.text:Modbus_App_Read_D_Inputs</name>
         <load_address>0xab4</load_address>
         <run_address>0xab4</run_address>
         <size>0xec</size>
         <input_file_ref idref="fl-6"/>
      </object_component>
      <object_component id="oc-1a3">
         <name>.text:CANInit</name>
         <load_address>0xba0</load_address>
         <run_address>0xba0</run_address>
         <size>0xe2</size>
         <input_file_ref idref="fl-8"/>
      </object_component>
      <object_component id="oc-40">
         <name>.text</name>
         <load_address>0xc82</load_address>
         <run_address>0xc82</run_address>
         <size>0x2</size>
         <input_file_ref idref="fl-3c"/>
      </object_component>
      <object_component id="oc-26a">
         <name>.text:Modbus_App_Write_M_Coils</name>
         <load_address>0xc84</load_address>
         <run_address>0xc84</run_address>
         <size>0xd8</size>
         <input_file_ref idref="fl-6"/>
      </object_component>
      <object_component id="oc-2a8">
         <name>.text:Modbus_App_Write_M_Coils_Check</name>
         <load_address>0xd5c</load_address>
         <run_address>0xd5c</run_address>
         <size>0xd8</size>
         <input_file_ref idref="fl-6"/>
      </object_component>
      <object_component id="oc-276">
         <name>.text:Modbus_App_Mask_Write_Register</name>
         <load_address>0xe34</load_address>
         <run_address>0xe34</run_address>
         <size>0xc4</size>
         <input_file_ref idref="fl-6"/>
      </object_component>
      <object_component id="oc-168">
         <name>.text:Modbus_App_Manage_Request</name>
         <load_address>0xef8</load_address>
         <run_address>0xef8</run_address>
         <size>0xb8</size>
         <input_file_ref idref="fl-6"/>
      </object_component>
      <object_component id="oc-1f5">
         <name>.text:Modbus_App_Check_Request_Data</name>
         <load_address>0xfb0</load_address>
         <run_address>0xfb0</run_address>
         <size>0xb0</size>
         <input_file_ref idref="fl-6"/>
      </object_component>
      <object_component id="oc-1b5">
         <name>.text:IntEnable</name>
         <load_address>0x1060</load_address>
         <run_address>0x1060</run_address>
         <size>0xac</size>
         <input_file_ref idref="fl-14"/>
      </object_component>
      <object_component id="oc-270">
         <name>.text:Modbus_App_Write_M_Registers</name>
         <load_address>0x110c</load_address>
         <run_address>0x110c</run_address>
         <size>0xac</size>
         <input_file_ref idref="fl-6"/>
      </object_component>
      <object_component id="oc-216">
         <name>.text:GPIOPadConfigSet</name>
         <load_address>0x11b8</load_address>
         <run_address>0x11b8</run_address>
         <size>0xa6</size>
         <input_file_ref idref="fl-10"/>
      </object_component>
      <object_component id="oc-82">
         <name>.text</name>
         <load_address>0x125e</load_address>
         <run_address>0x125e</run_address>
         <size>0x2</size>
         <input_file_ref idref="fl-49"/>
      </object_component>
      <object_component id="oc-13c">
         <name>.text:Modbus_CAN_Init</name>
         <load_address>0x1260</load_address>
         <run_address>0x1260</run_address>
         <size>0xa4</size>
         <input_file_ref idref="fl-2"/>
      </object_component>
      <object_component id="oc-252">
         <name>.text:Modbus_App_Read_H_Registers</name>
         <load_address>0x1304</load_address>
         <run_address>0x1304</run_address>
         <size>0x9c</size>
         <input_file_ref idref="fl-6"/>
      </object_component>
      <object_component id="oc-258">
         <name>.text:Modbus_App_Read_I_Registers</name>
         <load_address>0x13a0</load_address>
         <run_address>0x13a0</run_address>
         <size>0x9c</size>
         <input_file_ref idref="fl-6"/>
      </object_component>
      <object_component id="oc-1b">
         <name>.text</name>
         <load_address>0x143c</load_address>
         <run_address>0x143c</run_address>
         <size>0x9c</size>
         <input_file_ref idref="fl-3a"/>
      </object_component>
      <object_component id="oc-2ae">
         <name>.text:Modbus_App_Write_M_Registers_Check</name>
         <load_address>0x14d8</load_address>
         <run_address>0x14d8</run_address>
         <size>0x98</size>
         <input_file_ref idref="fl-6"/>
      </object_component>
      <object_component id="oc-11b">
         <name>.text:SysCtlClockConfigGet</name>
         <load_address>0x1570</load_address>
         <run_address>0x1570</run_address>
         <size>0x94</size>
         <input_file_ref idref="fl-1c"/>
      </object_component>
      <object_component id="oc-1a9">
         <name>.text:CANBitTimingSet</name>
         <load_address>0x1604</load_address>
         <run_address>0x1604</run_address>
         <size>0x92</size>
         <input_file_ref idref="fl-8"/>
      </object_component>
      <object_component id="oc-e7">
         <name>.text:SysCtlXPllClockDividerSet</name>
         <load_address>0x1698</load_address>
         <run_address>0x1698</run_address>
         <size>0x90</size>
         <input_file_ref idref="fl-1c"/>
      </object_component>
      <object_component id="oc-ee">
         <name>.text:Modbus_Slave_Init</name>
         <load_address>0x1728</load_address>
         <run_address>0x1728</run_address>
         <size>0x88</size>
         <input_file_ref idref="fl-6"/>
      </object_component>
      <object_component id="oc-1e9">
         <name>.text:Modbus_App_Process_Action</name>
         <load_address>0x17b0</load_address>
         <run_address>0x17b0</run_address>
         <size>0x84</size>
         <input_file_ref idref="fl-6"/>
      </object_component>
      <object_component id="oc-25e">
         <name>.text:Modbus_App_Write_Coil</name>
         <load_address>0x1834</load_address>
         <run_address>0x1834</run_address>
         <size>0x84</size>
         <input_file_ref idref="fl-6"/>
      </object_component>
      <object_component id="oc-197">
         <name>.text:Modbus_CAN_SetBitRate</name>
         <load_address>0x18b8</load_address>
         <run_address>0x18b8</run_address>
         <size>0x7c</size>
         <input_file_ref idref="fl-2"/>
      </object_component>
      <object_component id="oc-34">
         <name>.text</name>
         <load_address>0x1934</load_address>
         <run_address>0x1934</run_address>
         <size>0x7a</size>
         <input_file_ref idref="fl-3b"/>
      </object_component>
      <object_component id="oc-284">
         <name>.text:Modbus_App_Read_Coils_Check</name>
         <load_address>0x19b0</load_address>
         <run_address>0x19b0</run_address>
         <size>0x78</size>
         <input_file_ref idref="fl-6"/>
      </object_component>
      <object_component id="oc-28a">
         <name>.text:Modbus_App_Read_D_Inputs_Check</name>
         <load_address>0x1a28</load_address>
         <run_address>0x1a28</run_address>
         <size>0x78</size>
         <input_file_ref idref="fl-6"/>
      </object_component>
      <object_component id="oc-290">
         <name>.text:Modbus_App_Read_H_Registers_Check</name>
         <load_address>0x1aa0</load_address>
         <run_address>0x1aa0</run_address>
         <size>0x74</size>
         <input_file_ref idref="fl-6"/>
      </object_component>
      <object_component id="oc-296">
         <name>.text:Modbus_App_Read_I_Registers_Check</name>
         <load_address>0x1b14</load_address>
         <run_address>0x1b14</run_address>
         <size>0x74</size>
         <input_file_ref idref="fl-6"/>
      </object_component>
      <object_component id="oc-1c1">
         <name>.text:Modbus_CAN_ReceptionConfiguration</name>
         <load_address>0x1b88</load_address>
         <run_address>0x1b88</run_address>
         <size>0x74</size>
         <input_file_ref idref="fl-2"/>
      </object_component>
      <object_component id="oc-29c">
         <name>.text:Modbus_App_Write_Coil_Check</name>
         <load_address>0x1bfc</load_address>
         <run_address>0x1bfc</run_address>
         <size>0x70</size>
         <input_file_ref idref="fl-6"/>
      </object_component>
      <object_component id="oc-4c">
         <name>.text</name>
         <load_address>0x1c6c</load_address>
         <run_address>0x1c6c</run_address>
         <size>0x70</size>
         <input_file_ref idref="fl-46"/>
      </object_component>
      <object_component id="oc-27">
         <name>.text</name>
         <load_address>0x1cdc</load_address>
         <run_address>0x1cdc</run_address>
         <size>0x6a</size>
         <input_file_ref idref="fl-37"/>
      </object_component>
      <object_component id="oc-264">
         <name>.text:Modbus_App_Write_Register</name>
         <load_address>0x1d48</load_address>
         <run_address>0x1d48</run_address>
         <size>0x68</size>
         <input_file_ref idref="fl-6"/>
      </object_component>
      <object_component id="oc-2a2">
         <name>.text:Modbus_App_Write_Register_Check</name>
         <load_address>0x1db0</load_address>
         <run_address>0x1db0</run_address>
         <size>0x60</size>
         <input_file_ref idref="fl-6"/>
      </object_component>
      <object_component id="oc-210">
         <name>.text:GPIODirModeSet</name>
         <load_address>0x1e10</load_address>
         <run_address>0x1e10</run_address>
         <size>0x5c</size>
         <input_file_ref idref="fl-10"/>
      </object_component>
      <object_component id="oc-58">
         <name>.text</name>
         <load_address>0x1e6c</load_address>
         <run_address>0x1e6c</run_address>
         <size>0x54</size>
         <input_file_ref idref="fl-39"/>
      </object_component>
      <object_component id="oc-111">
         <name>.text:Modbus_CAN_Controller</name>
         <load_address>0x1ec0</load_address>
         <run_address>0x1ec0</run_address>
         <size>0x50</size>
         <input_file_ref idref="fl-2"/>
      </object_component>
      <object_component id="oc-ac">
         <name>.text:SysCtlClockConfigSet</name>
         <load_address>0x1f10</load_address>
         <run_address>0x1f10</run_address>
         <size>0x4c</size>
         <input_file_ref idref="fl-1c"/>
      </object_component>
      <object_component id="oc-7c">
         <name>.text</name>
         <load_address>0x1f5c</load_address>
         <run_address>0x1f5c</run_address>
         <size>0x4c</size>
         <input_file_ref idref="fl-47"/>
      </object_component>
      <object_component id="oc-185">
         <name>.text:SysCtlPeripheralEnable</name>
         <load_address>0x1fa8</load_address>
         <run_address>0x1fa8</run_address>
         <size>0x48</size>
         <input_file_ref idref="fl-1c"/>
      </object_component>
      <object_component id="oc-2b4">
         <name>.text:Modbus_App_Mask_Write_Register_Check</name>
         <load_address>0x1ff0</load_address>
         <run_address>0x1ff0</run_address>
         <size>0x44</size>
         <input_file_ref idref="fl-6"/>
      </object_component>
      <object_component id="oc-15c">
         <name>.text:Modbus_CAN_to_App</name>
         <load_address>0x2034</load_address>
         <run_address>0x2034</run_address>
         <size>0x40</size>
         <input_file_ref idref="fl-2"/>
      </object_component>
      <object_component id="oc-15">
         <name>.text</name>
         <load_address>0x2074</load_address>
         <run_address>0x2074</run_address>
         <size>0x40</size>
         <input_file_ref idref="fl-35"/>
      </object_component>
      <object_component id="oc-2d6">
         <name>.text:CANDataRegWrite</name>
         <load_address>0x20b4</load_address>
         <run_address>0x20b4</run_address>
         <size>0x3a</size>
         <input_file_ref idref="fl-8"/>
      </object_component>
      <object_component id="oc-121">
         <name>.text:SysCtlPeripheralIsEnabled</name>
         <load_address>0x20f0</load_address>
         <run_address>0x20f0</run_address>
         <size>0x38</size>
         <input_file_ref idref="fl-1c"/>
      </object_component>
      <object_component id="oc-19d">
         <name>.text:GPIOPinTypeCAN</name>
         <load_address>0x2128</load_address>
         <run_address>0x2128</run_address>
         <size>0x22</size>
         <input_file_ref idref="fl-10"/>
      </object_component>
      <object_component id="oc-18b">
         <name>.text:GPIOPinTypeGPIOOutput</name>
         <load_address>0x214a</load_address>
         <run_address>0x214a</run_address>
         <size>0x22</size>
         <input_file_ref idref="fl-10"/>
      </object_component>
      <object_component id="oc-21d">
         <name>.text:GPIOPinWrite</name>
         <load_address>0x216c</load_address>
         <run_address>0x216c</run_address>
         <size>0x20</size>
         <input_file_ref idref="fl-10"/>
      </object_component>
      <object_component id="oc-1de">
         <name>.text:Modbus_App_Receive_Char</name>
         <load_address>0x218c</load_address>
         <run_address>0x218c</run_address>
         <size>0x20</size>
         <input_file_ref idref="fl-6"/>
      </object_component>
      <object_component id="oc-1af">
         <name>.text:CANIntEnable</name>
         <load_address>0x21ac</load_address>
         <run_address>0x21ac</run_address>
         <size>0x18</size>
         <input_file_ref idref="fl-8"/>
      </object_component>
      <object_component id="oc-1d8">
         <name>.text:Modbus_App_L_Msg_Set</name>
         <load_address>0x21c4</load_address>
         <run_address>0x21c4</run_address>
         <size>0x18</size>
         <input_file_ref idref="fl-6"/>
      </object_component>
      <object_component id="oc-16e">
         <name>.text:Modbus_App_Send</name>
         <load_address>0x21dc</load_address>
         <run_address>0x21dc</run_address>
         <size>0x18</size>
         <input_file_ref idref="fl-6"/>
      </object_component>
      <object_component id="oc-174">
         <name>.text:Modbus_CAN_Error_Management</name>
         <load_address>0x21f4</load_address>
         <run_address>0x21f4</run_address>
         <size>0x18</size>
         <input_file_ref idref="fl-2"/>
      </object_component>
      <object_component id="oc-162">
         <name>.text:Modbus_SetMainState</name>
         <load_address>0x220c</load_address>
         <run_address>0x220c</run_address>
         <size>0x18</size>
         <input_file_ref idref="fl-2"/>
      </object_component>
      <object_component id="oc-8a">
         <name>.text:main</name>
         <load_address>0x2224</load_address>
         <run_address>0x2224</run_address>
         <size>0x18</size>
         <input_file_ref idref="fl-7"/>
      </object_component>
      <object_component id="oc-52">
         <name>.text</name>
         <load_address>0x223c</load_address>
         <run_address>0x223c</run_address>
         <size>0x18</size>
         <input_file_ref idref="fl-45"/>
      </object_component>
      <object_component id="oc-1bb">
         <name>.text:CANEnable</name>
         <load_address>0x2254</load_address>
         <run_address>0x2254</run_address>
         <size>0x16</size>
         <input_file_ref idref="fl-8"/>
      </object_component>
      <object_component id="oc-1c7">
         <name>.text:ledOff</name>
         <load_address>0x226c</load_address>
         <run_address>0x226c</run_address>
         <size>0x14</size>
         <input_file_ref idref="fl-2"/>
      </object_component>
      <object_component id="oc-191">
         <name>.text:ledOn</name>
         <load_address>0x2280</load_address>
         <run_address>0x2280</run_address>
         <size>0x14</size>
         <input_file_ref idref="fl-2"/>
      </object_component>
      <object_component id="oc-c8">
         <name>.text</name>
         <load_address>0x2294</load_address>
         <run_address>0x2294</run_address>
         <size>0x14</size>
         <input_file_ref idref="fl-44"/>
      </object_component>
      <object_component id="oc-12d">
         <name>.text:WatchdogReloadSet</name>
         <load_address>0x22a8</load_address>
         <run_address>0x22a8</run_address>
         <size>0x12</size>
         <input_file_ref idref="fl-23"/>
      </object_component>
      <object_component id="oc-127">
         <name>.text:WatchdogRunning</name>
         <load_address>0x22ba</load_address>
         <run_address>0x22ba</run_address>
         <size>0x12</size>
         <input_file_ref idref="fl-23"/>
      </object_component>
      <object_component id="oc-2c5">
         <name>.text:Modbus_CAN_Delay</name>
         <load_address>0x22cc</load_address>
         <run_address>0x22cc</run_address>
         <size>0x10</size>
         <input_file_ref idref="fl-2"/>
      </object_component>
      <object_component id="oc-3">
         <name>.text:decompress:none</name>
         <load_address>0x22dc</load_address>
         <run_address>0x22dc</run_address>
         <size>0xe</size>
         <input_file_ref idref="fl-36"/>
      </object_component>
      <object_component id="oc-1ef">
         <name>.text:Modbus_CAN_BroadCast_Get</name>
         <load_address>0x22ec</load_address>
         <run_address>0x22ec</run_address>
         <size>0xc</size>
         <input_file_ref idref="fl-2"/>
      </object_component>
      <object_component id="oc-156">
         <name>.text:Modbus_GetMainState</name>
         <load_address>0x22f8</load_address>
         <run_address>0x22f8</run_address>
         <size>0xc</size>
         <input_file_ref idref="fl-2"/>
      </object_component>
      <object_component id="oc-b8">
         <name>.text:Modbus_Slave_Communication</name>
         <load_address>0x2304</load_address>
         <run_address>0x2304</run_address>
         <size>0x8</size>
         <input_file_ref idref="fl-6"/>
      </object_component>
      <object_component id="oc-139">
         <name>.text:SysCtlDelay</name>
         <load_address>0x230c</load_address>
         <run_address>0x230c</run_address>
         <size>0x6</size>
         <input_file_ref idref="fl-1c"/>
      </object_component>
      <object_component id="oc-9">
         <name>.text:decompress:rle24</name>
         <load_address>0x2312</load_address>
         <run_address>0x2312</run_address>
         <size>0x6</size>
         <input_file_ref idref="fl-37"/>
      </object_component>
      <object_component id="oc-46">
         <name>.text</name>
         <load_address>0x2318</load_address>
         <run_address>0x2318</run_address>
         <size>0x4</size>
         <input_file_ref idref="fl-3d"/>
      </object_component>
      <object_component id="oc-17f">
         <name>.const:g_pulRCGCRegs</name>
         <load_address>0x3854</load_address>
         <run_address>0x3854</run_address>
         <size>0x14</size>
         <input_file_ref idref="fl-1c"/>
      </object_component>
      <object_component id="oc-f7">
         <name>.data</name>
         <load_address>0x3848</load_address>
         <run_address>0x3848</run_address>
         <size>0x8</size>
         <input_file_ref idref="fl-7"/>
      </object_component>
      <object_component id="oc-92">
         <name>.data:$O1$$</name>
         <load_address>0x3834</load_address>
         <run_address>0x3834</run_address>
         <size>0xc</size>
         <input_file_ref idref="fl-39"/>
      </object_component>
      <object_component id="oc-5e">
         <name>.data</name>
         <load_address>0x3850</load_address>
         <run_address>0x3850</run_address>
         <size>0x4</size>
         <input_file_ref idref="fl-3e"/>
      </object_component>
      <object_component id="oc-95">
         <name>.data:$O1$$</name>
         <load_address>0x3840</load_address>
         <run_address>0x3840</run_address>
         <size>0x8</size>
         <input_file_ref idref="fl-44"/>
      </object_component>
      <object_component id="oc-17a">
         <name>.bss</name>
         <uninitialized>true</uninitialized>
         <run_address>0x381c</run_address>
         <size>0xc</size>
         <input_file_ref idref="fl-2"/>
      </object_component>
      <object_component id="oc-1e4">
         <name>.bss:input_pdu</name>
         <uninitialized>true</uninitialized>
         <run_address>0x34bc</run_address>
         <size>0x100</size>
         <input_file_ref idref="fl-2"/>
      </object_component>
      <object_component id="oc-235">
         <name>.bss:buffer_input_pdu</name>
         <uninitialized>true</uninitialized>
         <run_address>0x3828</run_address>
         <size>0x8</size>
         <input_file_ref idref="fl-2"/>
      </object_component>
      <object_component id="oc-1cd">
         <name>.bss:modbus_canbit</name>
         <uninitialized>true</uninitialized>
         <run_address>0x380c</run_address>
         <size>0x10</size>
         <input_file_ref idref="fl-2"/>
      </object_component>
      <object_component id="oc-232">
         <name>.bss:RxObject</name>
         <uninitialized>true</uninitialized>
         <run_address>0x37d4</run_address>
         <size>0x14</size>
         <input_file_ref idref="fl-2"/>
      </object_component>
      <object_component id="oc-2cb">
         <name>.bss:TxObject</name>
         <uninitialized>true</uninitialized>
         <run_address>0x37e8</run_address>
         <size>0x14</size>
         <input_file_ref idref="fl-2"/>
      </object_component>
      <object_component id="oc-1fe">
         <name>.bss:Modbus_App_Msg</name>
         <uninitialized>true</uninitialized>
         <run_address>0x32bc</run_address>
         <size>0x100</size>
         <input_file_ref idref="fl-6"/>
      </object_component>
      <object_component id="oc-142">
         <name>.bss</name>
         <uninitialized>true</uninitialized>
         <run_address>0x37b4</run_address>
         <size>0x20</size>
         <input_file_ref idref="fl-6"/>
      </object_component>
      <object_component id="oc-1fb">
         <name>.bss:Modbus_App_Response_pdu</name>
         <uninitialized>true</uninitialized>
         <run_address>0x33bc</run_address>
         <size>0x100</size>
         <input_file_ref idref="fl-6"/>
      </object_component>
      <object_component id="oc-103">
         <name>.bss</name>
         <uninitialized>true</uninitialized>
         <run_address>0x37fc</run_address>
         <size>0x10</size>
         <input_file_ref idref="fl-7"/>
      </object_component>
      <object_component id="oc-f4">
         <name>.bss:coils_data</name>
         <uninitialized>true</uninitialized>
         <run_address>0x231c</run_address>
         <size>0x7d0</size>
         <input_file_ref idref="fl-7"/>
      </object_component>
      <object_component id="oc-fa">
         <name>.bss:discrete_inputs_data</name>
         <uninitialized>true</uninitialized>
         <run_address>0x2aec</run_address>
         <size>0x7d0</size>
         <input_file_ref idref="fl-7"/>
      </object_component>
      <object_component id="oc-fd">
         <name>.bss:holding_registers_data</name>
         <uninitialized>true</uninitialized>
         <run_address>0x35bc</run_address>
         <size>0xfc</size>
         <input_file_ref idref="fl-7"/>
      </object_component>
      <object_component id="oc-100">
         <name>.bss:input_registers_data</name>
         <uninitialized>true</uninitialized>
         <run_address>0x36b8</run_address>
         <size>0xfc</size>
         <input_file_ref idref="fl-7"/>
      </object_component>
      <object_component id="oc-145">
         <name>.common:bit_rate_range</name>
         <uninitialized>true</uninitialized>
         <run_address>0x3830</run_address>
         <size>0x1</size>
      </object_component>
      <object_component id="oc-31f">
         <name>.cinit..data.load</name>
         <load_address>0x3968</load_address>
         <run_address>0x3968</run_address>
         <size>0x1f</size>
      </object_component>
      <object_component id="oc-320">
         <name>.cinit..bss.load</name>
         <load_address>0x3988</load_address>
         <run_address>0x3988</run_address>
         <size>0xb</size>
      </object_component>
      <object_component id="oc-31d">
         <name>__TI_handler_table</name>
         <load_address>0x3994</load_address>
         <run_address>0x3994</run_address>
         <size>0x8</size>
      </object_component>
      <object_component id="oc-31e">
         <name>__TI_cinit_table</name>
         <load_address>0x399c</load_address>
         <run_address>0x399c</run_address>
         <size>0x10</size>
      </object_component>
      <object_component id="oc-245">
         <name>.debug_info</name>
         <load_address>0x0</load_address>
         <run_address>0x0</run_address>
         <size>0x4d4</size>
         <input_file_ref idref="fl-2"/>
      </object_component>
      <object_component id="oc-17b">
         <name>.debug_info</name>
         <load_address>0x4d4</load_address>
         <run_address>0x4d4</run_address>
         <size>0x23c</size>
         <input_file_ref idref="fl-2"/>
      </object_component>
      <object_component id="oc-1e5">
         <name>.debug_info</name>
         <load_address>0x710</load_address>
         <run_address>0x710</run_address>
         <size>0xf8</size>
         <input_file_ref idref="fl-2"/>
      </object_component>
      <object_component id="oc-236">
         <name>.debug_info</name>
         <load_address>0x808</load_address>
         <run_address>0x808</run_address>
         <size>0x106</size>
         <input_file_ref idref="fl-2"/>
      </object_component>
      <object_component id="oc-1ce">
         <name>.debug_info</name>
         <load_address>0x90e</load_address>
         <run_address>0x90e</run_address>
         <size>0x100</size>
         <input_file_ref idref="fl-2"/>
      </object_component>
      <object_component id="oc-233">
         <name>.debug_info</name>
         <load_address>0xa0e</load_address>
         <run_address>0xa0e</run_address>
         <size>0xf6</size>
         <input_file_ref idref="fl-2"/>
      </object_component>
      <object_component id="oc-2cc">
         <name>.debug_info</name>
         <load_address>0xb04</load_address>
         <run_address>0xb04</run_address>
         <size>0xf6</size>
         <input_file_ref idref="fl-2"/>
      </object_component>
      <object_component id="oc-192">
         <name>.debug_info</name>
         <load_address>0xbfa</load_address>
         <run_address>0xbfa</run_address>
         <size>0x162</size>
         <input_file_ref idref="fl-2"/>
      </object_component>
      <object_component id="oc-1c8">
         <name>.debug_info</name>
         <load_address>0xd5c</load_address>
         <run_address>0xd5c</run_address>
         <size>0x164</size>
         <input_file_ref idref="fl-2"/>
      </object_component>
      <object_component id="oc-13d">
         <name>.debug_info</name>
         <load_address>0xec0</load_address>
         <run_address>0xec0</run_address>
         <size>0x347</size>
         <input_file_ref idref="fl-2"/>
      </object_component>
      <object_component id="oc-157">
         <name>.debug_info</name>
         <load_address>0x1207</load_address>
         <run_address>0x1207</run_address>
         <size>0x16d</size>
         <input_file_ref idref="fl-2"/>
      </object_component>
      <object_component id="oc-163">
         <name>.debug_info</name>
         <load_address>0x1374</load_address>
         <run_address>0x1374</run_address>
         <size>0x190</size>
         <input_file_ref idref="fl-2"/>
      </object_component>
      <object_component id="oc-198">
         <name>.debug_info</name>
         <load_address>0x1504</load_address>
         <run_address>0x1504</run_address>
         <size>0x1c2</size>
         <input_file_ref idref="fl-2"/>
      </object_component>
      <object_component id="oc-203">
         <name>.debug_info</name>
         <load_address>0x16c6</load_address>
         <run_address>0x16c6</run_address>
         <size>0x2c8</size>
         <input_file_ref idref="fl-2"/>
      </object_component>
      <object_component id="oc-1c2">
         <name>.debug_info</name>
         <load_address>0x198e</load_address>
         <run_address>0x198e</run_address>
         <size>0x1cc</size>
         <input_file_ref idref="fl-2"/>
      </object_component>
      <object_component id="oc-112">
         <name>.debug_info</name>
         <load_address>0x1b5a</load_address>
         <run_address>0x1b5a</run_address>
         <size>0x24c</size>
         <input_file_ref idref="fl-2"/>
      </object_component>
      <object_component id="oc-2c6">
         <name>.debug_info</name>
         <load_address>0x1da6</load_address>
         <run_address>0x1da6</run_address>
         <size>0x178</size>
         <input_file_ref idref="fl-2"/>
      </object_component>
      <object_component id="oc-1f0">
         <name>.debug_info</name>
         <load_address>0x1f1e</load_address>
         <run_address>0x1f1e</run_address>
         <size>0x17a</size>
         <input_file_ref idref="fl-2"/>
      </object_component>
      <object_component id="oc-15d">
         <name>.debug_info</name>
         <load_address>0x2098</load_address>
         <run_address>0x2098</run_address>
         <size>0x1b5</size>
         <input_file_ref idref="fl-2"/>
      </object_component>
      <object_component id="oc-175">
         <name>.debug_info</name>
         <load_address>0x224d</load_address>
         <run_address>0x224d</run_address>
         <size>0x19d</size>
         <input_file_ref idref="fl-2"/>
      </object_component>
      <object_component id="oc-23c">
         <name>.debug_info</name>
         <load_address>0x23ea</load_address>
         <run_address>0x23ea</run_address>
         <size>0x1a9</size>
         <input_file_ref idref="fl-2"/>
      </object_component>
      <object_component id="oc-10c">
         <name>.debug_info</name>
         <load_address>0x2593</load_address>
         <run_address>0x2593</run_address>
         <size>0x8a</size>
         <input_file_ref idref="fl-2"/>
      </object_component>
      <object_component id="oc-6a">
         <name>.debug_info</name>
         <load_address>0x261d</load_address>
         <run_address>0x261d</run_address>
         <size>0x84</size>
         <input_file_ref idref="fl-2"/>
      </object_component>
      <object_component id="oc-107">
         <name>.debug_info</name>
         <load_address>0x26a1</load_address>
         <run_address>0x26a1</run_address>
         <size>0x18b</size>
         <input_file_ref idref="fl-2"/>
      </object_component>
      <object_component id="oc-134">
         <name>.debug_info</name>
         <load_address>0x282c</load_address>
         <run_address>0x282c</run_address>
         <size>0x2c</size>
         <input_file_ref idref="fl-2"/>
      </object_component>
      <object_component id="oc-146">
         <name>.debug_info</name>
         <load_address>0x2858</load_address>
         <run_address>0x2858</run_address>
         <size>0x28a</size>
         <input_file_ref idref="fl-6"/>
      </object_component>
      <object_component id="oc-1ff">
         <name>.debug_info</name>
         <load_address>0x2ae2</load_address>
         <run_address>0x2ae2</run_address>
         <size>0x102</size>
         <input_file_ref idref="fl-6"/>
      </object_component>
      <object_component id="oc-143">
         <name>.debug_info</name>
         <load_address>0x2be4</load_address>
         <run_address>0x2be4</run_address>
         <size>0x3ac</size>
         <input_file_ref idref="fl-6"/>
      </object_component>
      <object_component id="oc-1fc">
         <name>.debug_info</name>
         <load_address>0x2f90</load_address>
         <run_address>0x2f90</run_address>
         <size>0x114</size>
         <input_file_ref idref="fl-6"/>
      </object_component>
      <object_component id="oc-ef">
         <name>.debug_info</name>
         <load_address>0x30a4</load_address>
         <run_address>0x30a4</run_address>
         <size>0x2fc</size>
         <input_file_ref idref="fl-6"/>
      </object_component>
      <object_component id="oc-b9">
         <name>.debug_info</name>
         <load_address>0x33a0</load_address>
         <run_address>0x33a0</run_address>
         <size>0x196</size>
         <input_file_ref idref="fl-6"/>
      </object_component>
      <object_component id="oc-169">
         <name>.debug_info</name>
         <load_address>0x3536</load_address>
         <run_address>0x3536</run_address>
         <size>0x2a3</size>
         <input_file_ref idref="fl-6"/>
      </object_component>
      <object_component id="oc-1f6">
         <name>.debug_info</name>
         <load_address>0x37d9</load_address>
         <run_address>0x37d9</run_address>
         <size>0x3a4</size>
         <input_file_ref idref="fl-6"/>
      </object_component>
      <object_component id="oc-16f">
         <name>.debug_info</name>
         <load_address>0x3b7d</load_address>
         <run_address>0x3b7d</run_address>
         <size>0x17f</size>
         <input_file_ref idref="fl-6"/>
      </object_component>
      <object_component id="oc-1ea">
         <name>.debug_info</name>
         <load_address>0x3cfc</load_address>
         <run_address>0x3cfc</run_address>
         <size>0x2e3</size>
         <input_file_ref idref="fl-6"/>
      </object_component>
      <object_component id="oc-1df">
         <name>.debug_info</name>
         <load_address>0x3fdf</load_address>
         <run_address>0x3fdf</run_address>
         <size>0x1aa</size>
         <input_file_ref idref="fl-6"/>
      </object_component>
      <object_component id="oc-1d9">
         <name>.debug_info</name>
         <load_address>0x4189</load_address>
         <run_address>0x4189</run_address>
         <size>0x195</size>
         <input_file_ref idref="fl-6"/>
      </object_component>
      <object_component id="oc-285">
         <name>.debug_info</name>
         <load_address>0x431e</load_address>
         <run_address>0x431e</run_address>
         <size>0x17f</size>
         <input_file_ref idref="fl-6"/>
      </object_component>
      <object_component id="oc-28b">
         <name>.debug_info</name>
         <load_address>0x449d</load_address>
         <run_address>0x449d</run_address>
         <size>0x185</size>
         <input_file_ref idref="fl-6"/>
      </object_component>
      <object_component id="oc-291">
         <name>.debug_info</name>
         <load_address>0x4622</load_address>
         <run_address>0x4622</run_address>
         <size>0x18b</size>
         <input_file_ref idref="fl-6"/>
      </object_component>
      <object_component id="oc-297">
         <name>.debug_info</name>
         <load_address>0x47ad</load_address>
         <run_address>0x47ad</run_address>
         <size>0x18b</size>
         <input_file_ref idref="fl-6"/>
      </object_component>
      <object_component id="oc-29d">
         <name>.debug_info</name>
         <load_address>0x4938</load_address>
         <run_address>0x4938</run_address>
         <size>0x17f</size>
         <input_file_ref idref="fl-6"/>
      </object_component>
      <object_component id="oc-2a3">
         <name>.debug_info</name>
         <load_address>0x4ab7</load_address>
         <run_address>0x4ab7</run_address>
         <size>0x187</size>
         <input_file_ref idref="fl-6"/>
      </object_component>
      <object_component id="oc-2a9">
         <name>.debug_info</name>
         <load_address>0x4c3e</load_address>
         <run_address>0x4c3e</run_address>
         <size>0x19d</size>
         <input_file_ref idref="fl-6"/>
      </object_component>
      <object_component id="oc-2af">
         <name>.debug_info</name>
         <load_address>0x4ddb</load_address>
         <run_address>0x4ddb</run_address>
         <size>0x18d</size>
         <input_file_ref idref="fl-6"/>
      </object_component>
      <object_component id="oc-2b5">
         <name>.debug_info</name>
         <load_address>0x4f68</load_address>
         <run_address>0x4f68</run_address>
         <size>0x191</size>
         <input_file_ref idref="fl-6"/>
      </object_component>
      <object_component id="oc-2bb">
         <name>.debug_info</name>
         <load_address>0x50f9</load_address>
         <run_address>0x50f9</run_address>
         <size>0x197</size>
         <input_file_ref idref="fl-6"/>
      </object_component>
      <object_component id="oc-247">
         <name>.debug_info</name>
         <load_address>0x5290</load_address>
         <run_address>0x5290</run_address>
         <size>0x193</size>
         <input_file_ref idref="fl-6"/>
      </object_component>
      <object_component id="oc-24d">
         <name>.debug_info</name>
         <load_address>0x5423</load_address>
         <run_address>0x5423</run_address>
         <size>0x199</size>
         <input_file_ref idref="fl-6"/>
      </object_component>
      <object_component id="oc-253">
         <name>.debug_info</name>
         <load_address>0x55bc</load_address>
         <run_address>0x55bc</run_address>
         <size>0x187</size>
         <input_file_ref idref="fl-6"/>
      </object_component>
      <object_component id="oc-259">
         <name>.debug_info</name>
         <load_address>0x5743</load_address>
         <run_address>0x5743</run_address>
         <size>0x187</size>
         <input_file_ref idref="fl-6"/>
      </object_component>
      <object_component id="oc-25f">
         <name>.debug_info</name>
         <load_address>0x58ca</load_address>
         <run_address>0x58ca</run_address>
         <size>0x16f</size>
         <input_file_ref idref="fl-6"/>
      </object_component>
      <object_component id="oc-265">
         <name>.debug_info</name>
         <load_address>0x5a39</load_address>
         <run_address>0x5a39</run_address>
         <size>0x177</size>
         <input_file_ref idref="fl-6"/>
      </object_component>
      <object_component id="oc-26b">
         <name>.debug_info</name>
         <load_address>0x5bb0</load_address>
         <run_address>0x5bb0</run_address>
         <size>0x199</size>
         <input_file_ref idref="fl-6"/>
      </object_component>
      <object_component id="oc-271">
         <name>.debug_info</name>
         <load_address>0x5d49</load_address>
         <run_address>0x5d49</run_address>
         <size>0x189</size>
         <input_file_ref idref="fl-6"/>
      </object_component>
      <object_component id="oc-277">
         <name>.debug_info</name>
         <load_address>0x5ed2</load_address>
         <run_address>0x5ed2</run_address>
         <size>0x1b3</size>
         <input_file_ref idref="fl-6"/>
      </object_component>
      <object_component id="oc-27d">
         <name>.debug_info</name>
         <load_address>0x6085</load_address>
         <run_address>0x6085</run_address>
         <size>0x193</size>
         <input_file_ref idref="fl-6"/>
      </object_component>
      <object_component id="oc-14b">
         <name>.debug_info</name>
         <load_address>0x6218</load_address>
         <run_address>0x6218</run_address>
         <size>0x1e0</size>
         <input_file_ref idref="fl-7"/>
      </object_component>
      <object_component id="oc-f8">
         <name>.debug_info</name>
         <load_address>0x63f8</load_address>
         <run_address>0x63f8</run_address>
         <size>0x1ba</size>
         <input_file_ref idref="fl-7"/>
      </object_component>
      <object_component id="oc-104">
         <name>.debug_info</name>
         <load_address>0x65b2</load_address>
         <run_address>0x65b2</run_address>
         <size>0x182</size>
         <input_file_ref idref="fl-7"/>
      </object_component>
      <object_component id="oc-f5">
         <name>.debug_info</name>
         <load_address>0x6734</load_address>
         <run_address>0x6734</run_address>
         <size>0xfe</size>
         <input_file_ref idref="fl-7"/>
      </object_component>
      <object_component id="oc-fb">
         <name>.debug_info</name>
         <load_address>0x6832</load_address>
         <run_address>0x6832</run_address>
         <size>0x112</size>
         <input_file_ref idref="fl-7"/>
      </object_component>
      <object_component id="oc-fe">
         <name>.debug_info</name>
         <load_address>0x6944</load_address>
         <run_address>0x6944</run_address>
         <size>0x116</size>
         <input_file_ref idref="fl-7"/>
      </object_component>
      <object_component id="oc-101">
         <name>.debug_info</name>
         <load_address>0x6a5a</load_address>
         <run_address>0x6a5a</run_address>
         <size>0x112</size>
         <input_file_ref idref="fl-7"/>
      </object_component>
      <object_component id="oc-8b">
         <name>.debug_info</name>
         <load_address>0x6b6c</load_address>
         <run_address>0x6b6c</run_address>
         <size>0x198</size>
         <input_file_ref idref="fl-7"/>
      </object_component>
      <object_component id="oc-b3">
         <name>.debug_info</name>
         <load_address>0x6d04</load_address>
         <run_address>0x6d04</run_address>
         <size>0x1b9</size>
         <input_file_ref idref="fl-7"/>
      </object_component>
      <object_component id="oc-228">
         <name>.debug_info</name>
         <load_address>0x6ebd</load_address>
         <run_address>0x6ebd</run_address>
         <size>0x1ae</size>
         <input_file_ref idref="fl-8"/>
      </object_component>
      <object_component id="oc-2d7">
         <name>.debug_info</name>
         <load_address>0x706b</load_address>
         <run_address>0x706b</run_address>
         <size>0x22d</size>
         <input_file_ref idref="fl-8"/>
      </object_component>
      <object_component id="oc-1a4">
         <name>.debug_info</name>
         <load_address>0x7298</load_address>
         <run_address>0x7298</run_address>
         <size>0x197</size>
         <input_file_ref idref="fl-8"/>
      </object_component>
      <object_component id="oc-1bc">
         <name>.debug_info</name>
         <load_address>0x742f</load_address>
         <run_address>0x742f</run_address>
         <size>0x189</size>
         <input_file_ref idref="fl-8"/>
      </object_component>
      <object_component id="oc-1aa">
         <name>.debug_info</name>
         <load_address>0x75b8</load_address>
         <run_address>0x75b8</run_address>
         <size>0x202</size>
         <input_file_ref idref="fl-8"/>
      </object_component>
      <object_component id="oc-1b0">
         <name>.debug_info</name>
         <load_address>0x77ba</load_address>
         <run_address>0x77ba</run_address>
         <size>0x1ca</size>
         <input_file_ref idref="fl-8"/>
      </object_component>
      <object_component id="oc-22d">
         <name>.debug_info</name>
         <load_address>0x7984</load_address>
         <run_address>0x7984</run_address>
         <size>0x302</size>
         <input_file_ref idref="fl-8"/>
      </object_component>
      <object_component id="oc-211">
         <name>.debug_info</name>
         <load_address>0x7c86</load_address>
         <run_address>0x7c86</run_address>
         <size>0x1ed</size>
         <input_file_ref idref="fl-10"/>
      </object_component>
      <object_component id="oc-217">
         <name>.debug_info</name>
         <load_address>0x7e73</load_address>
         <run_address>0x7e73</run_address>
         <size>0x1fc</size>
         <input_file_ref idref="fl-10"/>
      </object_component>
      <object_component id="oc-21e">
         <name>.debug_info</name>
         <load_address>0x806f</load_address>
         <run_address>0x806f</run_address>
         <size>0x1e4</size>
         <input_file_ref idref="fl-10"/>
      </object_component>
      <object_component id="oc-19e">
         <name>.debug_info</name>
         <load_address>0x8253</load_address>
         <run_address>0x8253</run_address>
         <size>0x1ed</size>
         <input_file_ref idref="fl-10"/>
      </object_component>
      <object_component id="oc-18c">
         <name>.debug_info</name>
         <load_address>0x8440</load_address>
         <run_address>0x8440</run_address>
         <size>0x1fb</size>
         <input_file_ref idref="fl-10"/>
      </object_component>
      <object_component id="oc-1b6">
         <name>.debug_info</name>
         <load_address>0x863b</load_address>
         <run_address>0x863b</run_address>
         <size>0x1af</size>
         <input_file_ref idref="fl-14"/>
      </object_component>
      <object_component id="oc-20e">
         <name>.debug_info</name>
         <load_address>0x87ea</load_address>
         <run_address>0x87ea</run_address>
         <size>0x19d</size>
         <input_file_ref idref="fl-1c"/>
      </object_component>
      <object_component id="oc-180">
         <name>.debug_info</name>
         <load_address>0x8987</load_address>
         <run_address>0x8987</run_address>
         <size>0x105</size>
         <input_file_ref idref="fl-1c"/>
      </object_component>
      <object_component id="oc-186">
         <name>.debug_info</name>
         <load_address>0x8a8c</load_address>
         <run_address>0x8a8c</run_address>
         <size>0x1e2</size>
         <input_file_ref idref="fl-1c"/>
      </object_component>
      <object_component id="oc-122">
         <name>.debug_info</name>
         <load_address>0x8c6e</load_address>
         <run_address>0x8c6e</run_address>
         <size>0x1ce</size>
         <input_file_ref idref="fl-1c"/>
      </object_component>
      <object_component id="oc-e8">
         <name>.debug_info</name>
         <load_address>0x8e3c</load_address>
         <run_address>0x8e3c</run_address>
         <size>0x220</size>
         <input_file_ref idref="fl-1c"/>
      </object_component>
      <object_component id="oc-e2">
         <name>.debug_info</name>
         <load_address>0x905c</load_address>
         <run_address>0x905c</run_address>
         <size>0x2a1</size>
         <input_file_ref idref="fl-1c"/>
      </object_component>
      <object_component id="oc-dc">
         <name>.debug_info</name>
         <load_address>0x92fd</load_address>
         <run_address>0x92fd</run_address>
         <size>0x3b2</size>
         <input_file_ref idref="fl-1c"/>
      </object_component>
      <object_component id="oc-ad">
         <name>.debug_info</name>
         <load_address>0x96af</load_address>
         <run_address>0x96af</run_address>
         <size>0x226</size>
         <input_file_ref idref="fl-1c"/>
      </object_component>
      <object_component id="oc-11c">
         <name>.debug_info</name>
         <load_address>0x98d5</load_address>
         <run_address>0x98d5</run_address>
         <size>0x1b9</size>
         <input_file_ref idref="fl-1c"/>
      </object_component>
      <object_component id="oc-128">
         <name>.debug_info</name>
         <load_address>0x9a8e</load_address>
         <run_address>0x9a8e</run_address>
         <size>0x1a5</size>
         <input_file_ref idref="fl-23"/>
      </object_component>
      <object_component id="oc-12e">
         <name>.debug_info</name>
         <load_address>0x9c33</load_address>
         <run_address>0x9c33</run_address>
         <size>0x1dc</size>
         <input_file_ref idref="fl-23"/>
      </object_component>
      <object_component id="oc-72">
         <name>.debug_info</name>
         <load_address>0x9e0f</load_address>
         <run_address>0x9e0f</run_address>
         <size>0x2c</size>
         <input_file_ref idref="fl-25"/>
      </object_component>
      <object_component id="oc-18">
         <name>.debug_info</name>
         <load_address>0x9e3b</load_address>
         <run_address>0x9e3b</run_address>
         <size>0x17c</size>
         <input_file_ref idref="fl-35"/>
      </object_component>
      <object_component id="oc-26">
         <name>.debug_info</name>
         <load_address>0x9fb7</load_address>
         <run_address>0x9fb7</run_address>
         <size>0x15c</size>
         <input_file_ref idref="fl-36"/>
      </object_component>
      <object_component id="oc-4">
         <name>.debug_info</name>
         <load_address>0xa113</load_address>
         <run_address>0xa113</run_address>
         <size>0x1fb</size>
         <input_file_ref idref="fl-36"/>
      </object_component>
      <object_component id="oc-21">
         <name>.debug_info</name>
         <load_address>0xa30e</load_address>
         <run_address>0xa30e</run_address>
         <size>0x46</size>
         <input_file_ref idref="fl-36"/>
      </object_component>
      <object_component id="oc-63">
         <name>.debug_info</name>
         <load_address>0xa354</load_address>
         <run_address>0xa354</run_address>
         <size>0x2c</size>
         <input_file_ref idref="fl-36"/>
      </object_component>
      <object_component id="oc-2e">
         <name>.debug_info</name>
         <load_address>0xa380</load_address>
         <run_address>0xa380</run_address>
         <size>0x150</size>
         <input_file_ref idref="fl-37"/>
      </object_component>
      <object_component id="oc-28">
         <name>.debug_info</name>
         <load_address>0xa4d0</load_address>
         <run_address>0xa4d0</run_address>
         <size>0x263</size>
         <input_file_ref idref="fl-37"/>
      </object_component>
      <object_component id="oc-a">
         <name>.debug_info</name>
         <load_address>0xa733</load_address>
         <run_address>0xa733</run_address>
         <size>0x1cd</size>
         <input_file_ref idref="fl-37"/>
      </object_component>
      <object_component id="oc-2f">
         <name>.debug_info</name>
         <load_address>0xa900</load_address>
         <run_address>0xa900</run_address>
         <size>0x39</size>
         <input_file_ref idref="fl-37"/>
      </object_component>
      <object_component id="oc-99">
         <name>.debug_info</name>
         <load_address>0xa939</load_address>
         <run_address>0xa939</run_address>
         <size>0x250</size>
         <input_file_ref idref="fl-39"/>
      </object_component>
      <object_component id="oc-93">
         <name>.debug_info</name>
         <load_address>0xab89</load_address>
         <run_address>0xab89</run_address>
         <size>0x1a1</size>
         <input_file_ref idref="fl-39"/>
      </object_component>
      <object_component id="oc-59">
         <name>.debug_info</name>
         <load_address>0xad2a</load_address>
         <run_address>0xad2a</run_address>
         <size>0x230</size>
         <input_file_ref idref="fl-39"/>
      </object_component>
      <object_component id="oc-1c">
         <name>.debug_info</name>
         <load_address>0xaf5a</load_address>
         <run_address>0xaf5a</run_address>
         <size>0x12d</size>
         <input_file_ref idref="fl-3a"/>
      </object_component>
      <object_component id="oc-35">
         <name>.debug_info</name>
         <load_address>0xb087</load_address>
         <run_address>0xb087</run_address>
         <size>0x15b</size>
         <input_file_ref idref="fl-3b"/>
      </object_component>
      <object_component id="oc-41">
         <name>.debug_info</name>
         <load_address>0xb1e2</load_address>
         <run_address>0xb1e2</run_address>
         <size>0x154</size>
         <input_file_ref idref="fl-3c"/>
      </object_component>
      <object_component id="oc-47">
         <name>.debug_info</name>
         <load_address>0xb336</load_address>
         <run_address>0xb336</run_address>
         <size>0x164</size>
         <input_file_ref idref="fl-3d"/>
      </object_component>
      <object_component id="oc-5f">
         <name>.debug_info</name>
         <load_address>0xb49a</load_address>
         <run_address>0xb49a</run_address>
         <size>0x125</size>
         <input_file_ref idref="fl-3e"/>
      </object_component>
      <object_component id="oc-d0">
         <name>.debug_info</name>
         <load_address>0xb5bf</load_address>
         <run_address>0xb5bf</run_address>
         <size>0x140</size>
         <input_file_ref idref="fl-44"/>
      </object_component>
      <object_component id="oc-96">
         <name>.debug_info</name>
         <load_address>0xb6ff</load_address>
         <run_address>0xb6ff</run_address>
         <size>0x12f</size>
         <input_file_ref idref="fl-44"/>
      </object_component>
      <object_component id="oc-c9">
         <name>.debug_info</name>
         <load_address>0xb82e</load_address>
         <run_address>0xb82e</run_address>
         <size>0x23b</size>
         <input_file_ref idref="fl-44"/>
      </object_component>
      <object_component id="oc-91">
         <name>.debug_info</name>
         <load_address>0xba69</load_address>
         <run_address>0xba69</run_address>
         <size>0x182</size>
         <input_file_ref idref="fl-45"/>
      </object_component>
      <object_component id="oc-53">
         <name>.debug_info</name>
         <load_address>0xbbeb</load_address>
         <run_address>0xbbeb</run_address>
         <size>0x183</size>
         <input_file_ref idref="fl-45"/>
      </object_component>
      <object_component id="oc-c1">
         <name>.debug_info</name>
         <load_address>0xbd6e</load_address>
         <run_address>0xbd6e</run_address>
         <size>0x5e</size>
         <input_file_ref idref="fl-45"/>
      </object_component>
      <object_component id="oc-89">
         <name>.debug_info</name>
         <load_address>0xbdcc</load_address>
         <run_address>0xbdcc</run_address>
         <size>0x305</size>
         <input_file_ref idref="fl-46"/>
      </object_component>
      <object_component id="oc-4d">
         <name>.debug_info</name>
         <load_address>0xc0d1</load_address>
         <run_address>0xc0d1</run_address>
         <size>0x1e6</size>
         <input_file_ref idref="fl-46"/>
      </object_component>
      <object_component id="oc-a2">
         <name>.debug_info</name>
         <load_address>0xc2b7</load_address>
         <run_address>0xc2b7</run_address>
         <size>0x39</size>
         <input_file_ref idref="fl-46"/>
      </object_component>
      <object_component id="oc-a7">
         <name>.debug_info</name>
         <load_address>0xc2f0</load_address>
         <run_address>0xc2f0</run_address>
         <size>0xcd</size>
         <input_file_ref idref="fl-46"/>
      </object_component>
      <object_component id="oc-9e">
         <name>.debug_info</name>
         <load_address>0xc3bd</load_address>
         <run_address>0xc3bd</run_address>
         <size>0x1fc</size>
         <input_file_ref idref="fl-47"/>
      </object_component>
      <object_component id="oc-7d">
         <name>.debug_info</name>
         <load_address>0xc5b9</load_address>
         <run_address>0xc5b9</run_address>
         <size>0x19f</size>
         <input_file_ref idref="fl-47"/>
      </object_component>
      <object_component id="oc-d6">
         <name>.debug_info</name>
         <load_address>0xc758</load_address>
         <run_address>0xc758</run_address>
         <size>0x2c</size>
         <input_file_ref idref="fl-47"/>
      </object_component>
      <object_component id="oc-83">
         <name>.debug_info</name>
         <load_address>0xc784</load_address>
         <run_address>0xc784</run_address>
         <size>0x161</size>
         <input_file_ref idref="fl-49"/>
      </object_component>
      <object_component id="oc-34f">
         <name>.debug_info</name>
         <load_address>0xc8e5</load_address>
         <run_address>0xc8e5</run_address>
         <size>0xb0</size>
      </object_component>
      <object_component id="oc-2e2">
         <name>.debug_line</name>
         <load_address>0x0</load_address>
         <run_address>0x0</run_address>
         <size>0x1ff</size>
         <input_file_ref idref="fl-2"/>
      </object_component>
      <object_component id="oc-20b">
         <name>.debug_line</name>
         <load_address>0x1ff</load_address>
         <run_address>0x1ff</run_address>
         <size>0x46</size>
         <input_file_ref idref="fl-2"/>
      </object_component>
      <object_component id="oc-244">
         <name>.debug_line</name>
         <load_address>0x245</load_address>
         <run_address>0x245</run_address>
         <size>0x46</size>
         <input_file_ref idref="fl-2"/>
      </object_component>
      <object_component id="oc-2e0">
         <name>.debug_line</name>
         <load_address>0x28b</load_address>
         <run_address>0x28b</run_address>
         <size>0x46</size>
         <input_file_ref idref="fl-2"/>
      </object_component>
      <object_component id="oc-23b">
         <name>.debug_line</name>
         <load_address>0x2d1</load_address>
         <run_address>0x2d1</run_address>
         <size>0x46</size>
         <input_file_ref idref="fl-2"/>
      </object_component>
      <object_component id="oc-2de">
         <name>.debug_line</name>
         <load_address>0x317</load_address>
         <run_address>0x317</run_address>
         <size>0x46</size>
         <input_file_ref idref="fl-2"/>
      </object_component>
      <object_component id="oc-2f9">
         <name>.debug_line</name>
         <load_address>0x35d</load_address>
         <run_address>0x35d</run_address>
         <size>0x46</size>
         <input_file_ref idref="fl-2"/>
      </object_component>
      <object_component id="oc-195">
         <name>.debug_line</name>
         <load_address>0x3a3</load_address>
         <run_address>0x3a3</run_address>
         <size>0x5e</size>
         <input_file_ref idref="fl-2"/>
      </object_component>
      <object_component id="oc-1cb">
         <name>.debug_line</name>
         <load_address>0x401</load_address>
         <run_address>0x401</run_address>
         <size>0x5e</size>
         <input_file_ref idref="fl-2"/>
      </object_component>
      <object_component id="oc-140">
         <name>.debug_line</name>
         <load_address>0x45f</load_address>
         <run_address>0x45f</run_address>
         <size>0x73</size>
         <input_file_ref idref="fl-2"/>
      </object_component>
      <object_component id="oc-15a">
         <name>.debug_line</name>
         <load_address>0x4d2</load_address>
         <run_address>0x4d2</run_address>
         <size>0x5e</size>
         <input_file_ref idref="fl-2"/>
      </object_component>
      <object_component id="oc-166">
         <name>.debug_line</name>
         <load_address>0x530</load_address>
         <run_address>0x530</run_address>
         <size>0x5e</size>
         <input_file_ref idref="fl-2"/>
      </object_component>
      <object_component id="oc-19b">
         <name>.debug_line</name>
         <load_address>0x58e</load_address>
         <run_address>0x58e</run_address>
         <size>0x74</size>
         <input_file_ref idref="fl-2"/>
      </object_component>
      <object_component id="oc-206">
         <name>.debug_line</name>
         <load_address>0x602</load_address>
         <run_address>0x602</run_address>
         <size>0xd1</size>
         <input_file_ref idref="fl-2"/>
      </object_component>
      <object_component id="oc-1c5">
         <name>.debug_line</name>
         <load_address>0x6d3</load_address>
         <run_address>0x6d3</run_address>
         <size>0x69</size>
         <input_file_ref idref="fl-2"/>
      </object_component>
      <object_component id="oc-115">
         <name>.debug_line</name>
         <load_address>0x73c</load_address>
         <run_address>0x73c</run_address>
         <size>0x74</size>
         <input_file_ref idref="fl-2"/>
      </object_component>
      <object_component id="oc-2c9">
         <name>.debug_line</name>
         <load_address>0x7b0</load_address>
         <run_address>0x7b0</run_address>
         <size>0x5e</size>
         <input_file_ref idref="fl-2"/>
      </object_component>
      <object_component id="oc-1f3">
         <name>.debug_line</name>
         <load_address>0x80e</load_address>
         <run_address>0x80e</run_address>
         <size>0x5e</size>
         <input_file_ref idref="fl-2"/>
      </object_component>
      <object_component id="oc-160">
         <name>.debug_line</name>
         <load_address>0x86c</load_address>
         <run_address>0x86c</run_address>
         <size>0x6d</size>
         <input_file_ref idref="fl-2"/>
      </object_component>
      <object_component id="oc-178">
         <name>.debug_line</name>
         <load_address>0x8d9</load_address>
         <run_address>0x8d9</run_address>
         <size>0x64</size>
         <input_file_ref idref="fl-2"/>
      </object_component>
      <object_component id="oc-23f">
         <name>.debug_line</name>
         <load_address>0x93d</load_address>
         <run_address>0x93d</run_address>
         <size>0x7e</size>
         <input_file_ref idref="fl-2"/>
      </object_component>
      <object_component id="oc-10f">
         <name>.debug_line</name>
         <load_address>0x9bb</load_address>
         <run_address>0x9bb</run_address>
         <size>0x7d</size>
         <input_file_ref idref="fl-2"/>
      </object_component>
      <object_component id="oc-6d">
         <name>.debug_line</name>
         <load_address>0xa38</load_address>
         <run_address>0xa38</run_address>
         <size>0x20</size>
         <input_file_ref idref="fl-2"/>
      </object_component>
      <object_component id="oc-10a">
         <name>.debug_line</name>
         <load_address>0xa58</load_address>
         <run_address>0xa58</run_address>
         <size>0x72</size>
         <input_file_ref idref="fl-2"/>
      </object_component>
      <object_component id="oc-137">
         <name>.debug_line</name>
         <load_address>0xaca</load_address>
         <run_address>0xaca</run_address>
         <size>0x7d</size>
         <input_file_ref idref="fl-2"/>
      </object_component>
      <object_component id="oc-1d4">
         <name>.debug_line</name>
         <load_address>0xb47</load_address>
         <run_address>0xb47</run_address>
         <size>0xa3</size>
         <input_file_ref idref="fl-6"/>
      </object_component>
      <object_component id="oc-2c4">
         <name>.debug_line</name>
         <load_address>0xbea</load_address>
         <run_address>0xbea</run_address>
         <size>0x46</size>
         <input_file_ref idref="fl-6"/>
      </object_component>
      <object_component id="oc-1d2">
         <name>.debug_line</name>
         <load_address>0xc30</load_address>
         <run_address>0xc30</run_address>
         <size>0x46</size>
         <input_file_ref idref="fl-6"/>
      </object_component>
      <object_component id="oc-2c2">
         <name>.debug_line</name>
         <load_address>0xc76</load_address>
[...]
            <object_component_ref idref="oc-43"/>
            <object_component_ref idref="oc-49"/>
            <object_component_ref idref="oc-60"/>
            <object_component_ref idref="oc-97"/>
            <object_component_ref idref="oc-cb"/>
            <object_component_ref idref="oc-55"/>
            <object_component_ref idref="oc-4f"/>
            <object_component_ref idref="oc-7f"/>
            <object_component_ref idref="oc-85"/>
         </contents>
      </logical_group>
      <logical_group id="lg-319" display="never" color="cyan">
         <name>.debug_pubtypes</name>
         <load_address>0x0</load_address>
         <run_address>0x0</run_address>
         <size>0x530</size>
         <contents>
            <object_component_ref idref="oc-23d"/>
            <object_component_ref idref="oc-10d"/>
            <object_component_ref idref="oc-6b"/>
            <object_component_ref idref="oc-108"/>
            <object_component_ref idref="oc-135"/>
            <object_component_ref idref="oc-73"/>
            <object_component_ref idref="oc-22"/>
            <object_component_ref idref="oc-64"/>
            <object_component_ref idref="oc-30"/>
            <object_component_ref idref="oc-9a"/>
            <object_component_ref idref="oc-d1"/>
            <object_component_ref idref="oc-c2"/>
            <object_component_ref idref="oc-a3"/>
            <object_component_ref idref="oc-a8"/>
            <object_component_ref idref="oc-d7"/>
         </contents>
      </logical_group>
      <logical_group id="lg-31b" display="no" color="cyan">
         <name>.stack</name>
         <run_address>0x3868</run_address>
         <size>0x100</size>
         <contents>
            <object_component_ref idref="oc-1a"/>
            <object_component_ref idref="oc-321"/>
         </contents>
      </logical_group>
      <load_segment id="lg-359" display="no" color="cyan">
         <name>SEGMENT_0</name>
         <load_address>0x20</load_address>
         <run_address>0x20</run_address>
         <size>0x22fc</size>
         <flags>0x5</flags>
         <contents>
            <logical_group_ref idref="lg-2fb"/>
         </contents>
      </load_segment>
      <load_segment id="lg-35a" display="no" color="cyan">
         <name>SEGMENT_1</name>
         <run_address>0x231c</run_address>
         <size>0x1538</size>
         <flags>0x6</flags>
         <contents>
            <logical_group_ref idref="lg-2fe"/>
            <logical_group_ref idref="lg-2fd"/>
         </contents>
      </load_segment>
      <load_segment id="lg-35b" display="no" color="cyan">
         <name>SEGMENT_2</name>
         <load_address>0x3854</load_address>
         <run_address>0x3854</run_address>
         <size>0x14</size>
         <flags>0x4</flags>
         <contents>
            <logical_group_ref idref="lg-2fc"/>
         </contents>
      </load_segment>
      <load_segment id="lg-35c" display="no" color="cyan">
         <name>SEGMENT_3</name>
         <run_address>0x3868</run_address>
         <size>0x100</size>
         <flags>0x6</flags>
         <contents>
            <logical_group_ref idref="lg-31b"/>
         </contents>
      </load_segment>
      <load_segment id="lg-35d" display="no" color="cyan">
         <name>SEGMENT_4</name>
         <load_address>0x3968</load_address>
         <run_address>0x3968</run_address>
         <size>0x44</size>
         <flags>0x4</flags>
         <contents>
            <logical_group_ref idref="lg-2ff"/>
         </contents>
      </load_segment>
   </logical_group_list>
   <placement_map>
      <memory_area display="yes" color="green">
         <name>RAM</name>
         <page_id>0x0</page_id>
         <origin>0x20</origin>
         <length>0xffffffe0</length>
         <used_space>0x3989</used_space>
         <unused_space>0xffffc657</unused_space>
         <attributes>RWIX</attributes>
         <usage_details>
            <allocated_space>
               <start_address>0x20</start_address>
               <size>0x22fc</size>
               <logical_group_ref idref="lg-2fb"/>
            </allocated_space>
            <allocated_space>
               <start_address>0x231c</start_address>
               <size>0x1515</size>
               <logical_group_ref idref="lg-2fe"/>
            </allocated_space>
            <available_space>
               <start_address>0x3831</start_address>
               <size>0x3</size>
            </available_space>
            <allocated_space>
               <start_address>0x3834</start_address>
               <size>0x20</size>
               <logical_group_ref idref="lg-2fd"/>
            </allocated_space>
            <allocated_space>
               <start_address>0x3854</start_address>
               <size>0x14</size>
               <logical_group_ref idref="lg-2fc"/>
            </allocated_space>
            <allocated_space>
               <start_address>0x3868</start_address>
               <size>0x100</size>
               <logical_group_ref idref="lg-31b"/>
            </allocated_space>
            <allocated_space>
               <start_address>0x3968</start_address>
               <size>0x44</size>
               <logical_group_ref idref="lg-2ff"/>
            </allocated_space>
            <available_space>
               <start_address>0x39ac</start_address>
               <size>0xffffc654</size>
            </available_space>
         </usage_details>
      </memory_area>
   </placement_map>
   <cptbl_list>
      <cptbl>
         <name>__TI_cinit_table</name>
         <cprec>
            <name>.data</name>
            <load_address>0x3968</load_address>
            <load_size>0x1f</load_size>
            <run_address>0x3834</run_address>
            <run_size>0x20</run_size>
            <compression>rle</compression>
         </cprec>
         <cprec>
            <name>.bss</name>
            <load_address>0x3988</load_address>
            <load_size>0xb</load_size>
            <run_address>0x231c</run_address>
            <run_size>0x1515</run_size>
            <compression>rle</compression>
         </cprec>
      </cptbl>
   </cptbl_list>
   <handler_table>
      <handler_table_name>__TI_handler_table</handler_table_name>
      <handler>
         <index>0x0</index>
         <name>__TI_decompress_rle24</name>
      </handler>
      <handler>
         <index>0x1</index>
         <name>__TI_decompress_none</name>
      </handler>
   </handler_table>
   <symbol_table>
      <symbol id="sm-1">
         <name>__TI_CINIT_Base</name>
         <value>0x399c</value>
      </symbol>
      <symbol id="sm-2">
         <name>__TI_CINIT_Limit</name>
         <value>0x39ac</value>
      </symbol>
      <symbol id="sm-3">
         <name>__TI_Handler_Table_Base</name>
         <value>0x3994</value>
      </symbol>
      <symbol id="sm-4">
         <name>__TI_Handler_Table_Limit</name>
         <value>0x399c</value>
      </symbol>
      <symbol id="sm-5">
         <name>binit</name>
         <value>0xffffffff</value>
      </symbol>
      <symbol id="sm-6">
         <name>__binit__</name>
         <value>0xffffffff</value>
      </symbol>
      <symbol id="sm-7">
         <name>__STACK_SIZE</name>
         <value>0x100</value>
      </symbol>
      <symbol id="sm-8">
         <name>__STACK_END</name>
         <value>0x3968</value>
      </symbol>
      <symbol id="sm-9">
         <name>__c_args__</name>
         <value>0xffffffff</value>
      </symbol>
      <symbol id="sm-a">
         <name>__TI_pprof_out_hndl</name>
         <value>0xffffffff</value>
      </symbol>
      <symbol id="sm-b">
         <name>__TI_prof_data_start</name>
         <value>0xffffffff</value>
      </symbol>
      <symbol id="sm-c">
         <name>__TI_prof_data_size</name>
         <value>0xffffffff</value>
      </symbol>
      <symbol id="sm-120">
         <name>Modbus_CAN_Delay</name>
         <value>0x22cd</value>
         <object_component_ref idref="oc-2c5"/>
      </symbol>
      <symbol id="sm-121">
         <name>Modbus_CAN_ReceptionConfiguration</name>
         <value>0x1b89</value>
         <object_component_ref idref="oc-1c1"/>
      </symbol>
      <symbol id="sm-122">
         <name>Modbus_CAN_Controller</name>
         <value>0x1ec1</value>
         <object_component_ref idref="oc-111"/>
      </symbol>
      <symbol id="sm-123">
         <name>Modbus_CAN_FixOutput</name>
         <value>0x519</value>
         <object_component_ref idref="oc-202"/>
      </symbol>
      <symbol id="sm-124">
         <name>Modbus_CAN_Error_Management</name>
         <value>0x21f5</value>
         <object_component_ref idref="oc-174"/>
      </symbol>
      <symbol id="sm-125">
         <name>Modbus_CAN_Init</name>
         <value>0x1261</value>
         <object_component_ref idref="oc-13c"/>
      </symbol>
      <symbol id="sm-126">
         <name>Modbus_CAN_to_App</name>
         <value>0x2035</value>
         <object_component_ref idref="oc-15c"/>
      </symbol>
      <symbol id="sm-127">
         <name>Modbus_SetMainState</name>
         <value>0x220d</value>
         <object_component_ref idref="oc-162"/>
      </symbol>
      <symbol id="sm-128">
         <name>Modbus_CAN_BroadCast_Get</name>
         <value>0x22ed</value>
         <object_component_ref idref="oc-1ef"/>
      </symbol>
      <symbol id="sm-129">
         <name>Modbus_CAN_SetBitRate</name>
         <value>0x18b9</value>
         <object_component_ref idref="oc-197"/>
      </symbol>
      <symbol id="sm-12a">
         <name>Modbus_GetMainState</name>
         <value>0x22f9</value>
         <object_component_ref idref="oc-156"/>
      </symbol>
      <symbol id="sm-399">
         <name>bit_rate_range</name>
         <value>0x3830</value>
      </symbol>
      <symbol id="sm-39a">
         <name>Modbus_App_L_Msg_Set</name>
         <value>0x21c5</value>
         <object_component_ref idref="oc-1d8"/>
      </symbol>
      <symbol id="sm-39b">
         <name>Modbus_App_Send</name>
         <value>0x21dd</value>
         <object_component_ref idref="oc-16e"/>
      </symbol>
      <symbol id="sm-39c">
         <name>Modbus_Slave_Communication</name>
         <value>0x2305</value>
         <object_component_ref idref="oc-b8"/>
      </symbol>
      <symbol id="sm-39d">
         <name>Modbus_App_Receive_Char</name>
         <value>0x218d</value>
         <object_component_ref idref="oc-1de"/>
      </symbol>
      <symbol id="sm-39e">
         <name>Modbus_App_Manage_Request</name>
         <value>0xef9</value>
         <object_component_ref idref="oc-168"/>
      </symbol>
      <symbol id="sm-39f">
         <name>Modbus_Slave_Init</name>
         <value>0x1729</value>
         <object_component_ref idref="oc-ee"/>
      </symbol>
      <symbol id="sm-3fb">
         <name>main</name>
         <value>0x2225</value>
         <object_component_ref idref="oc-8a"/>
      </symbol>
      <symbol id="sm-3fc">
         <name>init</name>
         <value>0x39d</value>
         <object_component_ref idref="oc-b2"/>
      </symbol>
      <symbol id="sm-453">
         <name>CANEnable</name>
         <value>0x2255</value>
         <object_component_ref idref="oc-1bb"/>
      </symbol>
      <symbol id="sm-454">
         <name>CANMessageSet</name>
         <value>0x21</value>
         <object_component_ref idref="oc-22c"/>
      </symbol>
      <symbol id="sm-455">
         <name>CANInit</name>
         <value>0xba1</value>
         <object_component_ref idref="oc-1a3"/>
      </symbol>
      <symbol id="sm-456">
         <name>CANBitTimingSet</name>
         <value>0x1605</value>
         <object_component_ref idref="oc-1a9"/>
      </symbol>
      <symbol id="sm-457">
         <name>CANIntEnable</name>
         <value>0x21ad</value>
         <object_component_ref idref="oc-1af"/>
      </symbol>
      <symbol id="sm-494">
         <name>GPIOPinTypeGPIOOutput</name>
         <value>0x214b</value>
         <object_component_ref idref="oc-18b"/>
      </symbol>
      <symbol id="sm-495">
         <name>GPIODirModeSet</name>
         <value>0x1e11</value>
         <object_component_ref idref="oc-210"/>
      </symbol>
      <symbol id="sm-496">
         <name>GPIOPinWrite</name>
         <value>0x216d</value>
         <object_component_ref idref="oc-21d"/>
      </symbol>
      <symbol id="sm-497">
         <name>GPIOPadConfigSet</name>
         <value>0x11b9</value>
         <object_component_ref idref="oc-216"/>
      </symbol>
      <symbol id="sm-498">
         <name>GPIOPinTypeCAN</name>
         <value>0x2129</value>
         <object_component_ref idref="oc-19d"/>
      </symbol>
      <symbol id="sm-4b2">
         <name>IntEnable</name>
         <value>0x1061</value>
         <object_component_ref idref="oc-1b5"/>
      </symbol>
      <symbol id="sm-534">
         <name>SysCtlXPllClockDividerSet</name>
         <value>0x1699</value>
         <object_component_ref idref="oc-e7"/>
      </symbol>
      <symbol id="sm-535">
         <name>SysCtlClockConfigSet</name>
         <value>0x1f11</value>
         <object_component_ref idref="oc-ac"/>
      </symbol>
      <symbol id="sm-536">
         <name>SysCtlDelay</name>
         <value>0x230d</value>
         <object_component_ref idref="oc-139"/>
      </symbol>
      <symbol id="sm-537">
         <name>SysCtlPeripheralEnable</name>
         <value>0x1fa9</value>
         <object_component_ref idref="oc-185"/>
      </symbol>
      <symbol id="sm-538">
         <name>SysCtlClockPllConfig</name>
         <value>0x211</value>
         <object_component_ref idref="oc-db"/>
      </symbol>
      <symbol id="sm-539">
         <name>SysCtlClockConfigGet</name>
         <value>0x1571</value>
         <object_component_ref idref="oc-11b"/>
      </symbol>
      <symbol id="sm-53a">
         <name>SysCtlPeripheralIsEnabled</name>
         <value>0x20f1</value>
         <object_component_ref idref="oc-121"/>
      </symbol>
      <symbol id="sm-53b">
         <name>SysCtlClockDividersSet</name>
         <value>0x679</value>
         <object_component_ref idref="oc-e1"/>
      </symbol>
      <symbol id="sm-553">
         <name>WatchdogRunning</name>
         <value>0x22bb</value>
         <object_component_ref idref="oc-127"/>
      </symbol>
      <symbol id="sm-554">
         <name>WatchdogReloadSet</name>
         <value>0x22a9</value>
         <object_component_ref idref="oc-12d"/>
      </symbol>
      <symbol id="sm-576">
         <name>_c_int00</name>
         <value>0x2075</value>
         <object_component_ref idref="oc-15"/>
      </symbol>
      <symbol id="sm-577">
         <name>__stack</name>
         <value>0x3868</value>
         <object_component_ref idref="oc-1a"/>
      </symbol>
      <symbol id="sm-58e">
         <name>__TI_decompress_none</name>
         <value>0x22dd</value>
         <object_component_ref idref="oc-3"/>
      </symbol>
      <symbol id="sm-5b1">
         <name>__TI_decompress_rle24</name>
         <value>0x2313</value>
         <object_component_ref idref="oc-9"/>
      </symbol>
      <symbol id="sm-5d3">
         <name>C$$EXIT</name>
         <value>0x1e6d</value>
         <object_component_ref idref="oc-58"/>
      </symbol>
      <symbol id="sm-5d4">
         <name>abort</name>
         <value>0x1e71</value>
         <object_component_ref idref="oc-58"/>
      </symbol>
      <symbol id="sm-5d5">
         <name>exit</name>
         <value>0x1e79</value>
         <object_component_ref idref="oc-58"/>
      </symbol>
      <symbol id="sm-5d6">
         <name>__TI_dtors_ptr</name>
         <value>0x3838</value>
         <object_component_ref idref="oc-92"/>
      </symbol>
      <symbol id="sm-5d7">
         <name>__TI_cleanup_ptr</name>
         <value>0x3834</value>
         <object_component_ref idref="oc-92"/>
      </symbol>
      <symbol id="sm-5d8">
         <name>__TI_enable_exit_profile_output</name>
         <value>0x383c</value>
         <object_component_ref idref="oc-92"/>
      </symbol>
      <symbol id="sm-5f3">
         <name>memcpy</name>
         <value>0x143d</value>
         <object_component_ref idref="oc-1b"/>
      </symbol>
      <symbol id="sm-5f4">
         <name>__aeabi_memcpy</name>
         <value>0x143d</value>
         <object_component_ref idref="oc-1b"/>
      </symbol>
      <symbol id="sm-5f5">
         <name>__aeabi_memcpy8</name>
         <value>0x143d</value>
         <object_component_ref idref="oc-1b"/>
      </symbol>
      <symbol id="sm-5f6">
         <name>__aeabi_memcpy4</name>
         <value>0x143d</value>
         <object_component_ref idref="oc-1b"/>
      </symbol>
      <symbol id="sm-605">
         <name>__aeabi_memset</name>
         <value>0x1937</value>
         <object_component_ref idref="oc-34"/>
      </symbol>
      <symbol id="sm-606">
         <name>memset</name>
         <value>0x193d</value>
         <object_component_ref idref="oc-34"/>
      </symbol>
      <symbol id="sm-607">
         <name>__aeabi_memset8</name>
         <value>0x1937</value>
         <object_component_ref idref="oc-34"/>
      </symbol>
      <symbol id="sm-608">
         <name>__aeabi_memset4</name>
         <value>0x1937</value>
         <object_component_ref idref="oc-34"/>
      </symbol>
      <symbol id="sm-609">
         <name>__aeabi_memclr8</name>
         <value>0x1935</value>
         <object_component_ref idref="oc-34"/>
      </symbol>
      <symbol id="sm-60a">
         <name>__aeabi_memclr4</name>
         <value>0x1935</value>
         <object_component_ref idref="oc-34"/>
      </symbol>
      <symbol id="sm-60b">
         <name>__aeabi_memclr</name>
         <value>0x1935</value>
         <object_component_ref idref="oc-34"/>
      </symbol>
      <symbol id="sm-615">
         <name>__mpu_init</name>
         <value>0xc83</value>
         <object_component_ref idref="oc-40"/>
      </symbol>
      <symbol id="sm-61f">
         <name>_system_pre_init</name>
         <value>0x2319</value>
         <object_component_ref idref="oc-46"/>
      </symbol>
      <symbol id="sm-627">
         <name>main_func_sp</name>
         <value>0x3850</value>
         <object_component_ref idref="oc-5e"/>
      </symbol>
      <symbol id="sm-645">
         <name>_nop</name>
         <value>0x22a3</value>
         <object_component_ref idref="oc-c8"/>
      </symbol>
      <symbol id="sm-646">
         <name>_lock</name>
         <value>0x3840</value>
         <object_component_ref idref="oc-95"/>
      </symbol>
      <symbol id="sm-647">
         <name>_unlock</name>
         <value>0x3844</value>
         <object_component_ref idref="oc-95"/>
      </symbol>
      <symbol id="sm-648">
         <name>_register_lock</name>
         <value>0x229b</value>
         <object_component_ref idref="oc-c8"/>
      </symbol>
      <symbol id="sm-649">
         <name>_register_unlock</name>
         <value>0x2295</value>
         <object_component_ref idref="oc-c8"/>
      </symbol>
      <symbol id="sm-65d">
         <name>_args_main</name>
         <value>0x223d</value>
         <object_component_ref idref="oc-52"/>
      </symbol>
      <symbol id="sm-682">
         <name>__TI_auto_init</name>
         <value>0x1c6d</value>
         <object_component_ref idref="oc-4c"/>
      </symbol>
      <symbol id="sm-69c">
         <name>copy_in</name>
         <value>0x1f5d</value>
         <object_component_ref idref="oc-7c"/>
      </symbol>
      <symbol id="sm-6a7">
         <name>_system_post_cinit</name>
         <value>0x125f</value>
         <object_component_ref idref="oc-82"/>
      </symbol>
      <symbol id="sm-6a8">
         <name>__TI_static_base__</name>
         <value>0x3968</value>
      </symbol>
      <symbol id="sm-6ab">
         <name>SHT$$INIT_ARRAY$$Limit</name>
         <value>0x0</value>
      </symbol>
      <symbol id="sm-6ac">
         <name>SHT$$INIT_ARRAY$$Base</name>
         <value>0x0</value>
      </symbol>
   </symbol_table>
   <title>Link successful</title>
</link_info>
