******************************************************************************
                  TI ARM Linker Unix v15.12.1                  
******************************************************************************
>> Linked Tue Jul 18 15:13:27 2017

OUTPUT FILE NAME:   <Modbus-CAN-ARM-Cortex-M3-serial.out>
ENTRY POINT SYMBOL: "_c_int00"  address: 002063cd


MEMORY CONFIGURATION

         name            origin    length      used     unused   attr    fill
----------------------  --------  ---------  --------  --------  ----  --------
  CSM_ECSL_Z1           00200000   00000024  00000024  00000000  RWIX
  CSM_RSVD_Z1           00200024   0000000c  0000000c  00000000  RWIX
  RESETISR              00200030   00000008  00000006  00000002  R  X
  INTVECS               00201000   000001b0  000001b0  00000000  R  X
  FLASHLOAD             00201200   00002e00  00000000  00002e00  R  X
  FLASH                 00204000   0007bf00  00002c98  00079268  R  X
  CSM_RSVD_Z2           0027ff00   000000dc  0000000c  000000d0  RWIX
  CSM_ECSL_Z2           0027ffdc   00000024  00000024  00000000  RWIX
  C0                    20000000   00004000  00001f7c  00002084  RW X
  BOOT_RSVD             20004000   00000900  00000000  00000900  R  X
  C2                    20004900   00001700  00000000  00001700  RW X
  C3                    20006000   00002000  00000000  00002000  RW X
  S0                    20008000   00002000  00000000  00002000  RW X
  S1                    2000a000   00002000  00000000  00002000  RW X
  S2                    2000c000   00002000  00000000  00002000  RW X
  S3                    2000e000   00002000  00000000  00002000  RW X
  S4                    20010000   00002000  00000000  00002000  RW X
  S5                    20012000   00002000  00000000  00002000  RW X
  S6                    20014000   00002000  00000000  00002000  RW X
  S7                    20016000   00002000  00000000  00002000  RW X
  CTOMRAM               2007f000   00000800  00000000  00000800  R  X
  MTOCRAM               2007f800   00000800  00000000  00000800  RW X


SEGMENT ALLOCATION MAP

run origin  load origin   length   init length attrs members
----------  ----------- ---------- ----------- ----- -------
00200000    00200000    00000036   00000036    r-x
  00200000    00200000    00000024   00000024    r-- .z1secvalues
  00200024    00200024    0000000c   0000000c    r-- .z1_csm_rsvd
  00200030    00200030    00000006   00000006    r-x .resetisr
00201000    00201000    000001b0   000001b0    r--
  00201000    00201000    000001b0   000001b0    r-- .intvecs
00204000    00204000    00002c9c   00002c9c    r-x
  00204000    00204000    00002980   00002980    r-x .text
  00206980    00206980    0000009c   0000009c    r-- .const
  00206a20    00206a20    0000027c   0000027c    r-- .cinit
0027ff00    0027ff00    0000000c   0000000c    r--
  0027ff00    0027ff00    0000000c   0000000c    r-- .z2_csm_rsvd
0027ffdc    0027ffdc    00000024   00000024    r--
  0027ffdc    0027ffdc    00000024   00000024    r-- .z2secvalues
20000000    20000000    00001d24   00000000    rw-
  20000000    20000000    000015ec   00000000    rw- .bss
  200015ec    200015ec    00000638   00000000    rw- .data
  20001c24    20001c24    00000100   00000000    rw- .stack
20002000    20002000    00000258   00000000    rw-
  20002000    20002000    00000258   00000000    rw- .vtable


SECTION ALLOCATION MAP

 output                                  attributes/
section   page    origin      length       input sections
--------  ----  ----------  ----------   ----------------
.z1secvalues 
*          0    00200000    00000024     
                  00200000    00000024     dcsm_z1_secvalues.obj (.z1secvalues)

.z1_csm_rsvd 
*          0    00200024    0000000c     
                  00200024    0000000c     dcsm_z1_secvalues.obj (.z1_csm_rsvd)

.resetisr 
*          0    00200030    00000006     
                  00200030    00000006     startup_ccs.obj (.resetisr:ResetISR)

.intvecs   0    00201000    000001b0     
                  00201000    000001b0     startup_ccs.obj (.intvecs)

.text      0    00204000    00002980     
                  00204000    0000018c     sysctl.obj (.text:SysCtlClockPllConfig)
                  0020418c    00000180     maintest_slave.obj (.text:init)
                  0020430c    0000016c     Modbus_OSL.obj (.text:Modbus_OSL_Init)
                  00204478    00000148     sysctl.obj (.text:SysCtlClockDividersSet)
                  002045c0    00000118     Modbus_app.obj (.text:Modbus_App_Read_Write_M_Registers)
                  002046d8    000000f0     Modbus_app.obj (.text:Modbus_App_Read_Write_M_Registers_Check)
                  002047c8    000000ec     Modbus_app.obj (.text:Modbus_App_Read_Coils)
                  002048b4    000000ec     Modbus_app.obj (.text:Modbus_App_Read_D_Inputs)
                  002049a0    000000d8     Modbus_app.obj (.text:Modbus_App_Write_M_Coils)
                  00204a78    000000d8     Modbus_app.obj (.text:Modbus_App_Write_M_Coils_Check)
                  00204b50    000000d4     sysctl.obj (.text:SysCtlClockGet)
                  00204c24    000000cc     Modbus_OSL_RTU.obj (.text:Modbus_OSL_RTU_Set_Timeout_15)
                  00204cf0    000000cc     Modbus_OSL_RTU.obj (.text:Modbus_OSL_RTU_Set_Timeout_35)
                  00204dbc    000000c4     Modbus_app.obj (.text:Modbus_App_Mask_Write_Register)
                  00204e80    000000c4     Modbus_OSL_RTU.obj (.text:Modbus_OSL_RTU_Init)
                  00204f44    000000b8     Modbus_app.obj (.text:Modbus_App_Manage_Request)
                  00204ffc    000000b0     Modbus_app.obj (.text:Modbus_App_Check_Request_Data)
                  002050ac    000000ac     interrupt.obj (.text:IntDisable)
                  00205158    000000ac     interrupt.obj (.text:IntEnable)
                  00205204    000000ac     Modbus_app.obj (.text:Modbus_App_Write_M_Registers)
                  002052b0    000000a6     gpio.obj (.text:GPIOPadConfigSet)
                  00205356    00000002     startup_ccs.obj (.text:FaultISR)
                  00205358    000000a4     gpio.obj (.text:GPIOPinConfigure)
                  002053fc    0000009c     Modbus_app.obj (.text:Modbus_App_Read_H_Registers)
                  00205498    0000009c     Modbus_app.obj (.text:Modbus_App_Read_I_Registers)
                  00205534    0000009c     rtsv7M3_T_le_eabi.lib : memcpy_t2.obj (.text)
                  002055d0    00000098     Modbus_app.obj (.text:Modbus_App_Write_M_Registers_Check)
                  00205668    00000098     Modbus_OSL_RTU.obj (.text:Modbus_OSL_RTU_Check_CRC)
                  00205700    00000094     Modbus_app.obj (.text:Modbus_Slave_Init)
                  00205794    00000094     sysctl.obj (.text:SysCtlClockConfigGet)
                  00205828    00000090     Modbus_OSL.obj (.text:Modbus_OSL_Receive_Request)
                  002058b8    00000090     sysctl.obj (.text:SysCtlXPllClockDividerSet)
                  00205948    00000084     Modbus_app.obj (.text:Modbus_App_Write_Coil)
                  002059cc    0000007c     Modbus_app.obj (.text:Modbus_App_Process_Action)
                  00205a48    0000007a     rtsv7M3_T_le_eabi.lib : memset_t2.obj (.text)
                  00205ac2    00000002     startup_ccs.obj (.text:IntDefaultHandler)
                  00205ac4    00000078     Modbus_app.obj (.text:Modbus_App_Read_Coils_Check)
                  00205b3c    00000078     Modbus_app.obj (.text:Modbus_App_Read_D_Inputs_Check)
                  00205bb4    00000076     uart.obj (.text:UARTConfigSetExpClk)
                  00205c2a    00000002     startup_ccs.obj (.text:NmiSR)
                  00205c2c    00000074     Modbus_app.obj (.text:Modbus_App_Read_H_Registers_Check)
                  00205ca0    00000074     Modbus_app.obj (.text:Modbus_App_Read_I_Registers_Check)
                  00205d14    00000070     Modbus_app.obj (.text:Modbus_App_Write_Coil_Check)
                  00205d84    00000070     Modbus_OSL.obj (.text:Modbus_OSL_Output)
                  00205df4    00000070     rtsv7M3_T_le_eabi.lib : autoinit.obj (.text)
                  00205e64    0000006c     Modbus_OSL_RTU.obj (.text:Modbus_OSL_RTU_Mount_CRC)
                  00205ed0    0000006a     rtsv7M3_T_le_eabi.lib : copy_decompress_rle.obj (.text)
                  00205f3a    00000002                           : mpu_init.obj (.text)
                  00205f3c    00000068     Modbus_app.obj (.text:Modbus_App_Write_Register)
                  00205fa4    00000060     Modbus_app.obj (.text:Modbus_App_Write_Register_Check)
                  00206004    00000060     Modbus_OSL.obj (.text:UART0IntHandler)
                  00206064    0000005c     gpio.obj (.text:GPIODirModeSet)
                  002060c0    0000005c     Modbus_OSL_RTU.obj (.text:Modbus_OSL_RTU_Mount_ADU)
                  0020611c    00000058     interrupt.obj (.text:IntRegister)
                  00206174    00000054     Modbus_OSL.obj (.text:Modbus_OSL_Send)
                  002061c8    00000054     rtsv7M3_T_le_eabi.lib : exit.obj (.text)
                  0020621c    0000004c     sysctl.obj (.text:SysCtlClockConfigSet)
                  00206268    0000004c     rtsv7M3_T_le_eabi.lib : cpy_tbl.obj (.text)
                  002062b4    00000048     Modbus_OSL_RTU.obj (.text:Modbus_OSL_RTU_UART)
                  002062fc    00000048     sysctl.obj (.text:SysCtlPeripheralEnable)
                  00206344    00000044     Modbus_app.obj (.text:Modbus_App_Mask_Write_Register_Check)
                  00206388    00000042     Modbus_OSL.obj (.text:Modbus_OSL_RTU_to_App)
                  002063ca    00000002     rtsv7M3_T_le_eabi.lib : startup.obj (.text)
                  002063cc    00000040                           : boot.obj (.text)
                  0020640c    00000038     sysctl.obj (.text:SysCtlPeripheralIsEnabled)
                  00206444    00000038     timer.obj (.text:TimerConfigure)
                  0020647c    00000034     Modbus_OSL_RTU.obj (.text:Modbus_OSL_RTU_15T)
                  002064b0    00000030     uart.obj (.text:UARTDisable)
                  002064e0    0000002c     Modbus_OSL.obj (.text:Modbus_OSL_Serial_Comm)
                  0020650c    0000002c     Modbus_OSL.obj (.text:UARTSend)
                  00206538    0000002a     timer.obj (.text:TimerLoadSet)
                  00206562    00000002     --HOLE-- [fill = 0]
                  00206564    00000028     Modbus_OSL_RTU.obj (.text:Modbus_OSL_RTU_Control_CRC)
                  0020658c    00000024     Modbus_OSL.obj (.text:Modbus_OSL_Processing_Msg)
                  002065b0    00000024     uart.obj (.text:UARTCharPutNonBlocking)
                  002065d4    00000024     uart.obj (.text:UARTEnable)
                  002065f8    00000022     gpio.obj (.text:GPIOPinTypeGPIOOutput)
                  0020661a    00000022     gpio.obj (.text:GPIOPinTypeUART)
                  0020663c    00000020     gpio.obj (.text:GPIOPinWrite)
                  0020665c    00000020     Modbus_app.obj (.text:Modbus_App_Receive_Char)
                  0020667c    00000020     Modbus_OSL.obj (.text:pollcounter)
                  0020669c    0000001e     timer.obj (.text:TimerEnable)
                  002066ba    0000001e     uart.obj (.text:UARTCharPut)
                  002066d8    0000001e     uart.obj (.text:UARTIntStatus)
                  002066f6    00000002     --HOLE-- [fill = 0]
                  002066f8    0000001c     Modbus_OSL_RTU.obj (.text:Modbus_OSL_RTU_Char_Get)
                  00206714    0000001c     Modbus_OSL_Timers.obj (.text:Timer0IntHandler)
                  00206730    0000001c     uart.obj (.text:UARTCharGetNonBlocking)
                  0020674c    00000018     Modbus_app.obj (.text:Modbus_App_L_Msg_Set)
                  00206764    00000018     Modbus_app.obj (.text:Modbus_App_Send)
                  0020677c    00000018     Modbus_OSL.obj (.text:Modbus_OSL_Frame_Set)
                  00206794    00000018     Modbus_OSL.obj (.text:Modbus_OSL_MainState_Set)
                  002067ac    00000018     Modbus_OSL.obj (.text:Modbus_OSL_State_Set)
                  002067c4    00000018     timer.obj (.text:TimerIntEnable)
                  002067dc    00000018     uart.obj (.text:UARTCharsAvail)
                  002067f4    00000018     uart.obj (.text:UARTFIFOLevelSet)
                  0020680c    00000018     uart.obj (.text:UARTIntEnable)
                  00206824    00000018     maintest_slave.obj (.text:main)
                  0020683c    00000018     rtsv7M3_T_le_eabi.lib : args_main.obj (.text)
                  00206854    00000014     Modbus_OSL_Timers.obj (.text:Timer1IntHandler)
                  00206868    00000014     rtsv7M3_T_le_eabi.lib : _lock.obj (.text)
                  0020687c    00000012     timer.obj (.text:TimerIntClear)
                  0020688e    00000012     uart.obj (.text:UARTIntClear)
                  002068a0    00000012     watchdog.obj (.text:WatchdogReloadSet)
                  002068b2    00000012     watchdog.obj (.text:WatchdogRunning)
                  002068c4    00000010     Modbus_OSL_RTU.obj (.text:Modbus_OSL_RTU_L_Msg_Get)
                  002068d4    0000000e     rtsv7M3_T_le_eabi.lib : copy_decompress_none.obj (.text:decompress:none)
                  002068e2    0000000c     cpu.obj (.text:CPUcpsid)
                  002068ee    0000000c     cpu.obj (.text:CPUcpsie)
                  002068fa    00000002     --HOLE-- [fill = 0]
                  002068fc    0000000c     Modbus_OSL.obj (.text:Modbus_OSL_BroadCast_Get)
                  00206908    0000000c     Modbus_OSL.obj (.text:Modbus_OSL_Frame_Get)
                  00206914    0000000c     Modbus_OSL.obj (.text:Modbus_OSL_Get_Baudrate)
                  00206920    0000000c     Modbus_OSL.obj (.text:Modbus_OSL_MainState_Get)
                  0020692c    0000000c     Modbus_OSL_RTU.obj (.text:Modbus_OSL_RTU_Get_Timeout_35)
                  00206938    0000000c     Modbus_OSL.obj (.text:Modbus_OSL_State_Get)
                  00206944    0000000c     Modbus_app.obj (.text:Modbus_Slave_Communication)
                  00206950    0000000a     interrupt.obj (.text:IntMasterDisable)
                  0020695a    0000000a     interrupt.obj (.text:IntMasterEnable)
                  00206964    0000000a     Modbus_OSL.obj (.text:Modbus_Fatal_Error)
                  0020696e    00000002     --HOLE-- [fill = 0]
                  00206970    00000006     sysctl.obj (.text:SysCtlDelay)
                  00206976    00000006     rtsv7M3_T_le_eabi.lib : copy_decompress_rle.obj (.text:decompress:rle24)
                  0020697c    00000004                           : pre_init.obj (.text)

.const     0    00206980    0000009c     
                  00206980    00000088     gpio.obj (.const:g_pulGPIOBaseAddrs)
                  00206a08    00000014     sysctl.obj (.const:g_pulRCGCRegs)

.cinit     0    00206a20    0000027c     
                  00206a20    0000023c     (.cinit..data.load) [load image, compression = rle]
                  00206c5c    00000004     --HOLE-- [fill = 0]
                  00206c60    0000000b     (.cinit..bss.load) [load image, compression = rle]
                  00206c6b    00000005     --HOLE-- [fill = 0]
                  00206c70    0000000b     (.cinit..vtable.load) [load image, compression = rle]
                  00206c7b    00000001     --HOLE-- [fill = 0]
                  00206c7c    00000008     (__TI_handler_table)
                  00206c84    00000018     (__TI_cinit_table)

.z2_csm_rsvd 
*          0    0027ff00    0000000c     
                  0027ff00    0000000c     dcsm_z2_secvalues.obj (.z2_csm_rsvd)

.z2secvalues 
*          0    0027ffdc    00000024     
                  0027ffdc    00000024     dcsm_z2_secvalues.obj (.z2secvalues)

.bss       0    20000000    000015ec     UNINITIALIZED
                  20000000    000007d0     maintest_slave.obj (.bss:coils_data)
                  200007d0    000007d0     maintest_slave.obj (.bss:discrete_inputs_data)
                  20000fa0    00000100     Modbus_app.obj (.bss:Modbus_App_Msg)
                  200010a0    00000100     Modbus_app.obj (.bss:Modbus_App_Response_pdu)
                  200011a0    00000100     Modbus_OSL_RTU.obj (.bss:Modbus_OSL_RTU_Msg1)
                  200012a0    00000100     Modbus_OSL.obj (.bss:Modbus_OSL_Response_ADU)
                  200013a0    000000fc     maintest_slave.obj (.bss:holding_registers_data)
                  2000149c    000000fc     maintest_slave.obj (.bss:input_registers_data)
                  20001598    00000021     Modbus_app.obj (.bss)
                  200015b9    00000003     --HOLE--
                  200015bc    00000014     Modbus_OSL_RTU.obj (.bss)
                  200015d0    00000010     maintest_slave.obj (.bss)
                  200015e0    0000000c     Modbus_OSL.obj (.bss)

ramfuncs   0    20000000    00000000     UNINITIALIZED

.data      0    200015ec    00000638     UNINITIALIZED
                  200015ec    000003fc     Modbus_OSL_RTU.obj (.data:value$1)
                  200019e8    00000100     Modbus_OSL_RTU.obj (.data:auchCRCHi)
                  20001ae8    00000100     Modbus_OSL_RTU.obj (.data:auchCRCLo)
                  20001be8    0000000c     rtsv7M3_T_le_eabi.lib : exit.obj (.data:$O1$$)
                  20001bf4    0000000c     Modbus_OSL_RTU.obj (.data:Timeout_15)
                  20001c00    0000000c     Modbus_OSL_RTU.obj (.data:Timeout_35)
                  20001c0c    00000008     rtsv7M3_T_le_eabi.lib : _lock.obj (.data:$O1$$)
                  20001c14    00000008     maintest_slave.obj (.data)
                  20001c1c    00000004     Modbus_OSL_Timers.obj (.data)
                  20001c20    00000004     rtsv7M3_T_le_eabi.lib : stkdepth_vars.obj (.data)

.vtable    0    20002000    00000258     UNINITIALIZED
                  20002000    00000258     interrupt.obj (.vtable)

.stack     0    20001c24    00000100     UNINITIALIZED
                  20001c24    00000100     --HOLE--

GETBUFFER 
*          0    2007f000    00000000     DSECT

GETWRITEIDX 
*          0    2007f000    00000000     DSECT

PUTREADIDX 
*          0    2007f000    00000000     DSECT

MODULE SUMMARY

       Module                     code    ro data   rw data
       ------                     ----    -------   -------
    ./Application/source/
       maintest_slave.obj         408     0         4528   
       Modbus_app.obj             3964    0         545    
       Modbus_OSL_RTU.obj         1176    0         1832   
       Modbus_OSL.obj             1164    0         268    
       Modbus_OSL_Timers.obj      48      0         4      
    +--+--------------------------+-------+---------+---------+
       Total:                     6760    0         7177   
                                                           
    ./F28M35H52C_System/driverlib/
       sysctl.obj                 1438    20        0      
       interrupt.obj              452     0         600    
       gpio.obj                   522     136       0      
       uart.obj                   416     0         0      
       timer.obj                  170     0         0      
       dcsm_z1_secvalues.obj      0       48        0      
       dcsm_z2_secvalues.obj      0       48        0      
       watchdog.obj               36      0         0      
       cpu.obj                    24      0         0      
    +--+--------------------------+-------+---------+---------+
       Total:                     3058    252       600    
                                                           
    ./F28M35H52C_System/utils/
       startup_ccs.obj            12      432       0      
    +--+--------------------------+-------+---------+---------+
       Total:                     12      432       0      
                                                           
    /home/preetham/ti/ccsv6/tools/compiler/ti-cgt-arm_15.12.1.LTS/lib/rtsv7M3_T_le_eabi.lib
       memcpy_t2.obj              156     0         0      
       memset_t2.obj              122     0         0      
       autoinit.obj               112     0         0      
       copy_decompress_rle.obj    112     0         0      
       exit.obj                   84      0         12     
       cpy_tbl.obj                76      0         0      
       boot.obj                   64      0         0      
       _lock.obj                  20      0         8      
       args_main.obj              24      0         0      
       copy_decompress_none.obj   14      0         0      
       pre_init.obj               4       0         0      
       stkdepth_vars.obj          0       0         4      
       mpu_init.obj               2       0         0      
       startup.obj                2       0         0      
    +--+--------------------------+-------+---------+---------+
       Total:                     792     0         24     
                                                           
       Stack:                     0       0         256    
       Linker Generated:          0       626       0      
    +--+--------------------------+-------+---------+---------+
       Grand Total:               10622   1310      8057   


LINKER GENERATED COPY TABLES

__TI_cinit_table @ 00206c84 records: 3, size/record: 8, table size: 24
	.data: load addr=00206a20, load size=0000023c bytes, run addr=200015ec, run size=00000638 bytes, compression=rle
	.bss: load addr=00206c60, load size=0000000b bytes, run addr=20000000, run size=000015ec bytes, compression=rle
	.vtable: load addr=00206c70, load size=0000000b bytes, run addr=20002000, run size=00000258 bytes, compression=rle


LINKER GENERATED HANDLER TABLE

__TI_handler_table @ 00206c7c records: 2, size/record: 4, table size: 8
	index: 0, handler: __TI_decompress_rle24
	index: 1, handler: __TI_decompress_none


GLOBAL SYMBOLS: SORTED ALPHABETICALLY BY Name 

address   name                           
-------   ----                           
002061c9  C$$EXIT                        
002068e3  CPUcpsid                       
002068ef  CPUcpsie                       
00206065  GPIODirModeSet                 
002052b1  GPIOPadConfigSet               
00205359  GPIOPinConfigure               
002065f9  GPIOPinTypeGPIOOutput          
0020661b  GPIOPinTypeUART                
0020663d  GPIOPinWrite                   
002050ad  IntDisable                     
00205159  IntEnable                      
00206951  IntMasterDisable               
0020695b  IntMasterEnable                
0020611d  IntRegister                    
0020674d  Modbus_App_L_Msg_Set           
00204f45  Modbus_App_Manage_Request      
0020665d  Modbus_App_Receive_Char        
00206765  Modbus_App_Send                
00206965  Modbus_Fatal_Error             
002068fd  Modbus_OSL_BroadCast_Get       
00206909  Modbus_OSL_Frame_Get           
0020677d  Modbus_OSL_Frame_Set           
00206915  Modbus_OSL_Get_Baudrate        
0020430d  Modbus_OSL_Init                
00206921  Modbus_OSL_MainState_Get       
00206795  Modbus_OSL_MainState_Set       
00205d85  Modbus_OSL_Output              
0020647d  Modbus_OSL_RTU_15T             
002066f9  Modbus_OSL_RTU_Char_Get        
00206565  Modbus_OSL_RTU_Control_CRC     
0020692d  Modbus_OSL_RTU_Get_Timeout_35  
00204e81  Modbus_OSL_RTU_Init            
002068c5  Modbus_OSL_RTU_L_Msg_Get       
002060c1  Modbus_OSL_RTU_Mount_ADU       
002062b5  Modbus_OSL_RTU_UART            
002064e1  Modbus_OSL_Serial_Comm         
00206939  Modbus_OSL_State_Get           
002067ad  Modbus_OSL_State_Set           
00206945  Modbus_Slave_Communication     
00205701  Modbus_Slave_Init              
20000000  RamfuncsLoadEnd                
00000000  RamfuncsLoadSize               
20000000  RamfuncsLoadStart              
20000000  RamfuncsRunEnd                 
00000000  RamfuncsRunSize                
20000000  RamfuncsRunStart               
00200031  ResetISR                       
UNDEFED   SHT$$INIT_ARRAY$$Base          
UNDEFED   SHT$$INIT_ARRAY$$Limit         
00205795  SysCtlClockConfigGet           
0020621d  SysCtlClockConfigSet           
00204479  SysCtlClockDividersSet         
00204b51  SysCtlClockGet                 
00204001  SysCtlClockPllConfig           
00206971  SysCtlDelay                    
002062fd  SysCtlPeripheralEnable         
0020640d  SysCtlPeripheralIsEnabled      
002058b9  SysCtlXPllClockDividerSet      
00206715  Timer0IntHandler               
00206855  Timer1IntHandler               
00206445  TimerConfigure                 
0020669d  TimerEnable                    
0020687d  TimerIntClear                  
002067c5  TimerIntEnable                 
00206539  TimerLoadSet                   
00206005  UART0IntHandler                
00206731  UARTCharGetNonBlocking         
002066bb  UARTCharPut                    
002065b1  UARTCharPutNonBlocking         
002067dd  UARTCharsAvail                 
00205bb5  UARTConfigSetExpClk            
002064b1  UARTDisable                    
002065d5  UARTEnable                     
002067f5  UARTFIFOLevelSet               
0020688f  UARTIntClear                   
0020680d  UARTIntEnable                  
002066d9  UARTIntStatus                  
0020650d  UARTSend                       
002068a1  WatchdogReloadSet              
002068b3  WatchdogRunning                
20001d24  __STACK_END                    
00000100  __STACK_SIZE                   
00206c84  __TI_CINIT_Base                
00206c9c  __TI_CINIT_Limit               
00206c7c  __TI_Handler_Table_Base        
00206c84  __TI_Handler_Table_Limit       
00205df5  __TI_auto_init                 
20001be8  __TI_cleanup_ptr               
002068d5  __TI_decompress_none           
00206977  __TI_decompress_rle24          
20001bec  __TI_dtors_ptr                 
20001bf0  __TI_enable_exit_profile_output
ffffffff  __TI_pprof_out_hndl            
ffffffff  __TI_prof_data_size            
ffffffff  __TI_prof_data_start           
00206a20  __TI_static_base__             
00205a49  __aeabi_memclr                 
00205a49  __aeabi_memclr4                
00205a49  __aeabi_memclr8                
00205535  __aeabi_memcpy                 
00205535  __aeabi_memcpy4                
00205535  __aeabi_memcpy8                
00205a4b  __aeabi_memset                 
00205a4b  __aeabi_memset4                
00205a4b  __aeabi_memset8                
ffffffff  __binit__                      
ffffffff  __c_args__                     
00205f3b  __mpu_init                     
20001c24  __stack                        
0020683d  _args_main                     
002063cd  _c_int00                       
20001c0c  _lock                          
00206877  _nop                           
0020686f  _register_lock                 
00206869  _register_unlock               
002063cb  _system_post_cinit             
0020697d  _system_pre_init               
20001c10  _unlock                        
002061cd  abort                          
ffffffff  binit                          
00206269  copy_in                        
20001c1c  counter                        
002061d5  exit                           
20002000  g_pfnRAMVectors                
00201000  g_pfnVectors                   
0020418d  init                           
00206825  main                           
20001c20  main_func_sp                   
00205535  memcpy                         
00205a51  memset                         
0020667d  pollcounter                    
00200024  z1_csm_rsvd                    
00200000  z1secvalues                    
0027ff00  z2_csm_rsvd                    
0027ffdc  z2secvalues                    


GLOBAL SYMBOLS: SORTED BY Symbol Address 

address   name                           
-------   ----                           
00000000  RamfuncsLoadSize               
00000000  RamfuncsRunSize                
00000100  __STACK_SIZE                   
00200000  z1secvalues                    
00200024  z1_csm_rsvd                    
00200031  ResetISR                       
00201000  g_pfnVectors                   
00204001  SysCtlClockPllConfig           
0020418d  init                           
0020430d  Modbus_OSL_Init                
00204479  SysCtlClockDividersSet         
00204b51  SysCtlClockGet                 
00204e81  Modbus_OSL_RTU_Init            
00204f45  Modbus_App_Manage_Request      
002050ad  IntDisable                     
00205159  IntEnable                      
002052b1  GPIOPadConfigSet               
00205359  GPIOPinConfigure               
00205535  __aeabi_memcpy                 
00205535  __aeabi_memcpy4                
00205535  __aeabi_memcpy8                
00205535  memcpy                         
00205701  Modbus_Slave_Init              
00205795  SysCtlClockConfigGet           
002058b9  SysCtlXPllClockDividerSet      
00205a49  __aeabi_memclr                 
00205a49  __aeabi_memclr4                
00205a49  __aeabi_memclr8                
00205a4b  __aeabi_memset                 
00205a4b  __aeabi_memset4                
00205a4b  __aeabi_memset8                
00205a51  memset                         
00205bb5  UARTConfigSetExpClk            
00205d85  Modbus_OSL_Output              
00205df5  __TI_auto_init                 
00205f3b  __mpu_init                     
00206005  UART0IntHandler                
00206065  GPIODirModeSet                 
002060c1  Modbus_OSL_RTU_Mount_ADU       
0020611d  IntRegister                    
002061c9  C$$EXIT                        
002061cd  abort                          
002061d5  exit                           
0020621d  SysCtlClockConfigSet           
00206269  copy_in                        
002062b5  Modbus_OSL_RTU_UART            
002062fd  SysCtlPeripheralEnable         
002063cb  _system_post_cinit             
002063cd  _c_int00                       
0020640d  SysCtlPeripheralIsEnabled      
00206445  TimerConfigure                 
0020647d  Modbus_OSL_RTU_15T             
002064b1  UARTDisable                    
002064e1  Modbus_OSL_Serial_Comm         
0020650d  UARTSend                       
00206539  TimerLoadSet                   
00206565  Modbus_OSL_RTU_Control_CRC     
002065b1  UARTCharPutNonBlocking         
002065d5  UARTEnable                     
002065f9  GPIOPinTypeGPIOOutput          
0020661b  GPIOPinTypeUART                
0020663d  GPIOPinWrite                   
0020665d  Modbus_App_Receive_Char        
0020667d  pollcounter                    
0020669d  TimerEnable                    
002066bb  UARTCharPut                    
002066d9  UARTIntStatus                  
002066f9  Modbus_OSL_RTU_Char_Get        
00206715  Timer0IntHandler               
00206731  UARTCharGetNonBlocking         
0020674d  Modbus_App_L_Msg_Set           
00206765  Modbus_App_Send                
0020677d  Modbus_OSL_Frame_Set           
00206795  Modbus_OSL_MainState_Set       
002067ad  Modbus_OSL_State_Set           
002067c5  TimerIntEnable                 
002067dd  UARTCharsAvail                 
002067f5  UARTFIFOLevelSet               
0020680d  UARTIntEnable                  
00206825  main                           
0020683d  _args_main                     
00206855  Timer1IntHandler               
00206869  _register_unlock               
0020686f  _register_lock                 
00206877  _nop                           
0020687d  TimerIntClear                  
0020688f  UARTIntClear                   
002068a1  WatchdogReloadSet              
002068b3  WatchdogRunning                
002068c5  Modbus_OSL_RTU_L_Msg_Get       
002068d5  __TI_decompress_none           
002068e3  CPUcpsid                       
002068ef  CPUcpsie                       
002068fd  Modbus_OSL_BroadCast_Get       
00206909  Modbus_OSL_Frame_Get           
00206915  Modbus_OSL_Get_Baudrate        
00206921  Modbus_OSL_MainState_Get       
0020692d  Modbus_OSL_RTU_Get_Timeout_35  
00206939  Modbus_OSL_State_Get           
00206945  Modbus_Slave_Communication     
00206951  IntMasterDisable               
0020695b  IntMasterEnable                
00206965  Modbus_Fatal_Error             
00206971  SysCtlDelay                    
00206977  __TI_decompress_rle24          
0020697d  _system_pre_init               
00206a20  __TI_static_base__             
00206c7c  __TI_Handler_Table_Base        
00206c84  __TI_CINIT_Base                
00206c84  __TI_Handler_Table_Limit       
00206c9c  __TI_CINIT_Limit               
0027ff00  z2_csm_rsvd                    
0027ffdc  z2secvalues                    
20000000  RamfuncsLoadEnd                
20000000  RamfuncsLoadStart              
20000000  RamfuncsRunEnd                 
20000000  RamfuncsRunStart               
20001be8  __TI_cleanup_ptr               
20001bec  __TI_dtors_ptr                 
20001bf0  __TI_enable_exit_profile_output
20001c0c  _lock                          
20001c10  _unlock                        
20001c1c  counter                        
20001c20  main_func_sp                   
20001c24  __stack                        
20001d24  __STACK_END                    
20002000  g_pfnRAMVectors                
ffffffff  __TI_pprof_out_hndl            
ffffffff  __TI_prof_data_size            
ffffffff  __TI_prof_data_start           
ffffffff  __binit__                      
ffffffff  __c_args__                     
ffffffff  binit                          
UNDEFED   SHT$$INIT_ARRAY$$Base          
UNDEFED   SHT$$INIT_ARRAY$$Limit         

[135 symbols]
