<?xml version="1.0"?>
<link_info>
   <banner>TI ARM Linker Unix v15.12.1.LTS</banner>
   <copyright>Copyright (c) 1996-2015 Texas Instruments Incorporated</copyright>
   <link_time>0x5988ca1d</link_time>
   <link_errors>0x0</link_errors>
   <output_file>Modbus-CAN-ARM-Cortex-M3-serial.out</output_file>
   <entry_point>
      <name>_c_int00</name>
      <address>0x2062f5</address>
   </entry_point>
   <input_file_list>
      <input_file id="fl-2">
         <path>./Application/source/</path>
         <kind>object</kind>
         <file>Modbus_CAN.obj</file>
         <name>Modbus_CAN.obj</name>
      </input_file>
      <input_file id="fl-3">
         <path>./Application/source/</path>
         <kind>object</kind>
         <file>Modbus_OSL.obj</file>
         <name>Modbus_OSL.obj</name>
      </input_file>
      <input_file id="fl-4">
         <path>./Application/source/</path>
         <kind>object</kind>
         <file>Modbus_OSL_RTU.obj</file>
         <name>Modbus_OSL_RTU.obj</name>
      </input_file>
      <input_file id="fl-5">
         <path>./Application/source/</path>
         <kind>object</kind>
         <file>Modbus_OSL_Timers.obj</file>
         <name>Modbus_OSL_Timers.obj</name>
      </input_file>
      <input_file id="fl-6">
         <path>./Application/source/</path>
         <kind>object</kind>
         <file>Modbus_app.obj</file>
         <name>Modbus_app.obj</name>
      </input_file>
      <input_file id="fl-7">
         <path>./Application/source/</path>
         <kind>object</kind>
         <file>maintest_slave.obj</file>
         <name>maintest_slave.obj</name>
      </input_file>
      <input_file id="fl-8">
         <path>./F28M35H52C_System/driverlib/</path>
         <kind>object</kind>
         <file>can.obj</file>
         <name>can.obj</name>
      </input_file>
      <input_file id="fl-9">
         <path>./F28M35H52C_System/driverlib/</path>
         <kind>object</kind>
         <file>cpu.obj</file>
         <name>cpu.obj</name>
      </input_file>
      <input_file id="fl-a">
         <path>./F28M35H52C_System/driverlib/</path>
         <kind>object</kind>
         <file>dcsm.obj</file>
         <name>dcsm.obj</name>
      </input_file>
      <input_file id="fl-b">
         <path>./F28M35H52C_System/driverlib/</path>
         <kind>object</kind>
         <file>dcsm_z1_secvalues.obj</file>
         <name>dcsm_z1_secvalues.obj</name>
      </input_file>
      <input_file id="fl-c">
         <path>./F28M35H52C_System/driverlib/</path>
         <kind>object</kind>
         <file>dcsm_z2_secvalues.obj</file>
         <name>dcsm_z2_secvalues.obj</name>
      </input_file>
      <input_file id="fl-d">
         <path>./F28M35H52C_System/driverlib/</path>
         <kind>object</kind>
         <file>epi.obj</file>
         <name>epi.obj</name>
      </input_file>
      <input_file id="fl-e">
         <path>./F28M35H52C_System/driverlib/</path>
         <kind>object</kind>
         <file>ethernet.obj</file>
         <name>ethernet.obj</name>
      </input_file>
      <input_file id="fl-f">
         <path>./F28M35H52C_System/driverlib/</path>
         <kind>object</kind>
         <file>flash.obj</file>
         <name>flash.obj</name>
      </input_file>
      <input_file id="fl-10">
         <path>./F28M35H52C_System/driverlib/</path>
         <kind>object</kind>
         <file>gpio.obj</file>
         <name>gpio.obj</name>
      </input_file>
      <input_file id="fl-11">
         <path>./F28M35H52C_System/driverlib/</path>
         <kind>object</kind>
         <file>hwbist.obj</file>
         <name>hwbist.obj</name>
      </input_file>
      <input_file id="fl-12">
         <path>./F28M35H52C_System/driverlib/</path>
         <kind>object</kind>
         <file>hwbistcontext.obj</file>
         <name>hwbistcontext.obj</name>
      </input_file>
      <input_file id="fl-13">
         <path>./F28M35H52C_System/driverlib/</path>
         <kind>object</kind>
         <file>i2c.obj</file>
         <name>i2c.obj</name>
      </input_file>
      <input_file id="fl-14">
         <path>./F28M35H52C_System/driverlib/</path>
         <kind>object</kind>
         <file>interrupt.obj</file>
         <name>interrupt.obj</name>
      </input_file>
      <input_file id="fl-15">
         <path>./F28M35H52C_System/driverlib/</path>
         <kind>object</kind>
         <file>ipc.obj</file>
         <name>ipc.obj</name>
      </input_file>
      <input_file id="fl-16">
         <path>./F28M35H52C_System/driverlib/</path>
         <kind>object</kind>
         <file>ipc_lite.obj</file>
         <name>ipc_lite.obj</name>
      </input_file>
      <input_file id="fl-17">
         <path>./F28M35H52C_System/driverlib/</path>
         <kind>object</kind>
         <file>ipc_util.obj</file>
         <name>ipc_util.obj</name>
      </input_file>
      <input_file id="fl-18">
         <path>./F28M35H52C_System/driverlib/</path>
         <kind>object</kind>
         <file>mpu.obj</file>
         <name>mpu.obj</name>
      </input_file>
      <input_file id="fl-19">
         <path>./F28M35H52C_System/driverlib/</path>
         <kind>object</kind>
         <file>pbist.obj</file>
         <name>pbist.obj</name>
      </input_file>
      <input_file id="fl-1a">
         <path>./F28M35H52C_System/driverlib/</path>
         <kind>object</kind>
         <file>ram.obj</file>
         <name>ram.obj</name>
      </input_file>
      <input_file id="fl-1b">
         <path>./F28M35H52C_System/driverlib/</path>
         <kind>object</kind>
         <file>ssi.obj</file>
         <name>ssi.obj</name>
      </input_file>
      <input_file id="fl-1c">
         <path>./F28M35H52C_System/driverlib/</path>
         <kind>object</kind>
         <file>sysctl.obj</file>
         <name>sysctl.obj</name>
      </input_file>
      <input_file id="fl-1d">
         <path>./F28M35H52C_System/driverlib/</path>
         <kind>object</kind>
         <file>systick.obj</file>
         <name>systick.obj</name>
      </input_file>
      <input_file id="fl-1e">
         <path>./F28M35H52C_System/driverlib/</path>
         <kind>object</kind>
         <file>timer.obj</file>
         <name>timer.obj</name>
      </input_file>
      <input_file id="fl-1f">
         <path>./F28M35H52C_System/driverlib/</path>
         <kind>object</kind>
         <file>uart.obj</file>
         <name>uart.obj</name>
      </input_file>
      <input_file id="fl-20">
         <path>./F28M35H52C_System/driverlib/</path>
         <kind>object</kind>
         <file>ucrc.obj</file>
         <name>ucrc.obj</name>
      </input_file>
      <input_file id="fl-21">
         <path>./F28M35H52C_System/driverlib/</path>
         <kind>object</kind>
         <file>udma.obj</file>
         <name>udma.obj</name>
      </input_file>
      <input_file id="fl-22">
         <path>./F28M35H52C_System/driverlib/</path>
         <kind>object</kind>
         <file>usb.obj</file>
         <name>usb.obj</name>
      </input_file>
      <input_file id="fl-23">
         <path>./F28M35H52C_System/driverlib/</path>
         <kind>object</kind>
         <file>watchdog.obj</file>
         <name>watchdog.obj</name>
      </input_file>
      <input_file id="fl-24">
         <path>./F28M35H52C_System/utils/</path>
         <kind>object</kind>
         <file>Fapi_UserDefinedFunctions.obj</file>
         <name>Fapi_UserDefinedFunctions.obj</name>
      </input_file>
      <input_file id="fl-25">
         <path>./F28M35H52C_System/utils/</path>
         <kind>object</kind>
         <file>cmdline.obj</file>
         <name>cmdline.obj</name>
      </input_file>
      <input_file id="fl-26">
         <path>./F28M35H52C_System/utils/</path>
         <kind>object</kind>
         <file>cpu_usage.obj</file>
         <name>cpu_usage.obj</name>
      </input_file>
      <input_file id="fl-27">
         <path>./F28M35H52C_System/utils/</path>
         <kind>object</kind>
         <file>crc.obj</file>
         <name>crc.obj</name>
      </input_file>
      <input_file id="fl-28">
         <path>./F28M35H52C_System/utils/</path>
         <kind>object</kind>
         <file>isqrt.obj</file>
         <name>isqrt.obj</name>
      </input_file>
      <input_file id="fl-29">
         <path>./F28M35H52C_System/utils/</path>
         <kind>object</kind>
         <file>ringbuf.obj</file>
         <name>ringbuf.obj</name>
      </input_file>
      <input_file id="fl-2a">
         <path>./F28M35H52C_System/utils/</path>
         <kind>object</kind>
         <file>sine.obj</file>
         <name>sine.obj</name>
      </input_file>
      <input_file id="fl-2b">
         <path>./F28M35H52C_System/utils/</path>
         <kind>object</kind>
         <file>softssi.obj</file>
         <name>softssi.obj</name>
      </input_file>
      <input_file id="fl-2c">
         <path>./F28M35H52C_System/utils/</path>
         <kind>object</kind>
         <file>softuart.obj</file>
         <name>softuart.obj</name>
      </input_file>
      <input_file id="fl-2d">
         <path>./F28M35H52C_System/utils/</path>
         <kind>object</kind>
         <file>startup_ccs.obj</file>
         <name>startup_ccs.obj</name>
      </input_file>
      <input_file id="fl-2e">
         <path>./F28M35H52C_System/utils/</path>
         <kind>object</kind>
         <file>uartsmc.obj</file>
         <name>uartsmc.obj</name>
      </input_file>
      <input_file id="fl-2f">
         <path>./F28M35H52C_System/utils/</path>
         <kind>object</kind>
         <file>uartstdio.obj</file>
         <name>uartstdio.obj</name>
      </input_file>
      <input_file id="fl-30">
         <path>./F28M35H52C_System/utils/</path>
         <kind>object</kind>
         <file>ustdlib.obj</file>
         <name>ustdlib.obj</name>
      </input_file>
      <input_file id="fl-37">
         <path>/home/preetham/ti/ccsv6/tools/compiler/ti-cgt-arm_15.12.1.LTS/lib/</path>
         <kind>archive</kind>
         <file>rtsv7M3_T_le_eabi.lib</file>
         <name>boot.obj</name>
      </input_file>
      <input_file id="fl-38">
         <path>/home/preetham/ti/ccsv6/tools/compiler/ti-cgt-arm_15.12.1.LTS/lib/</path>
         <kind>archive</kind>
         <file>rtsv7M3_T_le_eabi.lib</file>
         <name>copy_decompress_none.obj</name>
      </input_file>
      <input_file id="fl-39">
         <path>/home/preetham/ti/ccsv6/tools/compiler/ti-cgt-arm_15.12.1.LTS/lib/</path>
         <kind>archive</kind>
         <file>rtsv7M3_T_le_eabi.lib</file>
         <name>copy_decompress_rle.obj</name>
      </input_file>
      <input_file id="fl-3a">
         <path>/home/preetham/ti/ccsv6/tools/compiler/ti-cgt-arm_15.12.1.LTS/lib/</path>
         <kind>archive</kind>
         <file>rtsv7M3_T_le_eabi.lib</file>
         <name>copy_zero_init.obj</name>
      </input_file>
      <input_file id="fl-3b">
         <path>/home/preetham/ti/ccsv6/tools/compiler/ti-cgt-arm_15.12.1.LTS/lib/</path>
         <kind>archive</kind>
         <file>rtsv7M3_T_le_eabi.lib</file>
         <name>exit.obj</name>
      </input_file>
      <input_file id="fl-3c">
         <path>/home/preetham/ti/ccsv6/tools/compiler/ti-cgt-arm_15.12.1.LTS/lib/</path>
         <kind>archive</kind>
         <file>rtsv7M3_T_le_eabi.lib</file>
         <name>memcpy_t2.obj</name>
      </input_file>
      <input_file id="fl-3d">
         <path>/home/preetham/ti/ccsv6/tools/compiler/ti-cgt-arm_15.12.1.LTS/lib/</path>
         <kind>archive</kind>
         <file>rtsv7M3_T_le_eabi.lib</file>
         <name>memset_t2.obj</name>
      </input_file>
      <input_file id="fl-3e">
         <path>/home/preetham/ti/ccsv6/tools/compiler/ti-cgt-arm_15.12.1.LTS/lib/</path>
         <kind>archive</kind>
         <file>rtsv7M3_T_le_eabi.lib</file>
         <name>mpu_init.obj</name>
      </input_file>
      <input_file id="fl-3f">
         <path>/home/preetham/ti/ccsv6/tools/compiler/ti-cgt-arm_15.12.1.LTS/lib/</path>
         <kind>archive</kind>
         <file>rtsv7M3_T_le_eabi.lib</file>
         <name>pre_init.obj</name>
      </input_file>
      <input_file id="fl-40">
         <path>/home/preetham/ti/ccsv6/tools/compiler/ti-cgt-arm_15.12.1.LTS/lib/</path>
         <kind>archive</kind>
         <file>rtsv7M3_T_le_eabi.lib</file>
         <name>stkdepth_vars.obj</name>
      </input_file>
      <input_file id="fl-41">
         <path>/home/preetham/ti/ccsv6/tools/compiler/ti-cgt-arm_15.12.1.LTS/lib/</path>
         <kind>archive</kind>
         <file>rtsv7M3_T_le_eabi.lib</file>
         <name>strcmp.obj</name>
      </input_file>
      <input_file id="fl-42">
         <path>/home/preetham/ti/ccsv6/tools/compiler/ti-cgt-arm_15.12.1.LTS/lib/</path>
         <kind>archive</kind>
         <file>rtsv7M3_T_le_eabi.lib</file>
         <name>strlen.obj</name>
      </input_file>
      <input_file id="fl-43">
         <path>/home/preetham/ti/ccsv6/tools/compiler/ti-cgt-arm_15.12.1.LTS/lib/</path>
         <kind>archive</kind>
         <file>rtsv7M3_T_le_eabi.lib</file>
         <name>strncmp.obj</name>
      </input_file>
      <input_file id="fl-44">
         <path>/home/preetham/ti/ccsv6/tools/compiler/ti-cgt-arm_15.12.1.LTS/lib/</path>
         <kind>archive</kind>
         <file>rtsv7M3_T_le_eabi.lib</file>
         <name>strncpy.obj</name>
      </input_file>
      <input_file id="fl-45">
         <path>/home/preetham/ti/ccsv6/tools/compiler/ti-cgt-arm_15.12.1.LTS/lib/</path>
         <kind>archive</kind>
         <file>rtsv7M3_T_le_eabi.lib</file>
         <name>u_divt2.obj</name>
      </input_file>
      <input_file id="fl-46">
         <path>/home/preetham/ti/ccsv6/tools/compiler/ti-cgt-arm_15.12.1.LTS/lib/</path>
         <kind>archive</kind>
         <file>rtsv7M3_T_le_eabi.lib</file>
         <name>_lock.obj</name>
      </input_file>
      <input_file id="fl-47">
         <path>/home/preetham/ti/ccsv6/tools/compiler/ti-cgt-arm_15.12.1.LTS/lib/</path>
         <kind>archive</kind>
         <file>rtsv7M3_T_le_eabi.lib</file>
         <name>args_main.obj</name>
      </input_file>
      <input_file id="fl-48">
         <path>/home/preetham/ti/ccsv6/tools/compiler/ti-cgt-arm_15.12.1.LTS/lib/</path>
         <kind>archive</kind>
         <file>rtsv7M3_T_le_eabi.lib</file>
         <name>autoinit.obj</name>
      </input_file>
      <input_file id="fl-49">
         <path>/home/preetham/ti/ccsv6/tools/compiler/ti-cgt-arm_15.12.1.LTS/lib/</path>
         <kind>archive</kind>
         <file>rtsv7M3_T_le_eabi.lib</file>
         <name>cpy_tbl.obj</name>
      </input_file>
      <input_file id="fl-4a">
         <path>/home/preetham/ti/ccsv6/tools/compiler/ti-cgt-arm_15.12.1.LTS/lib/</path>
         <kind>archive</kind>
         <file>rtsv7M3_T_le_eabi.lib</file>
         <name>i_div0.obj</name>
      </input_file>
      <input_file id="fl-4b">
         <path>/home/preetham/ti/ccsv6/tools/compiler/ti-cgt-arm_15.12.1.LTS/lib/</path>
         <kind>archive</kind>
         <file>rtsv7M3_T_le_eabi.lib</file>
         <name>startup.obj</name>
      </input_file>
   </input_file_list>
   <object_component_list>
      <object_component id="oc-1e">
         <name>.intvecs</name>
         <load_address>0x201000</load_address>
         <run_address>0x201000</run_address>
         <size>0x1b0</size>
         <input_file_ref idref="fl-2d"/>
      </object_component>
      <object_component id="oc-43">
         <name>.resetisr:ResetISR</name>
         <load_address>0x200030</load_address>
         <run_address>0x200030</run_address>
         <size>0x6</size>
         <input_file_ref idref="fl-2d"/>
      </object_component>
      <object_component id="oc-124">
         <name>.text:SysCtlClockPllConfig</name>
         <load_address>0x204000</load_address>
         <run_address>0x204000</run_address>
         <size>0x18c</size>
         <input_file_ref idref="fl-1c"/>
      </object_component>
      <object_component id="oc-fb">
         <name>.text:init</name>
         <load_address>0x20418c</load_address>
         <run_address>0x20418c</run_address>
         <size>0x180</size>
         <input_file_ref idref="fl-7"/>
      </object_component>
      <object_component id="oc-186">
         <name>.text:Modbus_OSL_Init</name>
         <load_address>0x20430c</load_address>
         <run_address>0x20430c</run_address>
         <size>0x164</size>
         <input_file_ref idref="fl-3"/>
      </object_component>
      <object_component id="oc-12a">
         <name>.text:SysCtlClockDividersSet</name>
         <load_address>0x204470</load_address>
         <run_address>0x204470</run_address>
         <size>0x148</size>
         <input_file_ref idref="fl-1c"/>
      </object_component>
      <object_component id="oc-375">
         <name>.text:Modbus_App_Read_Write_M_Registers</name>
         <load_address>0x2045b8</load_address>
         <run_address>0x2045b8</run_address>
         <size>0x118</size>
         <input_file_ref idref="fl-6"/>
      </object_component>
      <object_component id="oc-3b3">
         <name>.text:Modbus_App_Read_Write_M_Registers_Check</name>
         <load_address>0x2046d0</load_address>
         <run_address>0x2046d0</run_address>
         <size>0xf0</size>
         <input_file_ref idref="fl-6"/>
      </object_component>
      <object_component id="oc-33f">
         <name>.text:Modbus_App_Read_Coils</name>
         <load_address>0x2047c0</load_address>
         <run_address>0x2047c0</run_address>
         <size>0xec</size>
         <input_file_ref idref="fl-6"/>
      </object_component>
      <object_component id="oc-345">
         <name>.text:Modbus_App_Read_D_Inputs</name>
         <load_address>0x2048ac</load_address>
         <run_address>0x2048ac</run_address>
         <size>0xec</size>
         <input_file_ref idref="fl-6"/>
      </object_component>
      <object_component id="oc-363">
         <name>.text:Modbus_App_Write_M_Coils</name>
         <load_address>0x204998</load_address>
         <run_address>0x204998</run_address>
         <size>0xd8</size>
         <input_file_ref idref="fl-6"/>
      </object_component>
      <object_component id="oc-3a1">
         <name>.text:Modbus_App_Write_M_Coils_Check</name>
         <load_address>0x204a70</load_address>
         <run_address>0x204a70</run_address>
         <size>0xd8</size>
         <input_file_ref idref="fl-6"/>
      </object_component>
      <object_component id="oc-1f7">
         <name>.text:SysCtlClockGet</name>
         <load_address>0x204b48</load_address>
         <run_address>0x204b48</run_address>
         <size>0xd4</size>
         <input_file_ref idref="fl-1c"/>
      </object_component>
      <object_component id="oc-2c3">
         <name>.text:Modbus_OSL_RTU_Set_Timeout_15</name>
         <load_address>0x204c1c</load_address>
         <run_address>0x204c1c</run_address>
         <size>0xcc</size>
         <input_file_ref idref="fl-4"/>
      </object_component>
      <object_component id="oc-2c9">
         <name>.text:Modbus_OSL_RTU_Set_Timeout_35</name>
         <load_address>0x204ce8</load_address>
         <run_address>0x204ce8</run_address>
         <size>0xcc</size>
         <input_file_ref idref="fl-4"/>
      </object_component>
      <object_component id="oc-36f">
         <name>.text:Modbus_App_Mask_Write_Register</name>
         <load_address>0x204db4</load_address>
         <run_address>0x204db4</run_address>
         <size>0xc4</size>
         <input_file_ref idref="fl-6"/>
      </object_component>
      <object_component id="oc-227">
         <name>.text:Modbus_OSL_RTU_Init</name>
         <load_address>0x204e78</load_address>
         <run_address>0x204e78</run_address>
         <size>0xc4</size>
         <input_file_ref idref="fl-4"/>
      </object_component>
      <object_component id="oc-1b5">
         <name>.text:Modbus_App_Manage_Request</name>
         <load_address>0x204f3c</load_address>
         <run_address>0x204f3c</run_address>
         <size>0xb8</size>
         <input_file_ref idref="fl-6"/>
      </object_component>
      <object_component id="oc-263">
         <name>.text:Modbus_App_Check_Request_Data</name>
         <load_address>0x204ff4</load_address>
         <run_address>0x204ff4</run_address>
         <size>0xb0</size>
         <input_file_ref idref="fl-6"/>
      </object_component>
      <object_component id="oc-215">
         <name>.text:IntEnable</name>
         <load_address>0x2050a4</load_address>
         <run_address>0x2050a4</run_address>
         <size>0xac</size>
         <input_file_ref idref="fl-14"/>
      </object_component>
      <object_component id="oc-369">
         <name>.text:Modbus_App_Write_M_Registers</name>
         <load_address>0x205150</load_address>
         <run_address>0x205150</run_address>
         <size>0xac</size>
         <input_file_ref idref="fl-6"/>
      </object_component>
      <object_component id="oc-291">
         <name>.text:GPIOPadConfigSet</name>
         <load_address>0x2051fc</load_address>
         <run_address>0x2051fc</run_address>
         <size>0xa6</size>
         <input_file_ref idref="fl-10"/>
      </object_component>
      <object_component id="oc-4f">
         <name>.text:FaultISR</name>
         <load_address>0x2052a2</load_address>
         <run_address>0x2052a2</run_address>
         <size>0x2</size>
         <input_file_ref idref="fl-2d"/>
      </object_component>
      <object_component id="oc-1eb">
         <name>.text:GPIOPinConfigure</name>
         <load_address>0x2052a4</load_address>
         <run_address>0x2052a4</run_address>
         <size>0xa4</size>
         <input_file_ref idref="fl-10"/>
      </object_component>
      <object_component id="oc-34b">
         <name>.text:Modbus_App_Read_H_Registers</name>
         <load_address>0x205348</load_address>
         <run_address>0x205348</run_address>
         <size>0x9c</size>
         <input_file_ref idref="fl-6"/>
      </object_component>
      <object_component id="oc-351">
         <name>.text:Modbus_App_Read_I_Registers</name>
         <load_address>0x2053e4</load_address>
         <run_address>0x2053e4</run_address>
         <size>0x9c</size>
         <input_file_ref idref="fl-6"/>
      </object_component>
      <object_component id="oc-5e">
         <name>.text</name>
         <load_address>0x205480</load_address>
         <run_address>0x205480</run_address>
         <size>0x9c</size>
         <input_file_ref idref="fl-3c"/>
      </object_component>
      <object_component id="oc-3a7">
         <name>.text:Modbus_App_Write_M_Registers_Check</name>
         <load_address>0x20551c</load_address>
         <run_address>0x20551c</run_address>
         <size>0x98</size>
         <input_file_ref idref="fl-6"/>
      </object_component>
      <object_component id="oc-31f">
         <name>.text:Modbus_OSL_RTU_Check_CRC</name>
         <load_address>0x2055b4</load_address>
         <run_address>0x2055b4</run_address>
         <size>0x98</size>
         <input_file_ref idref="fl-4"/>
      </object_component>
      <object_component id="oc-137">
         <name>.text:Modbus_Slave_Init</name>
         <load_address>0x20564c</load_address>
         <run_address>0x20564c</run_address>
         <size>0x94</size>
         <input_file_ref idref="fl-6"/>
      </object_component>
      <object_component id="oc-165">
         <name>.text:SysCtlClockConfigGet</name>
         <load_address>0x2056e0</load_address>
         <run_address>0x2056e0</run_address>
         <size>0x94</size>
         <input_file_ref idref="fl-1c"/>
      </object_component>
      <object_component id="oc-1af">
         <name>.text:Modbus_OSL_Receive_Request</name>
         <load_address>0x205774</load_address>
         <run_address>0x205774</run_address>
         <size>0x90</size>
         <input_file_ref idref="fl-3"/>
      </object_component>
      <object_component id="oc-130">
         <name>.text:SysCtlXPllClockDividerSet</name>
         <load_address>0x205804</load_address>
         <run_address>0x205804</run_address>
         <size>0x90</size>
         <input_file_ref idref="fl-1c"/>
      </object_component>
      <object_component id="oc-357">
         <name>.text:Modbus_App_Write_Coil</name>
         <load_address>0x205894</load_address>
         <run_address>0x205894</run_address>
         <size>0x84</size>
         <input_file_ref idref="fl-6"/>
      </object_component>
      <object_component id="oc-230">
         <name>.text:UART0IntHandler</name>
         <load_address>0x205918</load_address>
         <run_address>0x205918</run_address>
         <size>0x84</size>
         <input_file_ref idref="fl-3"/>
      </object_component>
      <object_component id="oc-257">
         <name>.text:Modbus_App_Process_Action</name>
         <load_address>0x20599c</load_address>
         <run_address>0x20599c</run_address>
         <size>0x7c</size>
         <input_file_ref idref="fl-6"/>
      </object_component>
      <object_component id="oc-77">
         <name>.text</name>
         <load_address>0x205a18</load_address>
         <run_address>0x205a18</run_address>
         <size>0x7a</size>
         <input_file_ref idref="fl-3d"/>
      </object_component>
      <object_component id="oc-55">
         <name>.text:IntDefaultHandler</name>
         <load_address>0x205a92</load_address>
         <run_address>0x205a92</run_address>
         <size>0x2</size>
         <input_file_ref idref="fl-2d"/>
      </object_component>
      <object_component id="oc-37d">
         <name>.text:Modbus_App_Read_Coils_Check</name>
         <load_address>0x205a94</load_address>
         <run_address>0x205a94</run_address>
         <size>0x78</size>
         <input_file_ref idref="fl-6"/>
      </object_component>
      <object_component id="oc-383">
         <name>.text:Modbus_App_Read_D_Inputs_Check</name>
         <load_address>0x205b0c</load_address>
         <run_address>0x205b0c</run_address>
         <size>0x78</size>
         <input_file_ref idref="fl-6"/>
      </object_component>
      <object_component id="oc-1fd">
         <name>.text:UARTConfigSetExpClk</name>
         <load_address>0x205b84</load_address>
         <run_address>0x205b84</run_address>
         <size>0x76</size>
         <input_file_ref idref="fl-1f"/>
      </object_component>
      <object_component id="oc-49">
         <name>.text:NmiSR</name>
         <load_address>0x205bfa</load_address>
         <run_address>0x205bfa</run_address>
         <size>0x2</size>
         <input_file_ref idref="fl-2d"/>
      </object_component>
      <object_component id="oc-389">
         <name>.text:Modbus_App_Read_H_Registers_Check</name>
         <load_address>0x205bfc</load_address>
         <run_address>0x205bfc</run_address>
         <size>0x74</size>
         <input_file_ref idref="fl-6"/>
      </object_component>
      <object_component id="oc-38f">
         <name>.text:Modbus_App_Read_I_Registers_Check</name>
         <load_address>0x205c70</load_address>
         <run_address>0x205c70</run_address>
         <size>0x74</size>
         <input_file_ref idref="fl-6"/>
      </object_component>
      <object_component id="oc-395">
         <name>.text:Modbus_App_Write_Coil_Check</name>
         <load_address>0x205ce4</load_address>
         <run_address>0x205ce4</run_address>
         <size>0x70</size>
         <input_file_ref idref="fl-6"/>
      </object_component>
      <object_component id="oc-272">
         <name>.text:Modbus_OSL_Output</name>
         <load_address>0x205d54</load_address>
         <run_address>0x205d54</run_address>
         <size>0x70</size>
         <input_file_ref idref="fl-3"/>
      </object_component>
      <object_component id="oc-8f">
         <name>.text</name>
         <load_address>0x205dc4</load_address>
         <run_address>0x205dc4</run_address>
         <size>0x70</size>
         <input_file_ref idref="fl-48"/>
      </object_component>
      <object_component id="oc-430">
         <name>.text:Modbus_OSL_RTU_Mount_CRC</name>
         <load_address>0x205e34</load_address>
         <run_address>0x205e34</run_address>
         <size>0x6c</size>
         <input_file_ref idref="fl-4"/>
      </object_component>
      <object_component id="oc-6a">
         <name>.text</name>
         <load_address>0x205ea0</load_address>
         <run_address>0x205ea0</run_address>
         <size>0x6a</size>
         <input_file_ref idref="fl-39"/>
      </object_component>
      <object_component id="oc-83">
         <name>.text</name>
         <load_address>0x205f0a</load_address>
         <run_address>0x205f0a</run_address>
         <size>0x2</size>
         <input_file_ref idref="fl-3e"/>
      </object_component>
      <object_component id="oc-35d">
         <name>.text:Modbus_App_Write_Register</name>
         <load_address>0x205f0c</load_address>
         <run_address>0x205f0c</run_address>
         <size>0x68</size>
         <input_file_ref idref="fl-6"/>
      </object_component>
      <object_component id="oc-39b">
         <name>.text:Modbus_App_Write_Register_Check</name>
         <load_address>0x205f74</load_address>
         <run_address>0x205f74</run_address>
         <size>0x60</size>
         <input_file_ref idref="fl-6"/>
      </object_component>
      <object_component id="oc-28b">
         <name>.text:GPIODirModeSet</name>
         <load_address>0x205fd4</load_address>
         <run_address>0x205fd4</run_address>
         <size>0x5c</size>
         <input_file_ref idref="fl-10"/>
      </object_component>
      <object_component id="oc-3be">
         <name>.text:Modbus_OSL_RTU_Mount_ADU</name>
         <load_address>0x206030</load_address>
         <run_address>0x206030</run_address>
         <size>0x5c</size>
         <input_file_ref idref="fl-4"/>
      </object_component>
      <object_component id="oc-20f">
         <name>.text:IntRegister</name>
         <load_address>0x20608c</load_address>
         <run_address>0x20608c</run_address>
         <size>0x58</size>
         <input_file_ref idref="fl-14"/>
      </object_component>
      <object_component id="oc-3c4">
         <name>.text:Modbus_OSL_Send</name>
         <load_address>0x2060e4</load_address>
         <run_address>0x2060e4</run_address>
         <size>0x54</size>
         <input_file_ref idref="fl-3"/>
      </object_component>
      <object_component id="oc-9b">
         <name>.text</name>
         <load_address>0x206138</load_address>
         <run_address>0x206138</run_address>
         <size>0x54</size>
         <input_file_ref idref="fl-3b"/>
      </object_component>
      <object_component id="oc-f5">
         <name>.text:SysCtlClockConfigSet</name>
         <load_address>0x20618c</load_address>
         <run_address>0x20618c</run_address>
         <size>0x4c</size>
         <input_file_ref idref="fl-1c"/>
      </object_component>
      <object_component id="oc-c5">
         <name>.text</name>
         <load_address>0x2061d8</load_address>
         <run_address>0x2061d8</run_address>
         <size>0x4c</size>
         <input_file_ref idref="fl-49"/>
      </object_component>
      <object_component id="oc-1df">
         <name>.text:SysCtlPeripheralEnable</name>
         <load_address>0x206224</load_address>
         <run_address>0x206224</run_address>
         <size>0x48</size>
         <input_file_ref idref="fl-1c"/>
      </object_component>
      <object_component id="oc-3ad">
         <name>.text:Modbus_App_Mask_Write_Register_Check</name>
         <load_address>0x20626c</load_address>
         <run_address>0x20626c</run_address>
         <size>0x44</size>
         <input_file_ref idref="fl-6"/>
      </object_component>
      <object_component id="oc-250">
         <name>.text:Modbus_OSL_RTU_to_App</name>
         <load_address>0x2062b0</load_address>
         <run_address>0x2062b0</run_address>
         <size>0x42</size>
         <input_file_ref idref="fl-3"/>
      </object_component>
      <object_component id="oc-cb">
         <name>.text</name>
         <load_address>0x2062f2</load_address>
         <run_address>0x2062f2</run_address>
         <size>0x2</size>
         <input_file_ref idref="fl-4b"/>
      </object_component>
      <object_component id="oc-33">
         <name>.text</name>
         <load_address>0x2062f4</load_address>
         <run_address>0x2062f4</run_address>
         <size>0x40</size>
         <input_file_ref idref="fl-37"/>
      </object_component>
      <object_component id="oc-16b">
         <name>.text:SysCtlPeripheralIsEnabled</name>
         <load_address>0x206334</load_address>
         <run_address>0x206334</run_address>
         <size>0x38</size>
         <input_file_ref idref="fl-1c"/>
      </object_component>
      <object_component id="oc-2cf">
         <name>.text:TimerConfigure</name>
         <load_address>0x20636c</load_address>
         <run_address>0x20636c</run_address>
         <size>0x38</size>
         <input_file_ref idref="fl-1e"/>
      </object_component>
      <object_component id="oc-3ff">
         <name>.text:Modbus_OSL_RTU_15T</name>
         <load_address>0x2063a4</load_address>
         <run_address>0x2063a4</run_address>
         <size>0x34</size>
         <input_file_ref idref="fl-4"/>
      </object_component>
      <object_component id="oc-299">
         <name>.text:UARTDisable</name>
         <load_address>0x2063d8</load_address>
         <run_address>0x2063d8</run_address>
         <size>0x30</size>
         <input_file_ref idref="fl-1f"/>
      </object_component>
      <object_component id="oc-155">
         <name>.text:Modbus_OSL_Serial_Comm</name>
         <load_address>0x206408</load_address>
         <run_address>0x206408</run_address>
         <size>0x2c</size>
         <input_file_ref idref="fl-3"/>
      </object_component>
      <object_component id="oc-221">
         <name>.text:UARTSend</name>
         <load_address>0x206434</load_address>
         <run_address>0x206434</run_address>
         <size>0x2c</size>
         <input_file_ref idref="fl-3"/>
      </object_component>
      <object_component id="oc-2d5">
         <name>.text:TimerLoadSet</name>
         <load_address>0x206460</load_address>
         <run_address>0x206460</run_address>
         <size>0x2a</size>
         <input_file_ref idref="fl-1e"/>
      </object_component>
      <object_component id="oc-24a">
         <name>.text:Modbus_OSL_RTU_Control_CRC</name>
         <load_address>0x20648c</load_address>
         <run_address>0x20648c</run_address>
         <size>0x28</size>
         <input_file_ref idref="fl-4"/>
      </object_component>
      <object_component id="oc-23e">
         <name>.text:Modbus_OSL_Processing_Msg</name>
         <load_address>0x2064b4</load_address>
         <run_address>0x2064b4</run_address>
         <size>0x24</size>
         <input_file_ref idref="fl-3"/>
      </object_component>
      <object_component id="oc-2af">
         <name>.text:UARTCharPutNonBlocking</name>
         <load_address>0x2064d8</load_address>
         <run_address>0x2064d8</run_address>
         <size>0x24</size>
         <input_file_ref idref="fl-1f"/>
      </object_component>
      <object_component id="oc-29f">
         <name>.text:UARTEnable</name>
         <load_address>0x2064fc</load_address>
         <run_address>0x2064fc</run_address>
         <size>0x24</size>
         <input_file_ref idref="fl-1f"/>
      </object_component>
      <object_component id="oc-203">
         <name>.text:GPIOPinTypeGPIOOutput</name>
         <load_address>0x206520</load_address>
         <run_address>0x206520</run_address>
         <size>0x22</size>
         <input_file_ref idref="fl-10"/>
      </object_component>
      <object_component id="oc-1f1">
         <name>.text:GPIOPinTypeUART</name>
         <load_address>0x206542</load_address>
         <run_address>0x206542</run_address>
         <size>0x22</size>
         <input_file_ref idref="fl-10"/>
      </object_component>
      <object_component id="oc-209">
         <name>.text:GPIOPinWrite</name>
         <load_address>0x206564</load_address>
         <run_address>0x206564</run_address>
         <size>0x20</size>
         <input_file_ref idref="fl-10"/>
      </object_component>
      <object_component id="oc-32c">
         <name>.text:Modbus_App_Receive_Char</name>
         <load_address>0x206584</load_address>
         <run_address>0x206584</run_address>
         <size>0x20</size>
         <input_file_ref idref="fl-6"/>
      </object_component>
      <object_component id="oc-15b">
         <name>.text:pollcounter</name>
         <load_address>0x2065a4</load_address>
         <run_address>0x2065a4</run_address>
         <size>0x20</size>
         <input_file_ref idref="fl-3"/>
      </object_component>
      <object_component id="oc-2e1">
         <name>.text:TimerEnable</name>
         <load_address>0x2065c4</load_address>
         <run_address>0x2065c4</run_address>
         <size>0x1e</size>
         <input_file_ref idref="fl-1e"/>
      </object_component>
      <object_component id="oc-437">
         <name>.text:UARTCharPut</name>
         <load_address>0x2065e2</load_address>
         <run_address>0x2065e2</run_address>
         <size>0x1e</size>
         <input_file_ref idref="fl-1f"/>
      </object_component>
      <object_component id="oc-2fc">
         <name>.text:UARTIntStatus</name>
         <load_address>0x206600</load_address>
         <run_address>0x206600</run_address>
         <size>0x1e</size>
         <input_file_ref idref="fl-1f"/>
      </object_component>
      <object_component id="oc-244">
         <name>.text:Modbus_OSL_RTU_Char_Get</name>
         <load_address>0x206620</load_address>
         <run_address>0x206620</run_address>
         <size>0x1c</size>
         <input_file_ref idref="fl-4"/>
      </object_component>
      <object_component id="oc-2ed">
         <name>.text:Timer0IntHandler</name>
         <load_address>0x20663c</load_address>
         <run_address>0x20663c</run_address>
         <size>0x1c</size>
         <input_file_ref idref="fl-5"/>
      </object_component>
      <object_component id="oc-308">
         <name>.text:UARTCharGetNonBlocking</name>
         <load_address>0x206658</load_address>
         <run_address>0x206658</run_address>
         <size>0x1c</size>
         <input_file_ref idref="fl-1f"/>
      </object_component>
      <object_component id="oc-338">
         <name>.text:Modbus_App_L_Msg_Set</name>
         <load_address>0x206674</load_address>
         <run_address>0x206674</run_address>
         <size>0x18</size>
         <input_file_ref idref="fl-6"/>
      </object_component>
      <object_component id="oc-1c7">
         <name>.text:Modbus_App_Send</name>
         <load_address>0x20668c</load_address>
         <run_address>0x20668c</run_address>
         <size>0x18</size>
         <input_file_ref idref="fl-6"/>
      </object_component>
      <object_component id="oc-1d9">
         <name>.text:Modbus_OSL_Frame_Set</name>
         <load_address>0x2066a4</load_address>
         <run_address>0x2066a4</run_address>
         <size>0x18</size>
         <input_file_ref idref="fl-3"/>
      </object_component>
      <object_component id="oc-1c1">
         <name>.text:Modbus_OSL_MainState_Set</name>
         <load_address>0x2066bc</load_address>
         <run_address>0x2066bc</run_address>
         <size>0x18</size>
         <input_file_ref idref="fl-3"/>
      </object_component>
      <object_component id="oc-2b7">
         <name>.text:Modbus_OSL_State_Set</name>
         <load_address>0x2066d4</load_address>
         <run_address>0x2066d4</run_address>
         <size>0x18</size>
         <input_file_ref idref="fl-3"/>
      </object_component>
      <object_component id="oc-2db">
         <name>.text:TimerIntEnable</name>
         <load_address>0x2066ec</load_address>
         <run_address>0x2066ec</run_address>
         <size>0x18</size>
         <input_file_ref idref="fl-1e"/>
      </object_component>
      <object_component id="oc-30e">
         <name>.text:UARTCharsAvail</name>
         <load_address>0x206704</load_address>
         <run_address>0x206704</run_address>
         <size>0x18</size>
         <input_file_ref idref="fl-1f"/>
      </object_component>
      <object_component id="oc-21b">
         <name>.text:UARTIntEnable</name>
         <load_address>0x20671c</load_address>
         <run_address>0x20671c</run_address>
         <size>0x18</size>
         <input_file_ref idref="fl-1f"/>
      </object_component>
      <object_component id="oc-d3">
         <name>.text:main</name>
         <load_address>0x206734</load_address>
         <run_address>0x206734</run_address>
         <size>0x18</size>
         <input_file_ref idref="fl-7"/>
      </object_component>
      <object_component id="oc-95">
         <name>.text</name>
         <load_address>0x20674c</load_address>
         <run_address>0x20674c</run_address>
         <size>0x18</size>
         <input_file_ref idref="fl-47"/>
      </object_component>
      <object_component id="oc-2f3">
         <name>.text:Timer1IntHandler</name>
         <load_address>0x206764</load_address>
         <run_address>0x206764</run_address>
         <size>0x14</size>
         <input_file_ref idref="fl-5"/>
      </object_component>
      <object_component id="oc-111">
         <name>.text</name>
         <load_address>0x206778</load_address>
         <run_address>0x206778</run_address>
         <size>0x14</size>
         <input_file_ref idref="fl-46"/>
      </object_component>
      <object_component id="oc-3f8">
         <name>.text:TimerIntClear</name>
         <load_address>0x20678c</load_address>
         <run_address>0x20678c</run_address>
         <size>0x12</size>
         <input_file_ref idref="fl-1e"/>
      </object_component>
      <object_component id="oc-302">
         <name>.text:UARTIntClear</name>
         <load_address>0x20679e</load_address>
         <run_address>0x20679e</run_address>
         <size>0x12</size>
         <input_file_ref idref="fl-1f"/>
      </object_component>
      <object_component id="oc-177">
         <name>.text:WatchdogReloadSet</name>
         <load_address>0x2067b0</load_address>
         <run_address>0x2067b0</run_address>
         <size>0x12</size>
         <input_file_ref idref="fl-23"/>
      </object_component>
      <object_component id="oc-171">
         <name>.text:WatchdogRunning</name>
         <load_address>0x2067c2</load_address>
         <run_address>0x2067c2</run_address>
         <size>0x12</size>
         <input_file_ref idref="fl-23"/>
      </object_component>
      <object_component id="oc-332">
         <name>.text:Modbus_OSL_RTU_L_Msg_Get</name>
         <load_address>0x2067d4</load_address>
         <run_address>0x2067d4</run_address>
         <size>0x10</size>
         <input_file_ref idref="fl-4"/>
      </object_component>
      <object_component id="oc-21">
         <name>.text:decompress:none</name>
         <load_address>0x2067e4</load_address>
         <run_address>0x2067e4</run_address>
         <size>0xe</size>
         <input_file_ref idref="fl-38"/>
      </object_component>
      <object_component id="oc-40a">
         <name>.text:CPUcpsid</name>
         <load_address>0x2067f2</load_address>
         <run_address>0x2067f2</run_address>
         <size>0xc</size>
         <input_file_ref idref="fl-9"/>
      </object_component>
      <object_component id="oc-280">
         <name>.text:CPUcpsie</name>
         <load_address>0x2067fe</load_address>
         <run_address>0x2067fe</run_address>
         <size>0xc</size>
         <input_file_ref idref="fl-9"/>
      </object_component>
      <object_component id="oc-1bb">
         <name>.text:Modbus_OSL_BroadCast_Get</name>
         <load_address>0x20680c</load_address>
         <run_address>0x20680c</run_address>
         <size>0xc</size>
         <input_file_ref idref="fl-3"/>
      </object_component>
      <object_component id="oc-325">
         <name>.text:Modbus_OSL_Frame_Get</name>
         <load_address>0x206818</load_address>
         <run_address>0x206818</run_address>
         <size>0xc</size>
         <input_file_ref idref="fl-3"/>
      </object_component>
      <object_component id="oc-2bd">
         <name>.text:Modbus_OSL_Get_Baudrate</name>
         <load_address>0x206824</load_address>
         <run_address>0x206824</run_address>
         <size>0xc</size>
         <input_file_ref idref="fl-3"/>
      </object_component>
      <object_component id="oc-1a9">
         <name>.text:Modbus_OSL_MainState_Get</name>
         <load_address>0x206830</load_address>
         <run_address>0x206830</run_address>
         <size>0xc</size>
         <input_file_ref idref="fl-3"/>
      </object_component>
      <object_component id="oc-3ca">
         <name>.text:Modbus_OSL_RTU_Get_Timeout_35</name>
         <load_address>0x20683c</load_address>
         <run_address>0x20683c</run_address>
         <size>0xc</size>
         <input_file_ref idref="fl-4"/>
      </object_component>
      <object_component id="oc-44a">
         <name>.text:Modbus_OSL_State_Get</name>
         <load_address>0x206848</load_address>
         <run_address>0x206848</run_address>
         <size>0xc</size>
         <input_file_ref idref="fl-3"/>
      </object_component>
      <object_component id="oc-101">
         <name>.text:Modbus_Slave_Communication</name>
         <load_address>0x206854</load_address>
         <run_address>0x206854</run_address>
         <size>0xc</size>
         <input_file_ref idref="fl-6"/>
      </object_component>
      <object_component id="oc-317">
         <name>.text:IntMasterDisable</name>
         <load_address>0x206860</load_address>
         <run_address>0x206860</run_address>
         <size>0xa</size>
         <input_file_ref idref="fl-14"/>
      </object_component>
      <object_component id="oc-1e5">
         <name>.text:IntMasterEnable</name>
         <load_address>0x20686a</load_address>
         <run_address>0x20686a</run_address>
         <size>0xa</size>
         <input_file_ref idref="fl-14"/>
      </object_component>
      <object_component id="oc-25d">
         <name>.text:Modbus_Fatal_Error</name>
         <load_address>0x206874</load_address>
         <run_address>0x206874</run_address>
         <size>0xa</size>
         <input_file_ref idref="fl-3"/>
      </object_component>
      <object_component id="oc-183">
         <name>.text:SysCtlDelay</name>
         <load_address>0x206880</load_address>
         <run_address>0x206880</run_address>
         <size>0x6</size>
         <input_file_ref idref="fl-1c"/>
      </object_component>
      <object_component id="oc-27">
         <name>.text:decompress:rle24</name>
         <load_address>0x206886</load_address>
         <run_address>0x206886</run_address>
         <size>0x6</size>
         <input_file_ref idref="fl-39"/>
      </object_component>
      <object_component id="oc-89">
         <name>.text</name>
         <load_address>0x20688c</load_address>
         <run_address>0x20688c</run_address>
         <size>0x4</size>
         <input_file_ref idref="fl-3f"/>
      </object_component>
      <object_component id="oc-287">
         <name>.const:g_pulGPIOBaseAddrs</name>
         <load_address>0x206890</load_address>
         <run_address>0x206890</run_address>
         <size>0x88</size>
         <input_file_ref idref="fl-10"/>
      </object_component>
      <object_component id="oc-1d3">
         <name>.const:g_pulRCGCRegs</name>
         <load_address>0x206918</load_address>
         <run_address>0x206918</run_address>
         <size>0x14</size>
         <input_file_ref idref="fl-1c"/>
      </object_component>
      <object_component id="oc-486">
         <name>.cinit..data.load</name>
         <load_address>0x206930</load_address>
         <run_address>0x206930</run_address>
         <size>0x23c</size>
      </object_component>
      <object_component id="oc-487">
         <name>.cinit..bss.load</name>
         <load_address>0x206b70</load_address>
         <run_address>0x206b70</run_address>
         <size>0xb</size>
      </object_component>
      <object_component id="oc-485">
         <name>.cinit..vtable.load</name>
         <load_address>0x206b80</load_address>
         <run_address>0x206b80</run_address>
         <size>0xb</size>
      </object_component>
      <object_component id="oc-483">
         <name>__TI_handler_table</name>
         <load_address>0x206b8c</load_address>
         <run_address>0x206b8c</run_address>
         <size>0x8</size>
      </object_component>
      <object_component id="oc-484">
         <name>__TI_cinit_table</name>
         <load_address>0x206b94</load_address>
         <run_address>0x206b94</run_address>
         <size>0x18</size>
      </object_component>
      <object_component id="oc-2a8">
         <name>.vtable</name>
         <uninitialized>true</uninitialized>
         <run_address>0x20002000</run_address>
         <size>0x258</size>
         <input_file_ref idref="fl-14"/>
      </object_component>
      <object_component id="oc-314">
         <name>.data:buf$1</name>
         <load_address>0x200015ec</load_address>
         <run_address>0x200015ec</run_address>
         <size>0x3fc</size>
         <input_file_ref idref="fl-3"/>
      </object_component>
      <object_component id="oc-315">
         <name>.data</name>
         <load_address>0x20001c24</load_address>
         <run_address>0x20001c24</run_address>
         <size>0x2</size>
         <input_file_ref idref="fl-3"/>
      </object_component>
      <object_component id="oc-3e7">
         <name>.data:Timeout_15</name>
         <load_address>0x20001bf4</load_address>
         <run_address>0x20001bf4</run_address>
         <size>0xc</size>
         <input_file_ref idref="fl-4"/>
      </object_component>
      <object_component id="oc-3eb">
         <name>.data:Timeout_35</name>
         <load_address>0x20001c00</load_address>
         <run_address>0x20001c00</run_address>
         <size>0xc</size>
         <input_file_ref idref="fl-4"/>
      </object_component>
      <object_component id="oc-411">
         <name>.data:auchCRCHi</name>
         <load_address>0x200019e8</load_address>
         <run_address>0x200019e8</run_address>
         <size>0x100</size>
         <input_file_ref idref="fl-4"/>
      </object_component>
      <object_component id="oc-414">
         <name>.data:auchCRCLo</name>
         <load_address>0x20001ae8</load_address>
         <run_address>0x20001ae8</run_address>
         <size>0x100</size>
         <input_file_ref idref="fl-4"/>
      </object_component>
      <object_component id="oc-1ce">
         <name>.data</name>
         <load_address>0x20001c1c</load_address>
         <run_address>0x20001c1c</run_address>
         <size>0x4</size>
         <input_file_ref idref="fl-5"/>
      </object_component>
      <object_component id="oc-140">
         <name>.data</name>
         <load_address>0x20001c14</load_address>
         <run_address>0x20001c14</run_address>
         <size>0x8</size>
         <input_file_ref idref="fl-7"/>
      </object_component>
      <object_component id="oc-db">
         <name>.data:$O1$$</name>
         <load_address>0x20001be8</load_address>
         <run_address>0x20001be8</run_address>
         <size>0xc</size>
         <input_file_ref idref="fl-3b"/>
      </object_component>
      <object_component id="oc-a1">
         <name>.data</name>
         <load_address>0x20001c20</load_address>
         <run_address>0x20001c20</run_address>
         <size>0x4</size>
         <input_file_ref idref="fl-40"/>
      </object_component>
      <object_component id="oc-de">
         <name>.data:$O1$$</name>
         <load_address>0x20001c0c</load_address>
         <run_address>0x20001c0c</run_address>
         <size>0x8</size>
         <input_file_ref idref="fl-46"/>
      </object_component>
      <object_component id="oc-22d">
         <name>.bss</name>
         <uninitialized>true</uninitialized>
         <run_address>0x200015e0</run_address>
         <size>0xc</size>
         <input_file_ref idref="fl-3"/>
      </object_component>
      <object_component id="oc-3d0">
         <name>.bss:Modbus_OSL_Response_ADU</name>
         <uninitialized>true</uninitialized>
         <run_address>0x200012a0</run_address>
         <size>0x100</size>
         <input_file_ref idref="fl-3"/>
      </object_component>
      <object_component id="oc-2e7">
         <name>.bss</name>
         <uninitialized>true</uninitialized>
         <run_address>0x200015bc</run_address>
         <size>0x14</size>
         <input_file_ref idref="fl-4"/>
      </object_component>
      <object_component id="oc-2ea">
         <name>.bss:Modbus_OSL_RTU_Msg1</name>
         <uninitialized>true</uninitialized>
         <run_address>0x200011a0</run_address>
         <size>0x100</size>
         <input_file_ref idref="fl-4"/>
      </object_component>
      <object_component id="oc-26c">
         <name>.bss:Modbus_App_Msg</name>
         <uninitialized>true</uninitialized>
         <run_address>0x20000fa0</run_address>
         <size>0x100</size>
         <input_file_ref idref="fl-6"/>
      </object_component>
      <object_component id="oc-18c">
         <name>.bss</name>
         <uninitialized>true</uninitialized>
         <run_address>0x20001598</run_address>
         <size>0x21</size>
         <input_file_ref idref="fl-6"/>
      </object_component>
      <object_component id="oc-269">
         <name>.bss:Modbus_App_Response_pdu</name>
         <uninitialized>true</uninitialized>
         <run_address>0x200010a0</run_address>
         <size>0x100</size>
         <input_file_ref idref="fl-6"/>
      </object_component>
      <object_component id="oc-14c">
         <name>.bss</name>
         <uninitialized>true</uninitialized>
         <run_address>0x200015d0</run_address>
         <size>0x10</size>
         <input_file_ref idref="fl-7"/>
      </object_component>
      <object_component id="oc-13d">
         <name>.bss:coils_data</name>
         <uninitialized>true</uninitialized>
         <run_address>0x20000000</run_address>
         <size>0x7d0</size>
         <input_file_ref idref="fl-7"/>
      </object_component>
      <object_component id="oc-143">
         <name>.bss:discrete_inputs_data</name>
         <uninitialized>true</uninitialized>
         <run_address>0x200007d0</run_address>
         <size>0x7d0</size>
         <input_file_ref idref="fl-7"/>
      </object_component>
      <object_component id="oc-146">
         <name>.bss:holding_registers_data</name>
         <uninitialized>true</uninitialized>
         <run_address>0x200013a0</run_address>
         <size>0xfc</size>
         <input_file_ref idref="fl-7"/>
      </object_component>
      <object_component id="oc-149">
         <name>.bss:input_registers_data</name>
         <uninitialized>true</uninitialized>
         <run_address>0x2000149c</run_address>
         <size>0xfc</size>
         <input_file_ref idref="fl-7"/>
      </object_component>
      <object_component id="oc-42">
         <name>.stack</name>
         <uninitialized>true</uninitialized>
         <run_address>0x20001c28</run_address>
         <size>0x0</size>
         <input_file_ref idref="fl-37"/>
      </object_component>
      <object_component id="oc-488">
         <name>.stack</name>
         <uninitialized>true</uninitialized>
         <run_address>0x20001c28</run_address>
         <size>0x0</size>
      </object_component>
      <object_component id="oc-3e">
         <name>.z1secvalues</name>
         <load_address>0x200000</load_address>
         <run_address>0x200000</run_address>
         <size>0x24</size>
         <input_file_ref idref="fl-b"/>
      </object_component>
      <object_component id="oc-3f">
         <name>.z1_csm_rsvd</name>
         <load_address>0x200024</load_address>
         <run_address>0x200024</run_address>
         <size>0xc</size>
         <input_file_ref idref="fl-b"/>
      </object_component>
      <object_component id="oc-40">
         <name>.z2secvalues</name>
         <load_address>0x27ffdc</load_address>
         <run_address>0x27ffdc</run_address>
         <size>0x24</size>
         <input_file_ref idref="fl-c"/>
      </object_component>
      <object_component id="oc-41">
         <name>.z2_csm_rsvd</name>
         <load_address>0x27ff00</load_address>
         <run_address>0x27ff00</run_address>
         <size>0xc</size>
         <input_file_ref idref="fl-c"/>
      </object_component>
      <object_component id="oc-2b6">
         <name>.debug_info</name>
         <load_address>0x0</load_address>
         <run_address>0x0</run_address>
         <size>0x7c8</size>
         <input_file_ref idref="fl-3"/>
      </object_component>
      <object_component id="oc-22e">
         <name>.debug_info</name>
         <load_address>0x7c8</load_address>
         <run_address>0x7c8</run_address>
         <size>0x2d5</size>
         <input_file_ref idref="fl-3"/>
      </object_component>
      <object_component id="oc-3d1">
         <name>.debug_info</name>
         <load_address>0xa9d</load_address>
         <run_address>0xa9d</run_address>
         <size>0x11b</size>
         <input_file_ref idref="fl-3"/>
      </object_component>
      <object_component id="oc-2be">
         <name>.debug_info</name>
         <load_address>0xbb8</load_address>
         <run_address>0xbb8</run_address>
         <size>0x17c</size>
         <input_file_ref idref="fl-3"/>
      </object_component>
      <object_component id="oc-326">
         <name>.debug_info</name>
         <load_address>0xd34</load_address>
         <run_address>0xd34</run_address>
         <size>0x176</size>
         <input_file_ref idref="fl-3"/>
      </object_component>
      <object_component id="oc-1da">
         <name>.debug_info</name>
         <load_address>0xeaa</load_address>
         <run_address>0xeaa</run_address>
         <size>0x195</size>
         <input_file_ref idref="fl-3"/>
      </object_component>
      <object_component id="oc-44b">
         <name>.debug_info</name>
         <load_address>0x103f</load_address>
         <run_address>0x103f</run_address>
         <size>0x176</size>
         <input_file_ref idref="fl-3"/>
      </object_component>
      <object_component id="oc-2b8">
         <name>.debug_info</name>
         <load_address>0x11b5</load_address>
         <run_address>0x11b5</run_address>
         <size>0x199</size>
         <input_file_ref idref="fl-3"/>
      </object_component>
      <object_component id="oc-1aa">
         <name>.debug_info</name>
         <load_address>0x134e</load_address>
         <run_address>0x134e</run_address>
         <size>0x17e</size>
         <input_file_ref idref="fl-3"/>
      </object_component>
      <object_component id="oc-1c2">
         <name>.debug_info</name>
         <load_address>0x14cc</load_address>
         <run_address>0x14cc</run_address>
         <size>0x1a1</size>
         <input_file_ref idref="fl-3"/>
      </object_component>
      <object_component id="oc-1bc">
         <name>.debug_info</name>
         <load_address>0x166d</load_address>
         <run_address>0x166d</run_address>
         <size>0x17e</size>
         <input_file_ref idref="fl-3"/>
      </object_component>
      <object_component id="oc-15c">
         <name>.debug_info</name>
         <load_address>0x17eb</load_address>
         <run_address>0x17eb</run_address>
         <size>0x182</size>
         <input_file_ref idref="fl-3"/>
      </object_component>
      <object_component id="oc-187">
         <name>.debug_info</name>
         <load_address>0x196d</load_address>
         <run_address>0x196d</run_address>
         <size>0x3a2</size>
         <input_file_ref idref="fl-3"/>
      </object_component>
      <object_component id="oc-222">
         <name>.debug_info</name>
         <load_address>0x1d0f</load_address>
         <run_address>0x1d0f</run_address>
         <size>0x1e0</size>
         <input_file_ref idref="fl-3"/>
      </object_component>
      <object_component id="oc-231">
         <name>.debug_info</name>
         <load_address>0x1eef</load_address>
         <run_address>0x1eef</run_address>
         <size>0x278</size>
         <input_file_ref idref="fl-3"/>
      </object_component>
      <object_component id="oc-156">
         <name>.debug_info</name>
         <load_address>0x2167</load_address>
         <run_address>0x2167</run_address>
         <size>0x24c</size>
         <input_file_ref idref="fl-3"/>
      </object_component>
      <object_component id="oc-25e">
         <name>.debug_info</name>
         <load_address>0x23b3</load_address>
         <run_address>0x23b3</run_address>
         <size>0x192</size>
         <input_file_ref idref="fl-3"/>
      </object_component>
      <object_component id="oc-23f">
         <name>.debug_info</name>
         <load_address>0x2545</load_address>
         <run_address>0x2545</run_address>
         <size>0x1bf</size>
         <input_file_ref idref="fl-3"/>
      </object_component>
      <object_component id="oc-251">
         <name>.debug_info</name>
         <load_address>0x2704</load_address>
         <run_address>0x2704</run_address>
         <size>0x217</size>
         <input_file_ref idref="fl-3"/>
      </object_component>
      <object_component id="oc-1b0">
         <name>.debug_info</name>
         <load_address>0x291b</load_address>
         <run_address>0x291b</run_address>
         <size>0x2a1</size>
         <input_file_ref idref="fl-3"/>
      </object_component>
      <object_component id="oc-273">
         <name>.debug_info</name>
         <load_address>0x2bbc</load_address>
         <run_address>0x2bbc</run_address>
         <size>0x26a</size>
         <input_file_ref idref="fl-3"/>
      </object_component>
      <object_component id="oc-3c5">
         <name>.debug_info</name>
         <load_address>0x2e26</load_address>
         <run_address>0x2e26</run_address>
         <size>0x1ea</size>
         <input_file_ref idref="fl-3"/>
      </object_component>
      <object_component id="oc-196">
         <name>.debug_info</name>
         <load_address>0x3010</load_address>
         <run_address>0x3010</run_address>
         <size>0x187</size>
         <input_file_ref idref="fl-3"/>
      </object_component>
      <object_component id="oc-191">
         <name>.debug_info</name>
         <load_address>0x3197</load_address>
         <run_address>0x3197</run_address>
         <size>0x48</size>
         <input_file_ref idref="fl-3"/>
      </object_component>
      <object_component id="oc-ab">
         <name>.debug_info</name>
         <load_address>0x31df</load_address>
         <run_address>0x31df</run_address>
         <size>0x84</size>
         <input_file_ref idref="fl-3"/>
      </object_component>
      <object_component id="oc-150">
         <name>.debug_info</name>
         <load_address>0x3263</load_address>
         <run_address>0x3263</run_address>
         <size>0x18b</size>
         <input_file_ref idref="fl-3"/>
      </object_component>
      <object_component id="oc-17e">
         <name>.debug_info</name>
         <load_address>0x33ee</load_address>
         <run_address>0x33ee</run_address>
         <size>0x2c</size>
         <input_file_ref idref="fl-3"/>
      </object_component>
      <object_component id="oc-3f5">
         <name>.debug_info</name>
         <load_address>0x341a</load_address>
         <run_address>0x341a</run_address>
         <size>0x578</size>
         <input_file_ref idref="fl-4"/>
      </object_component>
      <object_component id="oc-2e8">
         <name>.debug_info</name>
         <load_address>0x3992</load_address>
         <run_address>0x3992</run_address>
         <size>0x24f</size>
         <input_file_ref idref="fl-4"/>
      </object_component>
      <object_component id="oc-3e8">
         <name>.debug_info</name>
         <load_address>0x3be1</load_address>
         <run_address>0x3be1</run_address>
         <size>0x105</size>
         <input_file_ref idref="fl-4"/>
      </object_component>
      <object_component id="oc-3ec">
         <name>.debug_info</name>
         <load_address>0x3ce6</load_address>
         <run_address>0x3ce6</run_address>
         <size>0x105</size>
         <input_file_ref idref="fl-4"/>
      </object_component>
      <object_component id="oc-2eb">
         <name>.debug_info</name>
         <load_address>0x3deb</load_address>
         <run_address>0x3deb</run_address>
         <size>0x117</size>
         <input_file_ref idref="fl-4"/>
      </object_component>
      <object_component id="oc-412">
         <name>.debug_info</name>
         <load_address>0x3f02</load_address>
         <run_address>0x3f02</run_address>
         <size>0x103</size>
         <input_file_ref idref="fl-4"/>
      </object_component>
      <object_component id="oc-415">
         <name>.debug_info</name>
         <load_address>0x4005</load_address>
         <run_address>0x4005</run_address>
         <size>0x103</size>
         <input_file_ref idref="fl-4"/>
      </object_component>
      <object_component id="oc-431">
         <name>.debug_info</name>
         <load_address>0x4108</load_address>
         <run_address>0x4108</run_address>
         <size>0x221</size>
         <input_file_ref idref="fl-4"/>
      </object_component>
      <object_component id="oc-3bf">
         <name>.debug_info</name>
         <load_address>0x4329</load_address>
         <run_address>0x4329</run_address>
         <size>0x255</size>
         <input_file_ref idref="fl-4"/>
      </object_component>
      <object_component id="oc-320">
         <name>.debug_info</name>
         <load_address>0x457e</load_address>
         <run_address>0x457e</run_address>
         <size>0x257</size>
         <input_file_ref idref="fl-4"/>
      </object_component>
      <object_component id="oc-24b">
         <name>.debug_info</name>
         <load_address>0x47d5</load_address>
         <run_address>0x47d5</run_address>
         <size>0x1c8</size>
         <input_file_ref idref="fl-4"/>
      </object_component>
      <object_component id="oc-2c4">
         <name>.debug_info</name>
         <load_address>0x499d</load_address>
         <run_address>0x499d</run_address>
         <size>0x243</size>
         <input_file_ref idref="fl-4"/>
      </object_component>
      <object_component id="oc-2ca">
         <name>.debug_info</name>
         <load_address>0x4be0</load_address>
         <run_address>0x4be0</run_address>
         <size>0x243</size>
         <input_file_ref idref="fl-4"/>
      </object_component>
      <object_component id="oc-228">
         <name>.debug_info</name>
         <load_address>0x4e23</load_address>
         <run_address>0x4e23</run_address>
         <size>0x328</size>
         <input_file_ref idref="fl-4"/>
      </object_component>
      <object_component id="oc-400">
         <name>.debug_info</name>
         <load_address>0x514b</load_address>
         <run_address>0x514b</run_address>
         <size>0x1df</size>
         <input_file_ref idref="fl-4"/>
      </object_component>
      <object_component id="oc-3cb">
         <name>.debug_info</name>
         <load_address>0x532a</load_address>
         <run_address>0x532a</run_address>
         <size>0x197</size>
         <input_file_ref idref="fl-4"/>
      </object_component>
      <object_component id="oc-245">
         <name>.debug_info</name>
         <load_address>0x54c1</load_address>
         <run_address>0x54c1</run_address>
         <size>0x1a2</size>
         <input_file_ref idref="fl-4"/>
      </object_component>
      <object_component id="oc-333">
         <name>.debug_info</name>
         <load_address>0x5663</load_address>
         <run_address>0x5663</run_address>
         <size>0x18d</size>
         <input_file_ref idref="fl-4"/>
      </object_component>
      <object_component id="oc-1cf">
         <name>.debug_info</name>
         <load_address>0x57f0</load_address>
         <run_address>0x57f0</run_address>
         <size>0x103</size>
         <input_file_ref idref="fl-5"/>
      </object_component>
      <object_component id="oc-2ee">
         <name>.debug_info</name>
         <load_address>0x58f3</load_address>
         <run_address>0x58f3</run_address>
         <size>0x193</size>
         <input_file_ref idref="fl-5"/>
      </object_component>
      <object_component id="oc-2f4">
         <name>.debug_info</name>
         <load_address>0x5a86</load_address>
         <run_address>0x5a86</run_address>
         <size>0x1ac</size>
         <input_file_ref idref="fl-5"/>
      </object_component>
      <object_component id="oc-190">
         <name>.debug_info</name>
         <load_address>0x5c32</load_address>
         <run_address>0x5c32</run_address>
         <size>0x274</size>
         <input_file_ref idref="fl-6"/>
      </object_component>
      <object_component id="oc-26d">
         <name>.debug_info</name>
         <load_address>0x5ea6</load_address>
         <run_address>0x5ea6</run_address>
         <size>0x109</size>
         <input_file_ref idref="fl-6"/>
      </object_component>
      <object_component id="oc-18d">
         <name>.debug_info</name>
         <load_address>0x5faf</load_address>
         <run_address>0x5faf</run_address>
         <size>0x3e3</size>
         <input_file_ref idref="fl-6"/>
      </object_component>
      <object_component id="oc-26a">
         <name>.debug_info</name>
         <load_address>0x6392</load_address>
         <run_address>0x6392</run_address>
         <size>0x11b</size>
         <input_file_ref idref="fl-6"/>
      </object_component>
      <object_component id="oc-138">
         <name>.debug_info</name>
         <load_address>0x64ad</load_address>
         <run_address>0x64ad</run_address>
         <size>0x32c</size>
         <input_file_ref idref="fl-6"/>
      </object_component>
      <object_component id="oc-102">
         <name>.debug_info</name>
         <load_address>0x67d9</load_address>
         <run_address>0x67d9</run_address>
         <size>0x1b0</size>
         <input_file_ref idref="fl-6"/>
      </object_component>
      <object_component id="oc-1b6">
         <name>.debug_info</name>
         <load_address>0x6989</load_address>
         <run_address>0x6989</run_address>
         <size>0x2b5</size>
         <input_file_ref idref="fl-6"/>
      </object_component>
      <object_component id="oc-264">
         <name>.debug_info</name>
         <load_address>0x6c3e</load_address>
         <run_address>0x6c3e</run_address>
         <size>0x3ab</size>
         <input_file_ref idref="fl-6"/>
      </object_component>
      <object_component id="oc-1c8">
         <name>.debug_info</name>
         <load_address>0x6fe9</load_address>
         <run_address>0x6fe9</run_address>
         <size>0x183</size>
         <input_file_ref idref="fl-6"/>
      </object_component>
      <object_component id="oc-258">
         <name>.debug_info</name>
         <load_address>0x716c</load_address>
         <run_address>0x716c</run_address>
         <size>0x2c8</size>
         <input_file_ref idref="fl-6"/>
      </object_component>
      <object_component id="oc-32d">
         <name>.debug_info</name>
         <load_address>0x7434</load_address>
         <run_address>0x7434</run_address>
         <size>0x1b1</size>
         <input_file_ref idref="fl-6"/>
      </object_component>
      <object_component id="oc-339">
         <name>.debug_info</name>
         <load_address>0x75e5</load_address>
         <run_address>0x75e5</run_address>
         <size>0x19c</size>
         <input_file_ref idref="fl-6"/>
      </object_component>
      <object_component id="oc-37e">
         <name>.debug_info</name>
         <load_address>0x7781</load_address>
         <run_address>0x7781</run_address>
         <size>0x186</size>
         <input_file_ref idref="fl-6"/>
      </object_component>
      <object_component id="oc-384">
         <name>.debug_info</name>
         <load_address>0x7907</load_address>
         <run_address>0x7907</run_address>
         <size>0x18c</size>
         <input_file_ref idref="fl-6"/>
      </object_component>
      <object_component id="oc-38a">
         <name>.debug_info</name>
         <load_address>0x7a93</load_address>
         <run_address>0x7a93</run_address>
         <size>0x192</size>
         <input_file_ref idref="fl-6"/>
      </object_component>
      <object_component id="oc-390">
         <name>.debug_info</name>
         <load_address>0x7c25</load_address>
         <run_address>0x7c25</run_address>
         <size>0x192</size>
         <input_file_ref idref="fl-6"/>
      </object_component>
      <object_component id="oc-396">
         <name>.debug_info</name>
         <load_address>0x7db7</load_address>
         <run_address>0x7db7</run_address>
         <size>0x186</size>
         <input_file_ref idref="fl-6"/>
      </object_component>
      <object_component id="oc-39c">
         <name>.debug_info</name>
         <load_address>0x7f3d</load_address>
         <run_address>0x7f3d</run_address>
         <size>0x18e</size>
         <input_file_ref idref="fl-6"/>
      </object_component>
      <object_component id="oc-3a2">
         <name>.debug_info</name>
         <load_address>0x80cb</load_address>
         <run_address>0x80cb</run_address>
         <size>0x1a4</size>
         <input_file_ref idref="fl-6"/>
      </object_component>
      <object_component id="oc-3a8">
         <name>.debug_info</name>
         <load_address>0x826f</load_address>
         <run_address>0x826f</run_address>
         <size>0x194</size>
         <input_file_ref idref="fl-6"/>
      </object_component>
      <object_component id="oc-3ae">
         <name>.debug_info</name>
         <load_address>0x8403</load_address>
         <run_address>0x8403</run_address>
         <size>0x198</size>
         <input_file_ref idref="fl-6"/>
      </object_component>
      <object_component id="oc-3b4">
         <name>.debug_info</name>
         <load_address>0x859b</load_address>
         <run_address>0x859b</run_address>
         <size>0x19e</size>
         <input_file_ref idref="fl-6"/>
      </object_component>
      <object_component id="oc-340">
         <name>.debug_info</name>
         <load_address>0x8739</load_address>
         <run_address>0x8739</run_address>
         <size>0x19a</size>
         <input_file_ref idref="fl-6"/>
      </object_component>
      <object_component id="oc-346">
         <name>.debug_info</name>
         <load_address>0x88d3</load_address>
         <run_address>0x88d3</run_address>
         <size>0x1a0</size>
         <input_file_ref idref="fl-6"/>
      </object_component>
      <object_component id="oc-34c">
         <name>.debug_info</name>
         <load_address>0x8a73</load_address>
         <run_address>0x8a73</run_address>
         <size>0x18e</size>
         <input_file_ref idref="fl-6"/>
      </object_component>
      <object_component id="oc-352">
         <name>.debug_info</name>
         <load_address>0x8c01</load_address>
         <run_address>0x8c01</run_address>
         <size>0x18e</size>
         <input_file_ref idref="fl-6"/>
      </object_component>
      <object_component id="oc-358">
         <name>.debug_info</name>
         <load_address>0x8d8f</load_address>
         <run_address>0x8d8f</run_address>
         <size>0x176</size>
         <input_file_ref idref="fl-6"/>
      </object_component>
      <object_component id="oc-35e">
         <name>.debug_info</name>
         <load_address>0x8f05</load_address>
         <run_address>0x8f05</run_address>
         <size>0x17e</size>
         <input_file_ref idref="fl-6"/>
      </object_component>
      <object_component id="oc-364">
         <name>.debug_info</name>
         <load_address>0x9083</load_address>
         <run_address>0x9083</run_address>
         <size>0x1a0</size>
         <input_file_ref idref="fl-6"/>
      </object_component>
      <object_component id="oc-36a">
         <name>.debug_info</name>
         <load_address>0x9223</load_address>
         <run_address>0x9223</run_address>
         <size>0x190</size>
         <input_file_ref idref="fl-6"/>
      </object_component>
      <object_component id="oc-370">
         <name>.debug_info</name>
         <load_address>0x93b3</load_address>
         <run_address>0x93b3</run_address>
         <size>0x1ba</size>
         <input_file_ref idref="fl-6"/>
      </object_component>
      <object_component id="oc-376">
         <name>.debug_info</name>
         <load_address>0x956d</load_address>
         <run_address>0x956d</run_address>
         <size>0x19a</size>
         <input_file_ref idref="fl-6"/>
      </object_component>
      <object_component id="oc-19d">
         <name>.debug_info</name>
         <load_address>0x9707</load_address>
         <run_address>0x9707</run_address>
         <size>0x213</size>
         <input_file_ref idref="fl-7"/>
      </object_component>
      <object_component id="oc-141">
         <name>.debug_info</name>
         <load_address>0x991a</load_address>
         <run_address>0x991a</run_address>
         <size>0x1c1</size>
         <input_file_ref idref="fl-7"/>
      </object_component>
      <object_component id="oc-14d">
         <name>.debug_info</name>
         <load_address>0x9adb</load_address>
         <run_address>0x9adb</run_address>
         <size>0x189</size>
         <input_file_ref idref="fl-7"/>
      </object_component>
      <object_component id="oc-13e">
         <name>.debug_info</name>
         <load_address>0x9c64</load_address>
         <run_address>0x9c64</run_address>
         <size>0x105</size>
         <input_file_ref idref="fl-7"/>
      </object_component>
      <object_component id="oc-144">
         <name>.debug_info</name>
         <load_address>0x9d69</load_address>
         <run_address>0x9d69</run_address>
         <size>0x119</size>
         <input_file_ref idref="fl-7"/>
      </object_component>
      <object_component id="oc-147">
         <name>.debug_info</name>
         <load_address>0x9e82</load_address>
         <run_address>0x9e82</run_address>
         <size>0x11d</size>
         <input_file_ref idref="fl-7"/>
      </object_component>
      <object_component id="oc-14a">
         <name>.debug_info</name>
         <load_address>0x9f9f</load_address>
         <run_address>0x9f9f</run_address>
         <size>0x119</size>
         <input_file_ref idref="fl-7"/>
      </object_component>
      <object_component id="oc-d4">
         <name>.debug_info</name>
         <load_address>0xa0b8</load_address>
         <run_address>0xa0b8</run_address>
         <size>0x19f</size>
         <input_file_ref idref="fl-7"/>
      </object_component>
      <object_component id="oc-fc">
         <name>.debug_info</name>
         <load_address>0xa257</load_address>
         <run_address>0xa257</run_address>
         <size>0x1a6</size>
         <input_file_ref idref="fl-7"/>
      </object_component>
      <object_component id="oc-40b">
         <name>.debug_info</name>
         <load_address>0xa3fd</load_address>
         <run_address>0xa3fd</run_address>
         <size>0x164</size>
         <input_file_ref idref="fl-9"/>
      </object_component>
      <object_component id="oc-281">
         <name>.debug_info</name>
         <load_address>0xa561</load_address>
         <run_address>0xa561</run_address>
         <size>0x164</size>
         <input_file_ref idref="fl-9"/>
      </object_component>
      <object_component id="oc-3d9">
         <name>.debug_info</name>
         <load_address>0xa6c5</load_address>
         <run_address>0xa6c5</run_address>
         <size>0x1a4</size>
         <input_file_ref idref="fl-10"/>
      </object_component>
      <object_component id="oc-288">
         <name>.debug_info</name>
         <load_address>0xa869</load_address>
         <run_address>0xa869</run_address>
         <size>0x114</size>
         <input_file_ref idref="fl-10"/>
      </object_component>
      <object_component id="oc-28c">
         <name>.debug_info</name>
         <load_address>0xa97d</load_address>
[...]
      </symbol>
      <symbol id="sm-5">
         <name>RamfuncsRunSize</name>
         <value>0x0</value>
      </symbol>
      <symbol id="sm-6">
         <name>RamfuncsRunEnd</name>
         <value>0x20000000</value>
      </symbol>
      <symbol id="sm-7">
         <name>__TI_CINIT_Base</name>
         <value>0x206b94</value>
      </symbol>
      <symbol id="sm-8">
         <name>__TI_CINIT_Limit</name>
         <value>0x206bac</value>
      </symbol>
      <symbol id="sm-9">
         <name>__TI_Handler_Table_Base</name>
         <value>0x206b8c</value>
      </symbol>
      <symbol id="sm-a">
         <name>__TI_Handler_Table_Limit</name>
         <value>0x206b94</value>
      </symbol>
      <symbol id="sm-b">
         <name>binit</name>
         <value>0xffffffff</value>
      </symbol>
      <symbol id="sm-c">
         <name>__binit__</name>
         <value>0xffffffff</value>
      </symbol>
      <symbol id="sm-d">
         <name>__STACK_SIZE</name>
         <value>0x100</value>
      </symbol>
      <symbol id="sm-e">
         <name>__STACK_END</name>
         <value>0x20001d28</value>
      </symbol>
      <symbol id="sm-f">
         <name>__c_args__</name>
         <value>0xffffffff</value>
      </symbol>
      <symbol id="sm-10">
         <name>__TI_pprof_out_hndl</name>
         <value>0xffffffff</value>
      </symbol>
      <symbol id="sm-11">
         <name>__TI_prof_data_start</name>
         <value>0xffffffff</value>
      </symbol>
      <symbol id="sm-12">
         <name>__TI_prof_data_size</name>
         <value>0xffffffff</value>
      </symbol>
      <symbol id="sm-16c">
         <name>Modbus_OSL_MainState_Get</name>
         <value>0x206831</value>
         <object_component_ref idref="oc-1a9"/>
      </symbol>
      <symbol id="sm-16d">
         <name>Modbus_OSL_Serial_Comm</name>
         <value>0x206409</value>
         <object_component_ref idref="oc-155"/>
      </symbol>
      <symbol id="sm-16e">
         <name>UART0IntHandler</name>
         <value>0x205919</value>
         <object_component_ref idref="oc-230"/>
      </symbol>
      <symbol id="sm-16f">
         <name>Modbus_OSL_State_Get</name>
         <value>0x206849</value>
         <object_component_ref idref="oc-44a"/>
      </symbol>
      <symbol id="sm-170">
         <name>Modbus_OSL_Get_Baudrate</name>
         <value>0x206825</value>
         <object_component_ref idref="oc-2bd"/>
      </symbol>
      <symbol id="sm-171">
         <name>Modbus_OSL_Frame_Get</name>
         <value>0x206819</value>
         <object_component_ref idref="oc-325"/>
      </symbol>
      <symbol id="sm-172">
         <name>pollcounter</name>
         <value>0x2065a5</value>
         <object_component_ref idref="oc-15b"/>
      </symbol>
      <symbol id="sm-173">
         <name>Modbus_OSL_MainState_Set</name>
         <value>0x2066bd</value>
         <object_component_ref idref="oc-1c1"/>
      </symbol>
      <symbol id="sm-174">
         <name>Modbus_OSL_Output</name>
         <value>0x205d55</value>
         <object_component_ref idref="oc-272"/>
      </symbol>
      <symbol id="sm-175">
         <name>Modbus_OSL_Frame_Set</name>
         <value>0x2066a5</value>
         <object_component_ref idref="oc-1d9"/>
      </symbol>
      <symbol id="sm-176">
         <name>Modbus_Fatal_Error</name>
         <value>0x206875</value>
         <object_component_ref idref="oc-25d"/>
      </symbol>
      <symbol id="sm-177">
         <name>Modbus_OSL_State_Set</name>
         <value>0x2066d5</value>
         <object_component_ref idref="oc-2b7"/>
      </symbol>
      <symbol id="sm-178">
         <name>UARTSend</name>
         <value>0x206435</value>
         <object_component_ref idref="oc-221"/>
      </symbol>
      <symbol id="sm-179">
         <name>Modbus_OSL_Init</name>
         <value>0x20430d</value>
         <object_component_ref idref="oc-186"/>
      </symbol>
      <symbol id="sm-17a">
         <name>Modbus_OSL_BroadCast_Get</name>
         <value>0x20680d</value>
         <object_component_ref idref="oc-1bb"/>
      </symbol>
      <symbol id="sm-257">
         <name>Modbus_OSL_RTU_L_Msg_Get</name>
         <value>0x2067d5</value>
         <object_component_ref idref="oc-332"/>
      </symbol>
      <symbol id="sm-258">
         <name>Modbus_OSL_RTU_Init</name>
         <value>0x204e79</value>
         <object_component_ref idref="oc-227"/>
      </symbol>
      <symbol id="sm-259">
         <name>Modbus_OSL_RTU_Char_Get</name>
         <value>0x206621</value>
         <object_component_ref idref="oc-244"/>
      </symbol>
      <symbol id="sm-25a">
         <name>Modbus_OSL_RTU_Mount_ADU</name>
         <value>0x206031</value>
         <object_component_ref idref="oc-3be"/>
      </symbol>
      <symbol id="sm-25b">
         <name>Modbus_OSL_RTU_Control_CRC</name>
         <value>0x20648d</value>
         <object_component_ref idref="oc-24a"/>
      </symbol>
      <symbol id="sm-25c">
         <name>Modbus_OSL_RTU_15T</name>
         <value>0x2063a5</value>
         <object_component_ref idref="oc-3ff"/>
      </symbol>
      <symbol id="sm-25d">
         <name>Modbus_OSL_RTU_Get_Timeout_35</name>
         <value>0x20683d</value>
         <object_component_ref idref="oc-3ca"/>
      </symbol>
      <symbol id="sm-27a">
         <name>counter</name>
         <value>0x20001c1c</value>
         <object_component_ref idref="oc-1ce"/>
      </symbol>
      <symbol id="sm-27b">
         <name>Timer0IntHandler</name>
         <value>0x20663d</value>
         <object_component_ref idref="oc-2ed"/>
      </symbol>
      <symbol id="sm-27c">
         <name>Timer1IntHandler</name>
         <value>0x206765</value>
         <object_component_ref idref="oc-2f3"/>
      </symbol>
      <symbol id="sm-4e9">
         <name>Modbus_App_L_Msg_Set</name>
         <value>0x206675</value>
         <object_component_ref idref="oc-338"/>
      </symbol>
      <symbol id="sm-4ea">
         <name>Modbus_App_Send</name>
         <value>0x20668d</value>
         <object_component_ref idref="oc-1c7"/>
      </symbol>
      <symbol id="sm-4eb">
         <name>Modbus_Slave_Communication</name>
         <value>0x206855</value>
         <object_component_ref idref="oc-101"/>
      </symbol>
      <symbol id="sm-4ec">
         <name>Modbus_App_Receive_Char</name>
         <value>0x206585</value>
         <object_component_ref idref="oc-32c"/>
      </symbol>
      <symbol id="sm-4ed">
         <name>Modbus_App_Manage_Request</name>
         <value>0x204f3d</value>
         <object_component_ref idref="oc-1b5"/>
      </symbol>
      <symbol id="sm-4ee">
         <name>Modbus_Slave_Init</name>
         <value>0x20564d</value>
         <object_component_ref idref="oc-137"/>
      </symbol>
      <symbol id="sm-54b">
         <name>main</name>
         <value>0x206735</value>
         <object_component_ref idref="oc-d3"/>
      </symbol>
      <symbol id="sm-54c">
         <name>init</name>
         <value>0x20418d</value>
         <object_component_ref idref="oc-fb"/>
      </symbol>
      <symbol id="sm-55f">
         <name>CPUcpsie</name>
         <value>0x2067ff</value>
         <object_component_ref idref="oc-280"/>
      </symbol>
      <symbol id="sm-560">
         <name>CPUcpsid</name>
         <value>0x2067f3</value>
         <object_component_ref idref="oc-40a"/>
      </symbol>
      <symbol id="sm-567">
         <name>z1secvalues</name>
         <value>0x200000</value>
         <object_component_ref idref="oc-3e"/>
      </symbol>
      <symbol id="sm-568">
         <name>z1_csm_rsvd</name>
         <value>0x200024</value>
         <object_component_ref idref="oc-3f"/>
      </symbol>
      <symbol id="sm-56e">
         <name>z2_csm_rsvd</name>
         <value>0x27ff00</value>
         <object_component_ref idref="oc-41"/>
      </symbol>
      <symbol id="sm-56f">
         <name>z2secvalues</name>
         <value>0x27ffdc</value>
         <object_component_ref idref="oc-40"/>
      </symbol>
      <symbol id="sm-5c1">
         <name>GPIOPinConfigure</name>
         <value>0x2052a5</value>
         <object_component_ref idref="oc-1eb"/>
      </symbol>
      <symbol id="sm-5c2">
         <name>GPIOPinTypeUART</name>
         <value>0x206543</value>
         <object_component_ref idref="oc-1f1"/>
      </symbol>
      <symbol id="sm-5c3">
         <name>GPIOPinTypeGPIOOutput</name>
         <value>0x206521</value>
         <object_component_ref idref="oc-203"/>
      </symbol>
      <symbol id="sm-5c4">
         <name>GPIODirModeSet</name>
         <value>0x205fd5</value>
         <object_component_ref idref="oc-28b"/>
      </symbol>
      <symbol id="sm-5c5">
         <name>GPIOPinWrite</name>
         <value>0x206565</value>
         <object_component_ref idref="oc-209"/>
      </symbol>
      <symbol id="sm-5c6">
         <name>GPIOPadConfigSet</name>
         <value>0x2051fd</value>
         <object_component_ref idref="oc-291"/>
      </symbol>
      <symbol id="sm-607">
         <name>IntEnable</name>
         <value>0x2050a5</value>
         <object_component_ref idref="oc-215"/>
      </symbol>
      <symbol id="sm-608">
         <name>IntRegister</name>
         <value>0x20608d</value>
         <object_component_ref idref="oc-20f"/>
      </symbol>
      <symbol id="sm-609">
         <name>IntMasterDisable</name>
         <value>0x206861</value>
         <object_component_ref idref="oc-317"/>
      </symbol>
      <symbol id="sm-60a">
         <name>g_pfnRAMVectors</name>
         <value>0x20002000</value>
         <object_component_ref idref="oc-2a8"/>
      </symbol>
      <symbol id="sm-60b">
         <name>IntMasterEnable</name>
         <value>0x20686b</value>
         <object_component_ref idref="oc-1e5"/>
      </symbol>
      <symbol id="sm-6a6">
         <name>SysCtlXPllClockDividerSet</name>
         <value>0x205805</value>
         <object_component_ref idref="oc-130"/>
      </symbol>
      <symbol id="sm-6a7">
         <name>SysCtlClockConfigSet</name>
         <value>0x20618d</value>
         <object_component_ref idref="oc-f5"/>
      </symbol>
      <symbol id="sm-6a8">
         <name>SysCtlDelay</name>
         <value>0x206881</value>
         <object_component_ref idref="oc-183"/>
      </symbol>
      <symbol id="sm-6a9">
         <name>SysCtlPeripheralEnable</name>
         <value>0x206225</value>
         <object_component_ref idref="oc-1df"/>
      </symbol>
      <symbol id="sm-6aa">
         <name>SysCtlClockPllConfig</name>
         <value>0x204001</value>
         <object_component_ref idref="oc-124"/>
      </symbol>
      <symbol id="sm-6ab">
         <name>SysCtlClockGet</name>
         <value>0x204b49</value>
         <object_component_ref idref="oc-1f7"/>
      </symbol>
      <symbol id="sm-6ac">
         <name>SysCtlClockConfigGet</name>
         <value>0x2056e1</value>
         <object_component_ref idref="oc-165"/>
      </symbol>
      <symbol id="sm-6ad">
         <name>SysCtlPeripheralIsEnabled</name>
         <value>0x206335</value>
         <object_component_ref idref="oc-16b"/>
      </symbol>
      <symbol id="sm-6ae">
         <name>SysCtlClockDividersSet</name>
         <value>0x204471</value>
         <object_component_ref idref="oc-12a"/>
      </symbol>
      <symbol id="sm-6dd">
         <name>TimerLoadSet</name>
         <value>0x206461</value>
         <object_component_ref idref="oc-2d5"/>
      </symbol>
      <symbol id="sm-6de">
         <name>TimerEnable</name>
         <value>0x2065c5</value>
         <object_component_ref idref="oc-2e1"/>
      </symbol>
      <symbol id="sm-6df">
         <name>TimerIntEnable</name>
         <value>0x2066ed</value>
         <object_component_ref idref="oc-2db"/>
      </symbol>
      <symbol id="sm-6e0">
         <name>TimerConfigure</name>
         <value>0x20636d</value>
         <object_component_ref idref="oc-2cf"/>
      </symbol>
      <symbol id="sm-6e1">
         <name>TimerIntClear</name>
         <value>0x20678d</value>
         <object_component_ref idref="oc-3f8"/>
      </symbol>
      <symbol id="sm-741">
         <name>UARTCharPutNonBlocking</name>
         <value>0x2064d9</value>
         <object_component_ref idref="oc-2af"/>
      </symbol>
      <symbol id="sm-742">
         <name>UARTConfigSetExpClk</name>
         <value>0x205b85</value>
         <object_component_ref idref="oc-1fd"/>
      </symbol>
      <symbol id="sm-743">
         <name>UARTDisable</name>
         <value>0x2063d9</value>
         <object_component_ref idref="oc-299"/>
      </symbol>
      <symbol id="sm-744">
         <name>UARTIntEnable</name>
         <value>0x20671d</value>
         <object_component_ref idref="oc-21b"/>
      </symbol>
      <symbol id="sm-745">
         <name>UARTCharsAvail</name>
         <value>0x206705</value>
         <object_component_ref idref="oc-30e"/>
      </symbol>
      <symbol id="sm-746">
         <name>UARTCharGetNonBlocking</name>
         <value>0x206659</value>
         <object_component_ref idref="oc-308"/>
      </symbol>
      <symbol id="sm-747">
         <name>UARTCharPut</name>
         <value>0x2065e3</value>
         <object_component_ref idref="oc-437"/>
      </symbol>
      <symbol id="sm-748">
         <name>UARTEnable</name>
         <value>0x2064fd</value>
         <object_component_ref idref="oc-29f"/>
      </symbol>
      <symbol id="sm-749">
         <name>UARTIntClear</name>
         <value>0x20679f</value>
         <object_component_ref idref="oc-302"/>
      </symbol>
      <symbol id="sm-74a">
         <name>UARTIntStatus</name>
         <value>0x206601</value>
         <object_component_ref idref="oc-2fc"/>
      </symbol>
      <symbol id="sm-75f">
         <name>WatchdogRunning</name>
         <value>0x2067c3</value>
         <object_component_ref idref="oc-171"/>
      </symbol>
      <symbol id="sm-760">
         <name>WatchdogReloadSet</name>
         <value>0x2067b1</value>
         <object_component_ref idref="oc-177"/>
      </symbol>
      <symbol id="sm-79f">
         <name>ResetISR</name>
         <value>0x200031</value>
         <object_component_ref idref="oc-43"/>
      </symbol>
      <symbol id="sm-7a0">
         <name>g_pfnVectors</name>
         <value>0x201000</value>
         <object_component_ref idref="oc-1e"/>
      </symbol>
      <symbol id="sm-7b3">
         <name>_c_int00</name>
         <value>0x2062f5</value>
         <object_component_ref idref="oc-33"/>
      </symbol>
      <symbol id="sm-7b4">
         <name>__stack</name>
         <value>0x20001c28</value>
         <object_component_ref idref="oc-42"/>
      </symbol>
      <symbol id="sm-7cb">
         <name>__TI_decompress_none</name>
         <value>0x2067e5</value>
         <object_component_ref idref="oc-21"/>
      </symbol>
      <symbol id="sm-7ee">
         <name>__TI_decompress_rle24</name>
         <value>0x206887</value>
         <object_component_ref idref="oc-27"/>
      </symbol>
      <symbol id="sm-810">
         <name>C$$EXIT</name>
         <value>0x206139</value>
         <object_component_ref idref="oc-9b"/>
      </symbol>
      <symbol id="sm-811">
         <name>abort</name>
         <value>0x20613d</value>
         <object_component_ref idref="oc-9b"/>
      </symbol>
      <symbol id="sm-812">
         <name>exit</name>
         <value>0x206145</value>
         <object_component_ref idref="oc-9b"/>
      </symbol>
      <symbol id="sm-813">
         <name>__TI_dtors_ptr</name>
         <value>0x20001bec</value>
         <object_component_ref idref="oc-db"/>
      </symbol>
      <symbol id="sm-814">
         <name>__TI_cleanup_ptr</name>
         <value>0x20001be8</value>
         <object_component_ref idref="oc-db"/>
      </symbol>
      <symbol id="sm-815">
         <name>__TI_enable_exit_profile_output</name>
         <value>0x20001bf0</value>
         <object_component_ref idref="oc-db"/>
      </symbol>
      <symbol id="sm-830">
         <name>memcpy</name>
         <value>0x205481</value>
         <object_component_ref idref="oc-5e"/>
      </symbol>
      <symbol id="sm-831">
         <name>__aeabi_memcpy</name>
         <value>0x205481</value>
         <object_component_ref idref="oc-5e"/>
      </symbol>
      <symbol id="sm-832">
         <name>__aeabi_memcpy8</name>
         <value>0x205481</value>
         <object_component_ref idref="oc-5e"/>
      </symbol>
      <symbol id="sm-833">
         <name>__aeabi_memcpy4</name>
         <value>0x205481</value>
         <object_component_ref idref="oc-5e"/>
      </symbol>
      <symbol id="sm-842">
         <name>__aeabi_memset</name>
         <value>0x205a1b</value>
         <object_component_ref idref="oc-77"/>
      </symbol>
      <symbol id="sm-843">
         <name>memset</name>
         <value>0x205a21</value>
         <object_component_ref idref="oc-77"/>
      </symbol>
      <symbol id="sm-844">
         <name>__aeabi_memset8</name>
         <value>0x205a1b</value>
         <object_component_ref idref="oc-77"/>
      </symbol>
      <symbol id="sm-845">
         <name>__aeabi_memset4</name>
         <value>0x205a1b</value>
         <object_component_ref idref="oc-77"/>
      </symbol>
      <symbol id="sm-846">
         <name>__aeabi_memclr8</name>
         <value>0x205a19</value>
         <object_component_ref idref="oc-77"/>
      </symbol>
      <symbol id="sm-847">
         <name>__aeabi_memclr4</name>
         <value>0x205a19</value>
         <object_component_ref idref="oc-77"/>
      </symbol>
      <symbol id="sm-848">
         <name>__aeabi_memclr</name>
         <value>0x205a19</value>
         <object_component_ref idref="oc-77"/>
      </symbol>
      <symbol id="sm-852">
         <name>__mpu_init</name>
         <value>0x205f0b</value>
         <object_component_ref idref="oc-83"/>
      </symbol>
      <symbol id="sm-85c">
         <name>_system_pre_init</name>
         <value>0x20688d</value>
         <object_component_ref idref="oc-89"/>
      </symbol>
      <symbol id="sm-864">
         <name>main_func_sp</name>
         <value>0x20001c20</value>
         <object_component_ref idref="oc-a1"/>
      </symbol>
      <symbol id="sm-882">
         <name>_nop</name>
         <value>0x206787</value>
         <object_component_ref idref="oc-111"/>
      </symbol>
      <symbol id="sm-883">
         <name>_lock</name>
         <value>0x20001c0c</value>
         <object_component_ref idref="oc-de"/>
      </symbol>
      <symbol id="sm-884">
         <name>_unlock</name>
         <value>0x20001c10</value>
         <object_component_ref idref="oc-de"/>
      </symbol>
      <symbol id="sm-885">
         <name>_register_lock</name>
         <value>0x20677f</value>
         <object_component_ref idref="oc-111"/>
      </symbol>
      <symbol id="sm-886">
         <name>_register_unlock</name>
         <value>0x206779</value>
         <object_component_ref idref="oc-111"/>
      </symbol>
      <symbol id="sm-89a">
         <name>_args_main</name>
         <value>0x20674d</value>
         <object_component_ref idref="oc-95"/>
      </symbol>
      <symbol id="sm-8bf">
         <name>__TI_auto_init</name>
         <value>0x205dc5</value>
         <object_component_ref idref="oc-8f"/>
      </symbol>
      <symbol id="sm-8d9">
         <name>copy_in</name>
         <value>0x2061d9</value>
         <object_component_ref idref="oc-c5"/>
      </symbol>
      <symbol id="sm-8e4">
         <name>_system_post_cinit</name>
         <value>0x2062f3</value>
         <object_component_ref idref="oc-cb"/>
      </symbol>
      <symbol id="sm-8e5">
         <name>__TI_static_base__</name>
         <value>0x206930</value>
      </symbol>
      <symbol id="sm-8e8">
         <name>SHT$$INIT_ARRAY$$Limit</name>
         <value>0x0</value>
      </symbol>
      <symbol id="sm-8e9">
         <name>SHT$$INIT_ARRAY$$Base</name>
         <value>0x0</value>
      </symbol>
   </symbol_table>
   <title>Link successful</title>
</link_info>
