******************************************************************************
                  TI ARM Linker Unix v15.12.1                  
******************************************************************************
>> Linked Mon Aug  7 16:14:21 2017

OUTPUT FILE NAME:   <Modbus-CAN-ARM-Cortex-M3-serial.out>
ENTRY POINT SYMBOL: "_c_int00"  address: 002062f5


MEMORY CONFIGURATION

         name            origin    length      used     unused   attr    fill
----------------------  --------  ---------  --------  --------  ----  --------
  CSM_ECSL_Z1           00200000   00000024  00000024  00000000  RWIX
  CSM_RSVD_Z1           00200024   0000000c  0000000c  00000000  RWIX
  RESETISR              00200030   00000008  00000006  00000002  R  X
  INTVECS               00201000   000001b0  000001b0  00000000  R  X
  FLASHLOAD             00201200   00002e00  00000000  00002e00  R  X
  FLASH                 00204000   0007bf00  00002ba8  00079358  R  X
  CSM_RSVD_Z2           0027ff00   000000dc  0000000c  000000d0  RWIX
  CSM_ECSL_Z2           0027ffdc   00000024  00000024  00000000  RWIX
  C0                    20000000   00004000  00001f7e  00002082  RW X
  BOOT_RSVD             20004000   00000900  00000000  00000900  R  X
  C2                    20004900   00001700  00000000  00001700  RW X
  C3                    20006000   00002000  00000000  00002000  RW X
  S0                    20008000   00002000  00000000  00002000  RW X
  S1                    2000a000   00002000  00000000  00002000  RW X
  S2                    2000c000   00002000  00000000  00002000  RW X
  S3                    2000e000   00002000  00000000  00002000  RW X
  S4                    20010000   00002000  00000000  00002000  RW X
  S5                    20012000   00002000  00000000  00002000  RW X
  S6                    20014000   00002000  00000000  00002000  RW X
  S7                    20016000   00002000  00000000  00002000  RW X
  CTOMRAM               2007f000   00000800  00000000  00000800  R  X
  MTOCRAM               2007f800   00000800  00000000  00000800  RW X


SEGMENT ALLOCATION MAP

run origin  load origin   length   init length attrs members
----------  ----------- ---------- ----------- ----- -------
00200000    00200000    00000036   00000036    r-x
  00200000    00200000    00000024   00000024    r-- .z1secvalues
  00200024    00200024    0000000c   0000000c    r-- .z1_csm_rsvd
  00200030    00200030    00000006   00000006    r-x .resetisr
00201000    00201000    000001b0   000001b0    r--
  00201000    00201000    000001b0   000001b0    r-- .intvecs
00204000    00204000    00002bac   00002bac    r-x
  00204000    00204000    00002890   00002890    r-x .text
  00206890    00206890    0000009c   0000009c    r-- .const
  00206930    00206930    0000027c   0000027c    r-- .cinit
0027ff00    0027ff00    0000000c   0000000c    r--
  0027ff00    0027ff00    0000000c   0000000c    r-- .z2_csm_rsvd
0027ffdc    0027ffdc    00000024   00000024    r--
  0027ffdc    0027ffdc    00000024   00000024    r-- .z2secvalues
20000000    20000000    00001d28   00000000    rw-
  20000000    20000000    000015ec   00000000    rw- .bss
  200015ec    200015ec    0000063a   00000000    rw- .data
  20001c28    20001c28    00000100   00000000    rw- .stack
20002000    20002000    00000258   00000000    rw-
  20002000    20002000    00000258   00000000    rw- .vtable


SECTION ALLOCATION MAP

 output                                  attributes/
section   page    origin      length       input sections
--------  ----  ----------  ----------   ----------------
.z1secvalues 
*          0    00200000    00000024     
                  00200000    00000024     dcsm_z1_secvalues.obj (.z1secvalues)

.z1_csm_rsvd 
*          0    00200024    0000000c     
                  00200024    0000000c     dcsm_z1_secvalues.obj (.z1_csm_rsvd)

.resetisr 
*          0    00200030    00000006     
                  00200030    00000006     startup_ccs.obj (.resetisr:ResetISR)

.intvecs   0    00201000    000001b0     
                  00201000    000001b0     startup_ccs.obj (.intvecs)

.text      0    00204000    00002890     
                  00204000    0000018c     sysctl.obj (.text:SysCtlClockPllConfig)
                  0020418c    00000180     maintest_slave.obj (.text:init)
                  0020430c    00000164     Modbus_OSL.obj (.text:Modbus_OSL_Init)
                  00204470    00000148     sysctl.obj (.text:SysCtlClockDividersSet)
                  002045b8    00000118     Modbus_app.obj (.text:Modbus_App_Read_Write_M_Registers)
                  002046d0    000000f0     Modbus_app.obj (.text:Modbus_App_Read_Write_M_Registers_Check)
                  002047c0    000000ec     Modbus_app.obj (.text:Modbus_App_Read_Coils)
                  002048ac    000000ec     Modbus_app.obj (.text:Modbus_App_Read_D_Inputs)
                  00204998    000000d8     Modbus_app.obj (.text:Modbus_App_Write_M_Coils)
                  00204a70    000000d8     Modbus_app.obj (.text:Modbus_App_Write_M_Coils_Check)
                  00204b48    000000d4     sysctl.obj (.text:SysCtlClockGet)
                  00204c1c    000000cc     Modbus_OSL_RTU.obj (.text:Modbus_OSL_RTU_Set_Timeout_15)
                  00204ce8    000000cc     Modbus_OSL_RTU.obj (.text:Modbus_OSL_RTU_Set_Timeout_35)
                  00204db4    000000c4     Modbus_app.obj (.text:Modbus_App_Mask_Write_Register)
                  00204e78    000000c4     Modbus_OSL_RTU.obj (.text:Modbus_OSL_RTU_Init)
                  00204f3c    000000b8     Modbus_app.obj (.text:Modbus_App_Manage_Request)
                  00204ff4    000000b0     Modbus_app.obj (.text:Modbus_App_Check_Request_Data)
                  002050a4    000000ac     interrupt.obj (.text:IntEnable)
                  00205150    000000ac     Modbus_app.obj (.text:Modbus_App_Write_M_Registers)
                  002051fc    000000a6     gpio.obj (.text:GPIOPadConfigSet)
                  002052a2    00000002     startup_ccs.obj (.text:FaultISR)
                  002052a4    000000a4     gpio.obj (.text:GPIOPinConfigure)
                  00205348    0000009c     Modbus_app.obj (.text:Modbus_App_Read_H_Registers)
                  002053e4    0000009c     Modbus_app.obj (.text:Modbus_App_Read_I_Registers)
                  00205480    0000009c     rtsv7M3_T_le_eabi.lib : memcpy_t2.obj (.text)
                  0020551c    00000098     Modbus_app.obj (.text:Modbus_App_Write_M_Registers_Check)
                  002055b4    00000098     Modbus_OSL_RTU.obj (.text:Modbus_OSL_RTU_Check_CRC)
                  0020564c    00000094     Modbus_app.obj (.text:Modbus_Slave_Init)
                  002056e0    00000094     sysctl.obj (.text:SysCtlClockConfigGet)
                  00205774    00000090     Modbus_OSL.obj (.text:Modbus_OSL_Receive_Request)
                  00205804    00000090     sysctl.obj (.text:SysCtlXPllClockDividerSet)
                  00205894    00000084     Modbus_app.obj (.text:Modbus_App_Write_Coil)
                  00205918    00000084     Modbus_OSL.obj (.text:UART0IntHandler)
                  0020599c    0000007c     Modbus_app.obj (.text:Modbus_App_Process_Action)
                  00205a18    0000007a     rtsv7M3_T_le_eabi.lib : memset_t2.obj (.text)
                  00205a92    00000002     startup_ccs.obj (.text:IntDefaultHandler)
                  00205a94    00000078     Modbus_app.obj (.text:Modbus_App_Read_Coils_Check)
                  00205b0c    00000078     Modbus_app.obj (.text:Modbus_App_Read_D_Inputs_Check)
                  00205b84    00000076     uart.obj (.text:UARTConfigSetExpClk)
                  00205bfa    00000002     startup_ccs.obj (.text:NmiSR)
                  00205bfc    00000074     Modbus_app.obj (.text:Modbus_App_Read_H_Registers_Check)
                  00205c70    00000074     Modbus_app.obj (.text:Modbus_App_Read_I_Registers_Check)
                  00205ce4    00000070     Modbus_app.obj (.text:Modbus_App_Write_Coil_Check)
                  00205d54    00000070     Modbus_OSL.obj (.text:Modbus_OSL_Output)
                  00205dc4    00000070     rtsv7M3_T_le_eabi.lib : autoinit.obj (.text)
                  00205e34    0000006c     Modbus_OSL_RTU.obj (.text:Modbus_OSL_RTU_Mount_CRC)
                  00205ea0    0000006a     rtsv7M3_T_le_eabi.lib : copy_decompress_rle.obj (.text)
                  00205f0a    00000002                           : mpu_init.obj (.text)
                  00205f0c    00000068     Modbus_app.obj (.text:Modbus_App_Write_Register)
                  00205f74    00000060     Modbus_app.obj (.text:Modbus_App_Write_Register_Check)
                  00205fd4    0000005c     gpio.obj (.text:GPIODirModeSet)
                  00206030    0000005c     Modbus_OSL_RTU.obj (.text:Modbus_OSL_RTU_Mount_ADU)
                  0020608c    00000058     interrupt.obj (.text:IntRegister)
                  002060e4    00000054     Modbus_OSL.obj (.text:Modbus_OSL_Send)
                  00206138    00000054     rtsv7M3_T_le_eabi.lib : exit.obj (.text)
                  0020618c    0000004c     sysctl.obj (.text:SysCtlClockConfigSet)
                  002061d8    0000004c     rtsv7M3_T_le_eabi.lib : cpy_tbl.obj (.text)
                  00206224    00000048     sysctl.obj (.text:SysCtlPeripheralEnable)
                  0020626c    00000044     Modbus_app.obj (.text:Modbus_App_Mask_Write_Register_Check)
                  002062b0    00000042     Modbus_OSL.obj (.text:Modbus_OSL_RTU_to_App)
                  002062f2    00000002     rtsv7M3_T_le_eabi.lib : startup.obj (.text)
                  002062f4    00000040                           : boot.obj (.text)
                  00206334    00000038     sysctl.obj (.text:SysCtlPeripheralIsEnabled)
                  0020636c    00000038     timer.obj (.text:TimerConfigure)
                  002063a4    00000034     Modbus_OSL_RTU.obj (.text:Modbus_OSL_RTU_15T)
                  002063d8    00000030     uart.obj (.text:UARTDisable)
                  00206408    0000002c     Modbus_OSL.obj (.text:Modbus_OSL_Serial_Comm)
                  00206434    0000002c     Modbus_OSL.obj (.text:UARTSend)
                  00206460    0000002a     timer.obj (.text:TimerLoadSet)
                  0020648a    00000002     --HOLE-- [fill = 0]
                  0020648c    00000028     Modbus_OSL_RTU.obj (.text:Modbus_OSL_RTU_Control_CRC)
                  002064b4    00000024     Modbus_OSL.obj (.text:Modbus_OSL_Processing_Msg)
                  002064d8    00000024     uart.obj (.text:UARTCharPutNonBlocking)
                  002064fc    00000024     uart.obj (.text:UARTEnable)
                  00206520    00000022     gpio.obj (.text:GPIOPinTypeGPIOOutput)
                  00206542    00000022     gpio.obj (.text:GPIOPinTypeUART)
                  00206564    00000020     gpio.obj (.text:GPIOPinWrite)
                  00206584    00000020     Modbus_app.obj (.text:Modbus_App_Receive_Char)
                  002065a4    00000020     Modbus_OSL.obj (.text:pollcounter)
                  002065c4    0000001e     timer.obj (.text:TimerEnable)
                  002065e2    0000001e     uart.obj (.text:UARTCharPut)
                  00206600    0000001e     uart.obj (.text:UARTIntStatus)
                  0020661e    00000002     --HOLE-- [fill = 0]
                  00206620    0000001c     Modbus_OSL_RTU.obj (.text:Modbus_OSL_RTU_Char_Get)
                  0020663c    0000001c     Modbus_OSL_Timers.obj (.text:Timer0IntHandler)
                  00206658    0000001c     uart.obj (.text:UARTCharGetNonBlocking)
                  00206674    00000018     Modbus_app.obj (.text:Modbus_App_L_Msg_Set)
                  0020668c    00000018     Modbus_app.obj (.text:Modbus_App_Send)
                  002066a4    00000018     Modbus_OSL.obj (.text:Modbus_OSL_Frame_Set)
                  002066bc    00000018     Modbus_OSL.obj (.text:Modbus_OSL_MainState_Set)
                  002066d4    00000018     Modbus_OSL.obj (.text:Modbus_OSL_State_Set)
                  002066ec    00000018     timer.obj (.text:TimerIntEnable)
                  00206704    00000018     uart.obj (.text:UARTCharsAvail)
                  0020671c    00000018     uart.obj (.text:UARTIntEnable)
                  00206734    00000018     maintest_slave.obj (.text:main)
                  0020674c    00000018     rtsv7M3_T_le_eabi.lib : args_main.obj (.text)
                  00206764    00000014     Modbus_OSL_Timers.obj (.text:Timer1IntHandler)
                  00206778    00000014     rtsv7M3_T_le_eabi.lib : _lock.obj (.text)
                  0020678c    00000012     timer.obj (.text:TimerIntClear)
                  0020679e    00000012     uart.obj (.text:UARTIntClear)
                  002067b0    00000012     watchdog.obj (.text:WatchdogReloadSet)
                  002067c2    00000012     watchdog.obj (.text:WatchdogRunning)
                  002067d4    00000010     Modbus_OSL_RTU.obj (.text:Modbus_OSL_RTU_L_Msg_Get)
                  002067e4    0000000e     rtsv7M3_T_le_eabi.lib : copy_decompress_none.obj (.text:decompress:none)
                  002067f2    0000000c     cpu.obj (.text:CPUcpsid)
                  002067fe    0000000c     cpu.obj (.text:CPUcpsie)
                  0020680a    00000002     --HOLE-- [fill = 0]
                  0020680c    0000000c     Modbus_OSL.obj (.text:Modbus_OSL_BroadCast_Get)
                  00206818    0000000c     Modbus_OSL.obj (.text:Modbus_OSL_Frame_Get)
                  00206824    0000000c     Modbus_OSL.obj (.text:Modbus_OSL_Get_Baudrate)
                  00206830    0000000c     Modbus_OSL.obj (.text:Modbus_OSL_MainState_Get)
                  0020683c    0000000c     Modbus_OSL_RTU.obj (.text:Modbus_OSL_RTU_Get_Timeout_35)
                  00206848    0000000c     Modbus_OSL.obj (.text:Modbus_OSL_State_Get)
                  00206854    0000000c     Modbus_app.obj (.text:Modbus_Slave_Communication)
                  00206860    0000000a     interrupt.obj (.text:IntMasterDisable)
                  0020686a    0000000a     interrupt.obj (.text:IntMasterEnable)
                  00206874    0000000a     Modbus_OSL.obj (.text:Modbus_Fatal_Error)
                  0020687e    00000002     --HOLE-- [fill = 0]
                  00206880    00000006     sysctl.obj (.text:SysCtlDelay)
                  00206886    00000006     rtsv7M3_T_le_eabi.lib : copy_decompress_rle.obj (.text:decompress:rle24)
                  0020688c    00000004                           : pre_init.obj (.text)

.const     0    00206890    0000009c     
                  00206890    00000088     gpio.obj (.const:g_pulGPIOBaseAddrs)
                  00206918    00000014     sysctl.obj (.const:g_pulRCGCRegs)

.cinit     0    00206930    0000027c     
                  00206930    0000023c     (.cinit..data.load) [load image, compression = rle]
                  00206b6c    00000004     --HOLE-- [fill = 0]
                  00206b70    0000000b     (.cinit..bss.load) [load image, compression = rle]
                  00206b7b    00000005     --HOLE-- [fill = 0]
                  00206b80    0000000b     (.cinit..vtable.load) [load image, compression = rle]
                  00206b8b    00000001     --HOLE-- [fill = 0]
                  00206b8c    00000008     (__TI_handler_table)
                  00206b94    00000018     (__TI_cinit_table)

.z2_csm_rsvd 
*          0    0027ff00    0000000c     
                  0027ff00    0000000c     dcsm_z2_secvalues.obj (.z2_csm_rsvd)

.z2secvalues 
*          0    0027ffdc    00000024     
                  0027ffdc    00000024     dcsm_z2_secvalues.obj (.z2secvalues)

.bss       0    20000000    000015ec     UNINITIALIZED
                  20000000    000007d0     maintest_slave.obj (.bss:coils_data)
                  200007d0    000007d0     maintest_slave.obj (.bss:discrete_inputs_data)
                  20000fa0    00000100     Modbus_app.obj (.bss:Modbus_App_Msg)
                  200010a0    00000100     Modbus_app.obj (.bss:Modbus_App_Response_pdu)
                  200011a0    00000100     Modbus_OSL_RTU.obj (.bss:Modbus_OSL_RTU_Msg1)
                  200012a0    00000100     Modbus_OSL.obj (.bss:Modbus_OSL_Response_ADU)
                  200013a0    000000fc     maintest_slave.obj (.bss:holding_registers_data)
                  2000149c    000000fc     maintest_slave.obj (.bss:input_registers_data)
                  20001598    00000021     Modbus_app.obj (.bss)
                  200015b9    00000003     --HOLE--
                  200015bc    00000014     Modbus_OSL_RTU.obj (.bss)
                  200015d0    00000010     maintest_slave.obj (.bss)
                  200015e0    0000000c     Modbus_OSL.obj (.bss)

ramfuncs   0    20000000    00000000     UNINITIALIZED

.data      0    200015ec    0000063a     UNINITIALIZED
                  200015ec    000003fc     Modbus_OSL.obj (.data:buf$1)
                  200019e8    00000100     Modbus_OSL_RTU.obj (.data:auchCRCHi)
                  20001ae8    00000100     Modbus_OSL_RTU.obj (.data:auchCRCLo)
                  20001be8    0000000c     rtsv7M3_T_le_eabi.lib : exit.obj (.data:$O1$$)
                  20001bf4    0000000c     Modbus_OSL_RTU.obj (.data:Timeout_15)
                  20001c00    0000000c     Modbus_OSL_RTU.obj (.data:Timeout_35)
                  20001c0c    00000008     rtsv7M3_T_le_eabi.lib : _lock.obj (.data:$O1$$)
                  20001c14    00000008     maintest_slave.obj (.data)
                  20001c1c    00000004     Modbus_OSL_Timers.obj (.data)
                  20001c20    00000004     rtsv7M3_T_le_eabi.lib : stkdepth_vars.obj (.data)
                  20001c24    00000002     Modbus_OSL.obj (.data)

.vtable    0    20002000    00000258     UNINITIALIZED
                  20002000    00000258     interrupt.obj (.vtable)

.stack     0    20001c28    00000100     UNINITIALIZED
                  20001c28    00000100     --HOLE--

GETBUFFER 
*          0    2007f000    00000000     DSECT

GETWRITEIDX 
*          0    2007f000    00000000     DSECT

PUTREADIDX 
*          0    2007f000    00000000     DSECT

MODULE SUMMARY

       Module                     code    ro data   rw data
       ------                     ----    -------   -------
    ./Application/source/
       maintest_slave.obj         408     0         4528   
       Modbus_app.obj             3964    0         545    
       Modbus_OSL.obj             1192    0         1290   
       Modbus_OSL_RTU.obj         1104    0         812    
       Modbus_OSL_Timers.obj      48      0         4      
    +--+--------------------------+-------+---------+---------+
       Total:                     6716    0         7179   
                                                           
    ./F28M35H52C_System/driverlib/
       sysctl.obj                 1438    20        0      
       interrupt.obj              280     0         600    
       gpio.obj                   522     136       0      
       uart.obj                   392     0         0      
       timer.obj                  170     0         0      
       dcsm_z1_secvalues.obj      0       48        0      
       dcsm_z2_secvalues.obj      0       48        0      
       watchdog.obj               36      0         0      
       cpu.obj                    24      0         0      
    +--+--------------------------+-------+---------+---------+
       Total:                     2862    252       600    
                                                           
    ./F28M35H52C_System/utils/
       startup_ccs.obj            12      432       0      
    +--+--------------------------+-------+---------+---------+
       Total:                     12      432       0      
                                                           
    /home/preetham/ti/ccsv6/tools/compiler/ti-cgt-arm_15.12.1.LTS/lib/rtsv7M3_T_le_eabi.lib
       memcpy_t2.obj              156     0         0      
       memset_t2.obj              122     0         0      
       autoinit.obj               112     0         0      
       copy_decompress_rle.obj    112     0         0      
       exit.obj                   84      0         12     
       cpy_tbl.obj                76      0         0      
       boot.obj                   64      0         0      
       _lock.obj                  20      0         8      
       args_main.obj              24      0         0      
       copy_decompress_none.obj   14      0         0      
       pre_init.obj               4       0         0      
       stkdepth_vars.obj          0       0         4      
       mpu_init.obj               2       0         0      
       startup.obj                2       0         0      
    +--+--------------------------+-------+---------+---------+
       Total:                     792     0         24     
                                                           
       Stack:                     0       0         256    
       Linker Generated:          0       626       0      
    +--+--------------------------+-------+---------+---------+
       Grand Total:               10382   1310      8059   


LINKER GENERATED COPY TABLES

__TI_cinit_table @ 00206b94 records: 3, size/record: 8, table size: 24
	.data: load addr=00206930, load size=0000023c bytes, run addr=200015ec, run size=0000063a bytes, compression=rle
	.bss: load addr=00206b70, load size=0000000b bytes, run addr=20000000, run size=000015ec bytes, compression=rle
	.vtable: load addr=00206b80, load size=0000000b bytes, run addr=20002000, run size=00000258 bytes, compression=rle


LINKER GENERATED HANDLER TABLE

__TI_handler_table @ 00206b8c records: 2, size/record: 4, table size: 8
	index: 0, handler: __TI_decompress_rle24
	index: 1, handler: __TI_decompress_none


GLOBAL SYMBOLS: SORTED ALPHABETICALLY BY Name 

address   name                           
-------   ----                           
00206139  C$$EXIT                        
002067f3  CPUcpsid                       
002067ff  CPUcpsie                       
00205fd5  GPIODirModeSet                 
002051fd  GPIOPadConfigSet               
002052a5  GPIOPinConfigure               
00206521  GPIOPinTypeGPIOOutput          
00206543  GPIOPinTypeUART                
00206565  GPIOPinWrite                   
002050a5  IntEnable                      
00206861  IntMasterDisable               
0020686b  IntMasterEnable                
0020608d  IntRegister                    
00206675  Modbus_App_L_Msg_Set           
00204f3d  Modbus_App_Manage_Request      
00206585  Modbus_App_Receive_Char        
0020668d  Modbus_App_Send                
00206875  Modbus_Fatal_Error             
0020680d  Modbus_OSL_BroadCast_Get       
00206819  Modbus_OSL_Frame_Get           
002066a5  Modbus_OSL_Frame_Set           
00206825  Modbus_OSL_Get_Baudrate        
0020430d  Modbus_OSL_Init                
00206831  Modbus_OSL_MainState_Get       
002066bd  Modbus_OSL_MainState_Set       
00205d55  Modbus_OSL_Output              
002063a5  Modbus_OSL_RTU_15T             
00206621  Modbus_OSL_RTU_Char_Get        
0020648d  Modbus_OSL_RTU_Control_CRC     
0020683d  Modbus_OSL_RTU_Get_Timeout_35  
00204e79  Modbus_OSL_RTU_Init            
002067d5  Modbus_OSL_RTU_L_Msg_Get       
00206031  Modbus_OSL_RTU_Mount_ADU       
00206409  Modbus_OSL_Serial_Comm         
00206849  Modbus_OSL_State_Get           
002066d5  Modbus_OSL_State_Set           
00206855  Modbus_Slave_Communication     
0020564d  Modbus_Slave_Init              
20000000  RamfuncsLoadEnd                
00000000  RamfuncsLoadSize               
20000000  RamfuncsLoadStart              
20000000  RamfuncsRunEnd                 
00000000  RamfuncsRunSize                
20000000  RamfuncsRunStart               
00200031  ResetISR                       
UNDEFED   SHT$$INIT_ARRAY$$Base          
UNDEFED   SHT$$INIT_ARRAY$$Limit         
002056e1  SysCtlClockConfigGet           
0020618d  SysCtlClockConfigSet           
00204471  SysCtlClockDividersSet         
00204b49  SysCtlClockGet                 
00204001  SysCtlClockPllConfig           
00206881  SysCtlDelay                    
00206225  SysCtlPeripheralEnable         
00206335  SysCtlPeripheralIsEnabled      
00205805  SysCtlXPllClockDividerSet      
0020663d  Timer0IntHandler               
00206765  Timer1IntHandler               
0020636d  TimerConfigure                 
002065c5  TimerEnable                    
0020678d  TimerIntClear                  
002066ed  TimerIntEnable                 
00206461  TimerLoadSet                   
00205919  UART0IntHandler                
00206659  UARTCharGetNonBlocking         
002065e3  UARTCharPut                    
002064d9  UARTCharPutNonBlocking         
00206705  UARTCharsAvail                 
00205b85  UARTConfigSetExpClk            
002063d9  UARTDisable                    
002064fd  UARTEnable                     
0020679f  UARTIntClear                   
0020671d  UARTIntEnable                  
00206601  UARTIntStatus                  
00206435  UARTSend                       
002067b1  WatchdogReloadSet              
002067c3  WatchdogRunning                
20001d28  __STACK_END                    
00000100  __STACK_SIZE                   
00206b94  __TI_CINIT_Base                
00206bac  __TI_CINIT_Limit               
00206b8c  __TI_Handler_Table_Base        
00206b94  __TI_Handler_Table_Limit       
00205dc5  __TI_auto_init                 
20001be8  __TI_cleanup_ptr               
002067e5  __TI_decompress_none           
00206887  __TI_decompress_rle24          
20001bec  __TI_dtors_ptr                 
20001bf0  __TI_enable_exit_profile_output
ffffffff  __TI_pprof_out_hndl            
ffffffff  __TI_prof_data_size            
ffffffff  __TI_prof_data_start           
00206930  __TI_static_base__             
00205a19  __aeabi_memclr                 
00205a19  __aeabi_memclr4                
00205a19  __aeabi_memclr8                
00205481  __aeabi_memcpy                 
00205481  __aeabi_memcpy4                
00205481  __aeabi_memcpy8                
00205a1b  __aeabi_memset                 
00205a1b  __aeabi_memset4                
00205a1b  __aeabi_memset8                
ffffffff  __binit__                      
ffffffff  __c_args__                     
00205f0b  __mpu_init                     
20001c28  __stack                        
0020674d  _args_main                     
002062f5  _c_int00                       
20001c0c  _lock                          
00206787  _nop                           
0020677f  _register_lock                 
00206779  _register_unlock               
002062f3  _system_post_cinit             
0020688d  _system_pre_init               
20001c10  _unlock                        
0020613d  abort                          
ffffffff  binit                          
002061d9  copy_in                        
20001c1c  counter                        
00206145  exit                           
20002000  g_pfnRAMVectors                
00201000  g_pfnVectors                   
0020418d  init                           
00206735  main                           
20001c20  main_func_sp                   
00205481  memcpy                         
00205a21  memset                         
002065a5  pollcounter                    
00200024  z1_csm_rsvd                    
00200000  z1secvalues                    
0027ff00  z2_csm_rsvd                    
0027ffdc  z2secvalues                    


GLOBAL SYMBOLS: SORTED BY Symbol Address 

address   name                           
-------   ----                           
00000000  RamfuncsLoadSize               
00000000  RamfuncsRunSize                
00000100  __STACK_SIZE                   
00200000  z1secvalues                    
00200024  z1_csm_rsvd                    
00200031  ResetISR                       
00201000  g_pfnVectors                   
00204001  SysCtlClockPllConfig           
0020418d  init                           
0020430d  Modbus_OSL_Init                
00204471  SysCtlClockDividersSet         
00204b49  SysCtlClockGet                 
00204e79  Modbus_OSL_RTU_Init            
00204f3d  Modbus_App_Manage_Request      
002050a5  IntEnable                      
002051fd  GPIOPadConfigSet               
002052a5  GPIOPinConfigure               
00205481  __aeabi_memcpy                 
00205481  __aeabi_memcpy4                
00205481  __aeabi_memcpy8                
00205481  memcpy                         
0020564d  Modbus_Slave_Init              
002056e1  SysCtlClockConfigGet           
00205805  SysCtlXPllClockDividerSet      
00205919  UART0IntHandler                
00205a19  __aeabi_memclr                 
00205a19  __aeabi_memclr4                
00205a19  __aeabi_memclr8                
00205a1b  __aeabi_memset                 
00205a1b  __aeabi_memset4                
00205a1b  __aeabi_memset8                
00205a21  memset                         
00205b85  UARTConfigSetExpClk            
00205d55  Modbus_OSL_Output              
00205dc5  __TI_auto_init                 
00205f0b  __mpu_init                     
00205fd5  GPIODirModeSet                 
00206031  Modbus_OSL_RTU_Mount_ADU       
0020608d  IntRegister                    
00206139  C$$EXIT                        
0020613d  abort                          
00206145  exit                           
0020618d  SysCtlClockConfigSet           
002061d9  copy_in                        
00206225  SysCtlPeripheralEnable         
002062f3  _system_post_cinit             
002062f5  _c_int00                       
00206335  SysCtlPeripheralIsEnabled      
0020636d  TimerConfigure                 
002063a5  Modbus_OSL_RTU_15T             
002063d9  UARTDisable                    
00206409  Modbus_OSL_Serial_Comm         
00206435  UARTSend                       
00206461  TimerLoadSet                   
0020648d  Modbus_OSL_RTU_Control_CRC     
002064d9  UARTCharPutNonBlocking         
002064fd  UARTEnable                     
00206521  GPIOPinTypeGPIOOutput          
00206543  GPIOPinTypeUART                
00206565  GPIOPinWrite                   
00206585  Modbus_App_Receive_Char        
002065a5  pollcounter                    
002065c5  TimerEnable                    
002065e3  UARTCharPut                    
00206601  UARTIntStatus                  
00206621  Modbus_OSL_RTU_Char_Get        
0020663d  Timer0IntHandler               
00206659  UARTCharGetNonBlocking         
00206675  Modbus_App_L_Msg_Set           
0020668d  Modbus_App_Send                
002066a5  Modbus_OSL_Frame_Set           
002066bd  Modbus_OSL_MainState_Set       
002066d5  Modbus_OSL_State_Set           
002066ed  TimerIntEnable                 
00206705  UARTCharsAvail                 
0020671d  UARTIntEnable                  
00206735  main                           
0020674d  _args_main                     
00206765  Timer1IntHandler               
00206779  _register_unlock               
0020677f  _register_lock                 
00206787  _nop                           
0020678d  TimerIntClear                  
0020679f  UARTIntClear                   
002067b1  WatchdogReloadSet              
002067c3  WatchdogRunning                
002067d5  Modbus_OSL_RTU_L_Msg_Get       
002067e5  __TI_decompress_none           
002067f3  CPUcpsid                       
002067ff  CPUcpsie                       
0020680d  Modbus_OSL_BroadCast_Get       
00206819  Modbus_OSL_Frame_Get           
00206825  Modbus_OSL_Get_Baudrate        
00206831  Modbus_OSL_MainState_Get       
0020683d  Modbus_OSL_RTU_Get_Timeout_35  
00206849  Modbus_OSL_State_Get           
00206855  Modbus_Slave_Communication     
00206861  IntMasterDisable               
0020686b  IntMasterEnable                
00206875  Modbus_Fatal_Error             
00206881  SysCtlDelay                    
00206887  __TI_decompress_rle24          
0020688d  _system_pre_init               
00206930  __TI_static_base__             
00206b8c  __TI_Handler_Table_Base        
00206b94  __TI_CINIT_Base                
00206b94  __TI_Handler_Table_Limit       
00206bac  __TI_CINIT_Limit               
0027ff00  z2_csm_rsvd                    
0027ffdc  z2secvalues                    
20000000  RamfuncsLoadEnd                
20000000  RamfuncsLoadStart              
20000000  RamfuncsRunEnd                 
20000000  RamfuncsRunStart               
20001be8  __TI_cleanup_ptr               
20001bec  __TI_dtors_ptr                 
20001bf0  __TI_enable_exit_profile_output
20001c0c  _lock                          
20001c10  _unlock                        
20001c1c  counter                        
20001c20  main_func_sp                   
20001c28  __stack                        
20001d28  __STACK_END                    
20002000  g_pfnRAMVectors                
ffffffff  __TI_pprof_out_hndl            
ffffffff  __TI_prof_data_size            
ffffffff  __TI_prof_data_start           
ffffffff  __binit__                      
ffffffff  __c_args__                     
ffffffff  binit                          
UNDEFED   SHT$$INIT_ARRAY$$Base          
UNDEFED   SHT$$INIT_ARRAY$$Limit         

[132 symbols]
